Archive member included to satisfy reference by file (symbol)

/usr/lib/gcc/arm-none-eabi/9.2.1/../../../arm-none-eabi/lib/thumb/v6-m/nofp/libstdc++.a(class_type_info.o)
                              CMakeFiles/PicoMQTT.dir/MQTTInterface.cpp.obj (vtable for __cxxabiv1::__class_type_info)
/usr/lib/gcc/arm-none-eabi/9.2.1/../../../arm-none-eabi/lib/thumb/v6-m/nofp/libstdc++.a(del_ops.o)
                              CMakeFiles/PicoMQTT.dir/MQTTAgent.cpp.obj (operator delete(void*, unsigned int))
/usr/lib/gcc/arm-none-eabi/9.2.1/../../../arm-none-eabi/lib/thumb/v6-m/nofp/libstdc++.a(eh_arm.o)
                              CMakeFiles/PicoMQTT.dir/MQTTRouterPing.cpp.obj (__cxa_end_cleanup)
/usr/lib/gcc/arm-none-eabi/9.2.1/../../../arm-none-eabi/lib/thumb/v6-m/nofp/libstdc++.a(eh_exception.o)
                              /usr/lib/gcc/arm-none-eabi/9.2.1/../../../arm-none-eabi/lib/thumb/v6-m/nofp/libstdc++.a(eh_arm.o) (typeinfo for __cxxabiv1::__forced_unwind)
/usr/lib/gcc/arm-none-eabi/9.2.1/../../../arm-none-eabi/lib/thumb/v6-m/nofp/libstdc++.a(eh_globals.o)
                              /usr/lib/gcc/arm-none-eabi/9.2.1/../../../arm-none-eabi/lib/thumb/v6-m/nofp/libstdc++.a(eh_arm.o) (__cxa_get_globals)
/usr/lib/gcc/arm-none-eabi/9.2.1/../../../arm-none-eabi/lib/thumb/v6-m/nofp/libstdc++.a(eh_personality.o)
                              CMakeFiles/PicoMQTT.dir/MQTTRouterPing.cpp.obj (__gxx_personality_v0)
/usr/lib/gcc/arm-none-eabi/9.2.1/../../../arm-none-eabi/lib/thumb/v6-m/nofp/libstdc++.a(eh_terminate.o)
                              /usr/lib/gcc/arm-none-eabi/9.2.1/../../../arm-none-eabi/lib/thumb/v6-m/nofp/libstdc++.a(eh_arm.o) (std::terminate())
/usr/lib/gcc/arm-none-eabi/9.2.1/../../../arm-none-eabi/lib/thumb/v6-m/nofp/libstdc++.a(eh_unex_handler.o)
                              /usr/lib/gcc/arm-none-eabi/9.2.1/../../../arm-none-eabi/lib/thumb/v6-m/nofp/libstdc++.a(eh_terminate.o) (__cxxabiv1::__unexpected_handler)
/usr/lib/gcc/arm-none-eabi/9.2.1/../../../arm-none-eabi/lib/thumb/v6-m/nofp/libstdc++.a(pure.o)
                              CMakeFiles/PicoMQTT.dir/MQTTInterface.cpp.obj (__cxa_pure_virtual)
/usr/lib/gcc/arm-none-eabi/9.2.1/../../../arm-none-eabi/lib/thumb/v6-m/nofp/libstdc++.a(si_class_type_info.o)
                              CMakeFiles/PicoMQTT.dir/MQTTAgent.cpp.obj (vtable for __cxxabiv1::__si_class_type_info)
/usr/lib/gcc/arm-none-eabi/9.2.1/../../../arm-none-eabi/lib/thumb/v6-m/nofp/libstdc++.a(tinfo.o)
                              /usr/lib/gcc/arm-none-eabi/9.2.1/../../../arm-none-eabi/lib/thumb/v6-m/nofp/libstdc++.a(class_type_info.o) (std::type_info::~type_info())
/usr/lib/gcc/arm-none-eabi/9.2.1/../../../arm-none-eabi/lib/thumb/v6-m/nofp/libstdc++.a(del_op.o)
                              /usr/lib/gcc/arm-none-eabi/9.2.1/../../../arm-none-eabi/lib/thumb/v6-m/nofp/libstdc++.a(del_ops.o) (operator delete(void*))
/usr/lib/gcc/arm-none-eabi/9.2.1/../../../arm-none-eabi/lib/thumb/v6-m/nofp/libstdc++.a(eh_call.o)
                              /usr/lib/gcc/arm-none-eabi/9.2.1/../../../arm-none-eabi/lib/thumb/v6-m/nofp/libstdc++.a(eh_personality.o) (__cxa_call_terminate)
/usr/lib/gcc/arm-none-eabi/9.2.1/../../../arm-none-eabi/lib/thumb/v6-m/nofp/libstdc++.a(eh_catch.o)
                              /usr/lib/gcc/arm-none-eabi/9.2.1/../../../arm-none-eabi/lib/thumb/v6-m/nofp/libstdc++.a(eh_personality.o) (__cxa_begin_catch)
/usr/lib/gcc/arm-none-eabi/9.2.1/../../../arm-none-eabi/lib/thumb/v6-m/nofp/libstdc++.a(eh_term_handler.o)
                              /usr/lib/gcc/arm-none-eabi/9.2.1/../../../arm-none-eabi/lib/thumb/v6-m/nofp/libstdc++.a(eh_terminate.o) (__cxxabiv1::__terminate_handler)
/usr/lib/gcc/arm-none-eabi/9.2.1/../../../arm-none-eabi/lib/thumb/v6-m/nofp/libstdc++.a(eh_throw.o)
                              /usr/lib/gcc/arm-none-eabi/9.2.1/../../../arm-none-eabi/lib/thumb/v6-m/nofp/libstdc++.a(eh_call.o) (__cxa_throw)
/usr/lib/gcc/arm-none-eabi/9.2.1/../../../arm-none-eabi/lib/thumb/v6-m/nofp/libstdc++.a(eh_alloc.o)
                              /usr/lib/gcc/arm-none-eabi/9.2.1/../../../arm-none-eabi/lib/thumb/v6-m/nofp/libstdc++.a(eh_call.o) (__cxa_allocate_exception)
/usr/lib/gcc/arm-none-eabi/9.2.1/thumb/v6-m/nofp/libgcc.a(_dvmd_tls.o)
                              CMakeFiles/PicoMQTT.dir/home/piadmin/pico/pico-sdk/src/rp2_common/pico_divider/divider.S.obj (__aeabi_idiv0)
/usr/lib/gcc/arm-none-eabi/9.2.1/thumb/v6-m/nofp/libgcc.a(unwind-arm.o)
                              CMakeFiles/PicoMQTT.dir/MQTTDebug.cpp.obj (__aeabi_unwind_cpp_pr1)
/usr/lib/gcc/arm-none-eabi/9.2.1/thumb/v6-m/nofp/libgcc.a(libunwind.o)
                              /usr/lib/gcc/arm-none-eabi/9.2.1/thumb/v6-m/nofp/libgcc.a(unwind-arm.o) (restore_core_regs)
/usr/lib/gcc/arm-none-eabi/9.2.1/thumb/v6-m/nofp/libgcc.a(pr-support.o)
                              /usr/lib/gcc/arm-none-eabi/9.2.1/thumb/v6-m/nofp/libgcc.a(unwind-arm.o) (__gnu_unwind_execute)
[...]
Memory Configuration

Name             Origin             Length             Attributes
FLASH            0x0000000010000000 0x0000000000200000 xr
RAM              0x0000000020000000 0x0000000000040000 xrw
SCRATCH_X        0x0000000020040000 0x0000000000001000 xrw
SCRATCH_Y        0x0000000020041000 0x0000000000001000 xrw
*default*        0x0000000000000000 0xffffffffffffffff

Linker script and memory map

LOAD /usr/lib/gcc/arm-none-eabi/9.2.1/thumb/v6-m/nofp/crti.o
LOAD /usr/lib/gcc/arm-none-eabi/9.2.1/thumb/v6-m/nofp/crtbegin.o
LOAD /usr/lib/gcc/arm-none-eabi/9.2.1/../../../arm-none-eabi/lib/thumb/v6-m/nofp/crt0.o

.flash_begin    0x0000000010000000        0x0
                0x0000000010000000                __flash_binary_start = .

.boot2          0x0000000010000000      0x100
                0x0000000010000000                __boot2_start__ = .
 *(.boot2)
 .boot2         0x0000000010000000      0x100 /tmp/ccMjmc75.o
                0x0000000010000100                __boot2_end__ = .
                0x0000000000000001                ASSERT (((__boot2_end__ - __boot2_start__) == 0x100), ERROR: Pico second stage bootloader must be 256 bytes in size)

.text           0x0000000010000100    0x111f0
                0x0000000010000100                __logical_binary_start = .
 *(.vectors)
 .vectors       0x0000000010000100       0xd4 CMakeFiles/PicoMQTT.dir/home/piadmin/pico/pico-sdk/src/rp2_common/pico_standard_link/crt0.S.obj
                0x0000000010000100                __vectors
                0x0000000010000100                __VECTOR_TABLE
                0x00000000100001c0                isr_invalid
                0x00000000100001c0                __default_isrs_start
                0x00000000100001c2                isr_nmi
                0x00000000100001c4                isr_hardfault
                0x00000000100001cc                isr_irq30
                0x00000000100001cc                __unhandled_user_irq
                0x00000000100001cc                isr_irq13
                0x00000000100001cc                isr_irq27
                0x00000000100001cc                isr_irq31
                0x00000000100001cc                isr_irq5
                0x00000000100001cc                isr_irq11
                0x00000000100001cc                isr_irq23
                0x00000000100001cc                isr_irq18
                0x00000000100001cc                isr_irq28
                0x00000000100001cc                isr_irq19
                0x00000000100001cc                isr_irq0
                0x00000000100001cc                isr_irq6
                0x00000000100001cc                isr_irq22
                0x00000000100001cc                isr_irq17
                0x00000000100001cc                isr_irq14
                0x00000000100001cc                isr_irq2
                0x00000000100001cc                isr_irq10
                0x00000000100001cc                isr_irq8
                0x00000000100001cc                isr_irq24
                0x00000000100001cc                isr_irq1
                0x00000000100001cc                isr_irq7
                0x00000000100001cc                isr_irq21
                0x00000000100001cc                isr_irq20
                0x00000000100001cc                isr_irq15
                0x00000000100001cc                isr_irq25
                0x00000000100001cc                isr_irq4
                0x00000000100001cc                isr_irq16
                0x00000000100001cc                isr_irq29
                0x00000000100001cc                isr_irq26
                0x00000000100001cc                __default_isrs_end
                0x00000000100001cc                isr_irq3
                0x00000000100001cc                isr_irq12
                0x00000000100001cc                isr_irq9
                0x00000000100001d2                unhandled_user_irq_num_in_r0
 *(.binary_info_header)
 .binary_info_header
                0x00000000100001d4       0x14 CMakeFiles/PicoMQTT.dir/home/piadmin/pico/pico-sdk/src/rp2_common/pico_standard_link/crt0.S.obj
                0x00000000100001e8                __binary_info_header_end = .
 *(.reset)
 .reset         0x00000000100001e8       0xa8 CMakeFiles/PicoMQTT.dir/home/piadmin/pico/pico-sdk/src/rp2_common/pico_standard_link/crt0.S.obj
                0x00000000100001e8                _entry_point
                0x0000000010000266                __get_current_exception
 .reset         0x0000000010000290       0x30 CMakeFiles/PicoMQTT.dir/home/piadmin/pico/pico-sdk/src/rp2_common/pico_standard_link/binary_info.c.obj
 *(.init)
 .init          0x00000000100002c0        0x4 /usr/lib/gcc/arm-none-eabi/9.2.1/thumb/v6-m/nofp/crti.o
                0x00000000100002c0                _init
 *(EXCLUDE_FILE(*libm.a: *libc.a:*lib_a-mem*.o *libgcc.a:) .text*)
 .text          0x00000000100002c4       0x98 /usr/lib/gcc/arm-none-eabi/9.2.1/thumb/v6-m/nofp/crtbegin.o
 .text._Z19lwesp_callback_funcP9lwesp_evt
                0x000000001000035c       0x10 CMakeFiles/PicoMQTT.dir/main.cpp.obj
                0x000000001000035c                lwesp_callback_func(lwesp_evt*)
 .text._Z6ip2strPcP10lwesp_ip_t
                0x000000001000036c       0x20 CMakeFiles/PicoMQTT.dir/main.cpp.obj
                0x000000001000036c                ip2str(char*, lwesp_ip_t*)
 .text.main     0x000000001000038c       0x44 CMakeFiles/PicoMQTT.dir/main.cpp.obj
                0x000000001000038c                main
 .text._Z9startMQTTv
                0x00000000100003d0       0x5c CMakeFiles/PicoMQTT.dir/main.cpp.obj
                0x00000000100003d0                startMQTT()
 .text._Z11init_threadPv
                0x000000001000042c      0x104 CMakeFiles/PicoMQTT.dir/main.cpp.obj
                0x000000001000042c                init_thread(void*)
 .text._Z41__static_initialization_and_destruction_0ii
                0x0000000010000530       0x4c CMakeFiles/PicoMQTT.dir/main.cpp.obj
 .text._GLOBAL__sub_I_mqttRouter
                0x000000001000057c       0x10 CMakeFiles/PicoMQTT.dir/main.cpp.obj
 .text._Z3dbgPKcz
                0x000000001000058c       0x18 CMakeFiles/PicoMQTT.dir/MQTTDebug.cpp.obj
                0x000000001000058c                dbg(char const*, ...)
 .text._ZN9MQTTAgent5getIdEv
                0x00000000100005a4        0x4 CMakeFiles/PicoMQTT.dir/MQTTAgent.cpp.obj
                0x00000000100005a4                MQTTAgent::getId()
 .text._ZN9MQTTAgent5closeEv
                0x00000000100005a8        0x2 CMakeFiles/PicoMQTT.dir/MQTTAgent.cpp.obj
                0x00000000100005a8                MQTTAgent::close()
 .text._ZN9MQTTAgent5routeEPKcjPKvj
                0x00000000100005aa       0x1c CMakeFiles/PicoMQTT.dir/MQTTAgent.cpp.obj
                0x00000000100005aa                MQTTAgent::route(char const*, unsigned int, void const*, unsigned int)
 *fill*         0x00000000100005c6        0x2 
 .text._ZN9MQTTAgentD2Ev
                0x00000000100005c8       0x18 CMakeFiles/PicoMQTT.dir/MQTTAgent.cpp.obj
                0x00000000100005c8                MQTTAgent::~MQTTAgent()
                0x00000000100005c8                MQTTAgent::~MQTTAgent()
 .text._ZN9MQTTAgentD0Ev
                0x00000000100005e0       0x14 CMakeFiles/PicoMQTT.dir/MQTTAgent.cpp.obj
                0x00000000100005e0                MQTTAgent::~MQTTAgent()
 .text._ZN9MQTTAgent10pubToTopicEPKcPKvj
                0x00000000100005f4       0x38 CMakeFiles/PicoMQTT.dir/MQTTAgent.cpp.obj
                0x00000000100005f4                MQTTAgent::pubToTopic(char const*, void const*, unsigned int)
 .text._ZN9MQTTAgent10subToTopicEPKch
                0x000000001000062c       0x30 CMakeFiles/PicoMQTT.dir/MQTTAgent.cpp.obj
                0x000000001000062c                MQTTAgent::subToTopic(char const*, unsigned char)
 .text._ZN9MQTTAgentC2Ejj
                0x000000001000065c       0x34 CMakeFiles/PicoMQTT.dir/MQTTAgent.cpp.obj
                0x000000001000065c                MQTTAgent::MQTTAgent(unsigned int, unsigned int)
                0x000000001000065c                MQTTAgent::MQTTAgent(unsigned int, unsigned int)
 .text._ZN9MQTTAgent4initEv
                0x0000000010000690       0x30 CMakeFiles/PicoMQTT.dir/MQTTAgent.cpp.obj
                0x0000000010000690                MQTTAgent::init()
 .text._ZN9MQTTAgent11credentialsEPKcS1_S1_
                0x00000000100006c0       0x24 CMakeFiles/PicoMQTT.dir/MQTTAgent.cpp.obj
                0x00000000100006c0                MQTTAgent::credentials(char const*, char const*, char const*)
 .text._ZN9MQTTAgent7connectEPctb
                0x00000000100006e4        0xe CMakeFiles/PicoMQTT.dir/MQTTAgent.cpp.obj
                0x00000000100006e4                MQTTAgent::connect(char*, unsigned short, bool)
 *fill*         0x00000000100006f2        0x2 
 .text._ZN9MQTTAgent5startEm
                0x00000000100006f4       0x34 CMakeFiles/PicoMQTT.dir/MQTTAgent.cpp.obj
                0x00000000100006f4                MQTTAgent::start(unsigned long)
 .text._ZN9MQTTAgent9setRouterEP10MQTTRouter
                0x0000000010000728        0x4 CMakeFiles/PicoMQTT.dir/MQTTAgent.cpp.obj
                0x0000000010000728                MQTTAgent::setRouter(MQTTRouter*)
 .text._ZN9MQTTAgent8mqttConnEv
                0x000000001000072c       0x78 CMakeFiles/PicoMQTT.dir/MQTTAgent.cpp.obj
                0x000000001000072c                MQTTAgent::mqttConn()
 .text._ZN9MQTTAgent7mqttSubEv
                0x00000000100007a4       0x18 CMakeFiles/PicoMQTT.dir/MQTTAgent.cpp.obj
                0x00000000100007a4                MQTTAgent::mqttSub()
 .text._ZN9MQTTAgent7mqttRecEv
                0x00000000100007bc       0xac CMakeFiles/PicoMQTT.dir/MQTTAgent.cpp.obj
                0x00000000100007bc                MQTTAgent::mqttRec()
 .text._ZN9MQTTAgent3runEv
                0x0000000010000868       0x60 CMakeFiles/PicoMQTT.dir/MQTTAgent.cpp.obj
                0x0000000010000868                MQTTAgent::run()
 .text._ZN9MQTTAgent5vTaskEPv
                0x00000000100008c8       0x14 CMakeFiles/PicoMQTT.dir/MQTTAgent.cpp.obj
                0x00000000100008c8                MQTTAgent::vTask(void*)
 .text._ZN13MQTTInterfaceC2Ev
                0x00000000100008dc        0xc CMakeFiles/PicoMQTT.dir/MQTTInterface.cpp.obj
                0x00000000100008dc                MQTTInterface::MQTTInterface()
                0x00000000100008dc                MQTTInterface::MQTTInterface()
 .text._ZN13MQTTInterfaceD2Ev
                0x00000000100008e8        0x2 CMakeFiles/PicoMQTT.dir/MQTTInterface.cpp.obj
                0x00000000100008e8                MQTTInterface::~MQTTInterface()
                0x00000000100008e8                MQTTInterface::~MQTTInterface()
 *fill*         0x00000000100008ea        0x2 
 .text._ZN10MQTTRouterC2Ev
                0x00000000100008ec        0xc CMakeFiles/PicoMQTT.dir/MQTTRouter.cpp.obj
                0x00000000100008ec                MQTTRouter::MQTTRouter()
                0x00000000100008ec                MQTTRouter::MQTTRouter()
 .text._ZN10MQTTRouterD2Ev
                0x00000000100008f8        0x2 CMakeFiles/PicoMQTT.dir/MQTTRouter.cpp.obj
                0x00000000100008f8                MQTTRouter::~MQTTRouter()
                0x00000000100008f8                MQTTRouter::~MQTTRouter()
 .text._ZN14MQTTRouterPing19getSubscriptionListEv
                0x00000000100008fa        0x4 CMakeFiles/PicoMQTT.dir/MQTTRouterPing.cpp.obj
                0x00000000100008fa                MQTTRouterPing::getSubscriptionList()
 .text._ZN14MQTTRouterPing20getSubscriptionCountEv
                0x00000000100008fe        0x4 CMakeFiles/PicoMQTT.dir/MQTTRouterPing.cpp.obj
                0x00000000100008fe                MQTTRouterPing::getSubscriptionCount()
 .text._ZN14MQTTRouterPing9subscribeEP13MQTTInterface
                0x0000000010000902       0x14 CMakeFiles/PicoMQTT.dir/MQTTRouterPing.cpp.obj
                0x0000000010000902                MQTTRouterPing::subscribe(MQTTInterface*)
 *fill*         0x0000000010000916        0x2 
 .text._ZN14MQTTRouterPing4initEPKcP13MQTTInterface
                0x0000000010000918       0x58 CMakeFiles/PicoMQTT.dir/MQTTRouterPing.cpp.obj
                0x0000000010000918                MQTTRouterPing::init(char const*, MQTTInterface*)
 .text._ZN14MQTTRouterPing5routeEPKcjPKvjP13MQTTInterface
                0x0000000010000970       0x5c CMakeFiles/PicoMQTT.dir/MQTTRouterPing.cpp.obj
                0x0000000010000970                MQTTRouterPing::route(char const*, unsigned int, void const*, unsigned int, MQTTInterface*)
 .text._ZN14MQTTRouterPingC2Ev
                0x00000000100009cc       0x2c CMakeFiles/PicoMQTT.dir/MQTTRouterPing.cpp.obj
                0x00000000100009cc                MQTTRouterPing::MQTTRouterPing()
                0x00000000100009cc                MQTTRouterPing::MQTTRouterPing()
 .text._ZN14MQTTRouterPingD2Ev
                0x00000000100009f8       0x20 CMakeFiles/PicoMQTT.dir/MQTTRouterPing.cpp.obj
                0x00000000100009f8                MQTTRouterPing::~MQTTRouterPing()
                0x00000000100009f8                MQTTRouterPing::~MQTTRouterPing()
 .text._ZN14MQTTRouterPingD0Ev
                0x0000000010000a18       0x14 CMakeFiles/PicoMQTT.dir/MQTTRouterPing.cpp.obj
                0x0000000010000a18                MQTTRouterPing::~MQTTRouterPing()
 .text._ZN12MQTTPingTaskD2Ev
                0x0000000010000a2c        0x2 CMakeFiles/PicoMQTT.dir/MQTTPingTask.cpp.obj
                0x0000000010000a2c                MQTTPingTask::~MQTTPingTask()
                0x0000000010000a2c                MQTTPingTask::~MQTTPingTask()
 .text._ZN12MQTTPingTaskD0Ev
                0x0000000010000a2e        0xe CMakeFiles/PicoMQTT.dir/MQTTPingTask.cpp.obj
                0x0000000010000a2e                MQTTPingTask::~MQTTPingTask()
 .text._ZN12MQTTPingTaskC2Ev
                0x0000000010000a3c       0x18 CMakeFiles/PicoMQTT.dir/MQTTPingTask.cpp.obj
                0x0000000010000a3c                MQTTPingTask::MQTTPingTask()
                0x0000000010000a3c                MQTTPingTask::MQTTPingTask()
 .text._ZN12MQTTPingTask12setInterfaceEP13MQTTInterface
                0x0000000010000a54        0x4 CMakeFiles/PicoMQTT.dir/MQTTPingTask.cpp.obj
                0x0000000010000a54                MQTTPingTask::setInterface(MQTTInterface*)
 .text._ZN12MQTTPingTask12setPongTopicEPc
                0x0000000010000a58        0x4 CMakeFiles/PicoMQTT.dir/MQTTPingTask.cpp.obj
                0x0000000010000a58                MQTTPingTask::setPongTopic(char*)
 .text._ZN12MQTTPingTask5startEm
                0x0000000010000a5c       0x48 CMakeFiles/PicoMQTT.dir/MQTTPingTask.cpp.obj
                0x0000000010000a5c                MQTTPingTask::start(unsigned long)
 .text._ZN12MQTTPingTask7addPingEPKvj
                0x0000000010000aa4       0x24 CMakeFiles/PicoMQTT.dir/MQTTPingTask.cpp.obj
                0x0000000010000aa4                MQTTPingTask::addPing(void const*, unsigned int)
 .text._ZN12MQTTPingTask3runEv
                0x0000000010000ac8       0x50 CMakeFiles/PicoMQTT.dir/MQTTPingTask.cpp.obj
                0x0000000010000ac8                MQTTPingTask::run()
 .text._ZN12MQTTPingTask5vTaskEPv
                0x0000000010000b18        0x6 CMakeFiles/PicoMQTT.dir/MQTTPingTask.cpp.obj
                0x0000000010000b18                MQTTPingTask::vTask(void*)
 *fill*         0x0000000010000b1e        0x2 
 .text.vApplicationGetIdleTaskMemory
                0x0000000010000b20       0x18 CMakeFiles/PicoMQTT.dir/port/FreeRTOS/IdleMemory.c.obj
                0x0000000010000b20                vApplicationGetIdleTaskMemory
 .text.vApplicationGetTimerTaskMemory
                0x0000000010000b38       0x18 CMakeFiles/PicoMQTT.dir/port/FreeRTOS/IdleMemory.c.obj
                0x0000000010000b38                vApplicationGetTimerTaskMemory
 .text.lwesp_sys_init
                0x0000000010000b50       0x18 CMakeFiles/PicoMQTT.dir/port/lwesp/lwesp_sys_freertos.c.obj
                0x0000000010000b50                lwesp_sys_init
 .text.lwesp_sys_now
                0x0000000010000b68        0x8 CMakeFiles/PicoMQTT.dir/port/lwesp/lwesp_sys_freertos.c.obj
                0x0000000010000b68                lwesp_sys_now
 .text.lwesp_sys_mutex_create
                0x0000000010000b70       0x14 CMakeFiles/PicoMQTT.dir/port/lwesp/lwesp_sys_freertos.c.obj
                0x0000000010000b70                lwesp_sys_mutex_create
 .text.lwesp_sys_mutex_delete
                0x0000000010000b84        0xc CMakeFiles/PicoMQTT.dir/port/lwesp/lwesp_sys_freertos.c.obj
                0x0000000010000b84                lwesp_sys_mutex_delete
 .text.lwesp_sys_mutex_lock
                0x0000000010000b90       0x16 CMakeFiles/PicoMQTT.dir/port/lwesp/lwesp_sys_freertos.c.obj
                0x0000000010000b90                lwesp_sys_mutex_lock
 *fill*         0x0000000010000ba6        0x2 
 .text.lwesp_sys_protect
                0x0000000010000ba8       0x10 CMakeFiles/PicoMQTT.dir/port/lwesp/lwesp_sys_freertos.c.obj
                0x0000000010000ba8                lwesp_sys_protect
 .text.lwesp_sys_mutex_unlock
                0x0000000010000bb8       0x12 CMakeFiles/PicoMQTT.dir/port/lwesp/lwesp_sys_freertos.c.obj
                0x0000000010000bb8                lwesp_sys_mutex_unlock
 *fill*         0x0000000010000bca        0x2 
 .text.lwesp_sys_unprotect
                0x0000000010000bcc       0x10 CMakeFiles/PicoMQTT.dir/port/lwesp/lwesp_sys_freertos.c.obj
                0x0000000010000bcc                lwesp_sys_unprotect
 .text.lwesp_sys_mutex_isvalid
                0x0000000010000bdc       0x18 CMakeFiles/PicoMQTT.dir/port/lwesp/lwesp_sys_freertos.c.obj
                0x0000000010000bdc                lwesp_sys_mutex_isvalid
 .text.lwesp_sys_mutex_invalid
                0x0000000010000bf4        0x8 CMakeFiles/PicoMQTT.dir/port/lwesp/lwesp_sys_freertos.c.obj
                0x0000000010000bf4                lwesp_sys_mutex_invalid
 .text.lwesp_sys_sem_create
                0x0000000010000bfc       0x30 CMakeFiles/PicoMQTT.dir/port/lwesp/lwesp_sys_freertos.c.obj
                0x0000000010000bfc                lwesp_sys_sem_create
 .text.lwesp_sys_sem_delete
                0x0000000010000c2c        0xc CMakeFiles/PicoMQTT.dir/port/lwesp/lwesp_sys_freertos.c.obj
                0x0000000010000c2c                lwesp_sys_sem_delete
 .text.lwesp_sys_sem_wait
                0x0000000010000c38       0x44 CMakeFiles/PicoMQTT.dir/port/lwesp/lwesp_sys_freertos.c.obj
                0x0000000010000c38                lwesp_sys_sem_wait
 .text.lwesp_sys_sem_release
                0x0000000010000c7c       0x18 CMakeFiles/PicoMQTT.dir/port/lwesp/lwesp_sys_freertos.c.obj
                0x0000000010000c7c                lwesp_sys_sem_release
 .text.lwesp_sys_sem_isvalid
                0x0000000010000c94       0x18 CMakeFiles/PicoMQTT.dir/port/lwesp/lwesp_sys_freertos.c.obj
                0x0000000010000c94                lwesp_sys_sem_isvalid
 .text.lwesp_sys_sem_invalid
                0x0000000010000cac        0x8 CMakeFiles/PicoMQTT.dir/port/lwesp/lwesp_sys_freertos.c.obj
                0x0000000010000cac                lwesp_sys_sem_invalid
 .text.lwesp_sys_mbox_create
                0x0000000010000cb4       0x18 CMakeFiles/PicoMQTT.dir/port/lwesp/lwesp_sys_freertos.c.obj
                0x0000000010000cb4                lwesp_sys_mbox_create
 .text.lwesp_sys_mbox_delete
                0x0000000010000ccc       0x1c CMakeFiles/PicoMQTT.dir/port/lwesp/lwesp_sys_freertos.c.obj
                0x0000000010000ccc                lwesp_sys_mbox_delete
 .text.lwesp_sys_mbox_put
                0x0000000010000ce8       0x28 CMakeFiles/PicoMQTT.dir/port/lwesp/lwesp_sys_freertos.c.obj
                0x0000000010000ce8                lwesp_sys_mbox_put
 .text.lwesp_sys_mbox_get
                0x0000000010000d10       0x50 CMakeFiles/PicoMQTT.dir/port/lwesp/lwesp_sys_freertos.c.obj
                0x0000000010000d10                lwesp_sys_mbox_get
 .text.lwesp_sys_mbox_putnow
                0x0000000010000d60       0x1e CMakeFiles/PicoMQTT.dir/port/lwesp/lwesp_sys_freertos.c.obj
                0x0000000010000d60                lwesp_sys_mbox_putnow
 .text.lwesp_sys_mbox_getnow
                0x0000000010000d7e       0x22 CMakeFiles/PicoMQTT.dir/port/lwesp/lwesp_sys_freertos.c.obj
                0x0000000010000d7e                lwesp_sys_mbox_getnow
 .text.lwesp_sys_mbox_isvalid
                0x0000000010000da0       0x18 CMakeFiles/PicoMQTT.dir/port/lwesp/lwesp_sys_freertos.c.obj
                0x0000000010000da0                lwesp_sys_mbox_isvalid
 .text.lwesp_sys_mbox_invalid
                0x0000000010000db8        0x8 CMakeFiles/PicoMQTT.dir/port/lwesp/lwesp_sys_freertos.c.obj
                0x0000000010000db8                lwesp_sys_mbox_invalid
 .text.lwesp_sys_thread_create
                0x0000000010000dc0       0x24 CMakeFiles/PicoMQTT.dir/port/lwesp/lwesp_sys_freertos.c.obj
                0x0000000010000dc0                lwesp_sys_thread_create
 .text.lwesp_sys_thread_terminate
                0x0000000010000de4        0xc CMakeFiles/PicoMQTT.dir/port/lwesp/lwesp_sys_freertos.c.obj
                0x0000000010000de4                lwesp_sys_thread_terminate
 .text.send_data
                0x0000000010000df0       0x28 CMakeFiles/PicoMQTT.dir/port/lwesp/lwesp_ll_raspberry_pi_pico.c.obj
 .text.configure_uart
                0x0000000010000e18       0x90 CMakeFiles/PicoMQTT.dir/port/lwesp/lwesp_ll_raspberry_pi_pico.c.obj
 .text.uart_isr
                0x0000000010000ea8       0x44 CMakeFiles/PicoMQTT.dir/port/lwesp/lwesp_ll_raspberry_pi_pico.c.obj
 .text.lwesp_ll_init
                0x0000000010000eec       0x28 CMakeFiles/PicoMQTT.dir/port/lwesp/lwesp_ll_raspberry_pi_pico.c.obj
                0x0000000010000eec                lwesp_ll_init
 .text.lwesp_mem_malloc
                0x0000000010000f14        0x8 CMakeFiles/PicoMQTT.dir/port/lwesp/lwesp_mem_rpi_pico.c.obj
                0x0000000010000f14                lwesp_mem_malloc
 .text.lwesp_mem_calloc
                0x0000000010000f1c       0x1a CMakeFiles/PicoMQTT.dir/port/lwesp/lwesp_mem_rpi_pico.c.obj
                0x0000000010000f1c                lwesp_mem_calloc
 .text.lwesp_mem_free
                0x0000000010000f36        0x8 CMakeFiles/PicoMQTT.dir/port/lwesp/lwesp_mem_rpi_pico.c.obj
                0x0000000010000f36                lwesp_mem_free
 *fill*         0x0000000010000f3e        0x2 
 .text.gpio_set_function
                0x0000000010000f40       0x30 CMakeFiles/PicoMQTT.dir/home/piadmin/pico/pico-sdk/src/rp2_common/hardware_gpio/gpio.c.obj
                0x0000000010000f40                gpio_set_function
 .text.hw_claim_lock
                0x0000000010000f70       0x18 CMakeFiles/PicoMQTT.dir/home/piadmin/pico/pico-sdk/src/rp2_common/hardware_claim/claim.c.obj
                0x0000000010000f70                hw_claim_lock
 .text.hw_claim_unlock
                0x0000000010000f88       0x14 CMakeFiles/PicoMQTT.dir/home/piadmin/pico/pico-sdk/src/rp2_common/hardware_claim/claim.c.obj
                0x0000000010000f88                hw_claim_unlock
 .text.hw_claim_or_assert
                0x0000000010000f9c       0x32 CMakeFiles/PicoMQTT.dir/home/piadmin/pico/pico-sdk/src/rp2_common/hardware_claim/claim.c.obj
                0x0000000010000f9c                hw_claim_or_assert
 .text.hw_claim_unused_from_range
                0x0000000010000fce       0x50 CMakeFiles/PicoMQTT.dir/home/piadmin/pico/pico-sdk/src/rp2_common/hardware_claim/claim.c.obj
                0x0000000010000fce                hw_claim_unused_from_range
 *fill*         0x000000001000101e        0x2 
 .text.running_on_fpga
                0x0000000010001020       0x14 CMakeFiles/PicoMQTT.dir/home/piadmin/pico/pico-sdk/src/rp2_common/pico_platform/platform.c.obj
                0x0000000010001020                running_on_fpga
 .text.spin_locks_reset
                0x0000000010001034       0x20 CMakeFiles/PicoMQTT.dir/home/piadmin/pico/pico-sdk/src/rp2_common/hardware_sync/sync.c.obj
                0x0000000010001034                spin_locks_reset
 .text.next_striped_spin_lock_num
                0x0000000010001054       0x1c CMakeFiles/PicoMQTT.dir/home/piadmin/pico/pico-sdk/src/rp2_common/hardware_sync/sync.c.obj
                0x0000000010001054                next_striped_spin_lock_num
 .text.spin_lock_claim_unused
                0x0000000010001070       0x20 CMakeFiles/PicoMQTT.dir/home/piadmin/pico/pico-sdk/src/rp2_common/hardware_sync/sync.c.obj
                0x0000000010001070                spin_lock_claim_unused
 .text.uart_set_baudrate
                0x0000000010001090       0x5c CMakeFiles/PicoMQTT.dir/home/piadmin/pico/pico-sdk/src/rp2_common/hardware_uart/uart.c.obj
                0x0000000010001090                uart_set_baudrate
 .text.uart_set_translate_crlf
                0x00000000100010ec       0x28 CMakeFiles/PicoMQTT.dir/home/piadmin/pico/pico-sdk/src/rp2_common/hardware_uart/uart.c.obj
                0x00000000100010ec                uart_set_translate_crlf
 .text.uart_init
                0x0000000010001114       0x80 CMakeFiles/PicoMQTT.dir/home/piadmin/pico/pico-sdk/src/rp2_common/hardware_uart/uart.c.obj
                0x0000000010001114                uart_init
 .text.alarm_pool_post_alloc_init
                0x0000000010001194       0x40 CMakeFiles/PicoMQTT.dir/home/piadmin/pico/pico-sdk/src/common/pico_time/time.c.obj
 .text.sleep_until_callback
                0x00000000100011d4       0x30 CMakeFiles/PicoMQTT.dir/home/piadmin/pico/pico-sdk/src/common/pico_time/time.c.obj
 .text.timer_pool_entry_comparator
                0x0000000010001204       0x7c CMakeFiles/PicoMQTT.dir/home/piadmin/pico/pico-sdk/src/common/pico_time/time.c.obj
                0x0000000010001204                timer_pool_entry_comparator
 .text.ph_add_child_node
                0x0000000010001280       0xa4 CMakeFiles/PicoMQTT.dir/home/piadmin/pico/pico-sdk/src/common/pico_time/time.c.obj
 .text.ph_merge_nodes
                0x0000000010001324       0x3e CMakeFiles/PicoMQTT.dir/home/piadmin/pico/pico-sdk/src/common/pico_time/time.c.obj
 *fill*         0x0000000010001362        0x2 
 .text.add_alarm_under_lock
                0x0000000010001364      0x174 CMakeFiles/PicoMQTT.dir/home/piadmin/pico/pico-sdk/src/common/pico_time/time.c.obj
 .text.alarm_pool_alarm_callback
                0x00000000100014d8      0x32c CMakeFiles/PicoMQTT.dir/home/piadmin/pico/pico-sdk/src/common/pico_time/time.c.obj
 .text.alarm_pool_init_default
                0x0000000010001804       0x38 CMakeFiles/PicoMQTT.dir/home/piadmin/pico/pico-sdk/src/common/pico_time/time.c.obj
                0x0000000010001804                alarm_pool_init_default
 .text.alarm_pool_get_default
                0x000000001000183c       0x2c CMakeFiles/PicoMQTT.dir/home/piadmin/pico/pico-sdk/src/common/pico_time/time.c.obj
                0x000000001000183c                alarm_pool_get_default
 .text.alarm_pool_add_alarm_at
                0x0000000010001868      0x170 CMakeFiles/PicoMQTT.dir/home/piadmin/pico/pico-sdk/src/common/pico_time/time.c.obj
                0x0000000010001868                alarm_pool_add_alarm_at
 .text.alarm_pool_cancel_alarm
                0x00000000100019d8       0xec CMakeFiles/PicoMQTT.dir/home/piadmin/pico/pico-sdk/src/common/pico_time/time.c.obj
                0x00000000100019d8                alarm_pool_cancel_alarm
 .text.sleep_until
                0x0000000010001ac4       0xfc CMakeFiles/PicoMQTT.dir/home/piadmin/pico/pico-sdk/src/common/pico_time/time.c.obj
                0x0000000010001ac4                sleep_until
 .text.sleep_us
                0x0000000010001bc0       0x58 CMakeFiles/PicoMQTT.dir/home/piadmin/pico/pico-sdk/src/common/pico_time/time.c.obj
                0x0000000010001bc0                sleep_us
 .text.sleep_ms
                0x0000000010001c18       0x14 CMakeFiles/PicoMQTT.dir/home/piadmin/pico/pico-sdk/src/common/pico_time/time.c.obj
                0x0000000010001c18                sleep_ms
 .text.best_effort_wfe_or_timeout
                0x0000000010001c2c       0x80 CMakeFiles/PicoMQTT.dir/home/piadmin/pico/pico-sdk/src/common/pico_time/time.c.obj
                0x0000000010001c2c                best_effort_wfe_or_timeout
 .text.hardware_alarm_irq_handler
                0x0000000010001cac       0x8c CMakeFiles/PicoMQTT.dir/home/piadmin/pico/pico-sdk/src/rp2_common/hardware_timer/timer.c.obj
 .text.hardware_alarm_claim
                0x0000000010001d38       0x18 CMakeFiles/PicoMQTT.dir/home/piadmin/pico/pico-sdk/src/rp2_common/hardware_timer/timer.c.obj
                0x0000000010001d38                hardware_alarm_claim
 .text.time_us_64
                0x0000000010001d50       0x18 CMakeFiles/PicoMQTT.dir/home/piadmin/pico/pico-sdk/src/rp2_common/hardware_timer/timer.c.obj
                0x0000000010001d50                time_us_64
 .text.busy_wait_until
                0x0000000010001d68       0x24 CMakeFiles/PicoMQTT.dir/home/piadmin/pico/pico-sdk/src/rp2_common/hardware_timer/timer.c.obj
                0x0000000010001d68                busy_wait_until
 .text.hardware_alarm_set_callback
                0x0000000010001d8c       0x90 CMakeFiles/PicoMQTT.dir/home/piadmin/pico/pico-sdk/src/rp2_common/hardware_timer/timer.c.obj
                0x0000000010001d8c                hardware_alarm_set_callback
 .text.hardware_alarm_set_target
                0x0000000010001e1c       0xe8 CMakeFiles/PicoMQTT.dir/home/piadmin/pico/pico-sdk/src/rp2_common/hardware_timer/timer.c.obj
                0x0000000010001e1c                hardware_alarm_set_target
 .text.hardware_alarm_cancel
                0x0000000010001f04       0x40 CMakeFiles/PicoMQTT.dir/home/piadmin/pico/pico-sdk/src/rp2_common/hardware_timer/timer.c.obj
                0x0000000010001f04                hardware_alarm_cancel
 .text.lock_init
                0x0000000010001f44       0x10 CMakeFiles/PicoMQTT.dir/home/piadmin/pico/pico-sdk/src/common/pico_sync/lock_core.c.obj
                0x0000000010001f44                lock_init
 .text.mutex_init_internal
                0x0000000010001f54       0x1e CMakeFiles/PicoMQTT.dir/home/piadmin/pico/pico-sdk/src/common/pico_sync/mutex.c.obj
 .text.mutex_init
                0x0000000010001f72        0xa CMakeFiles/PicoMQTT.dir/home/piadmin/pico/pico-sdk/src/common/pico_sync/mutex.c.obj
                0x0000000010001f72                mutex_init
 .text.recursive_mutex_init
                0x0000000010001f7c        0xa CMakeFiles/PicoMQTT.dir/home/piadmin/pico/pico-sdk/src/common/pico_sync/mutex.c.obj
                0x0000000010001f7c                recursive_mutex_init
 *fill*         0x0000000010001f86        0x2 
 .text.critical_section_init_with_lock_num
                0x0000000010001f88       0x14 CMakeFiles/PicoMQTT.dir/home/piadmin/pico/pico-sdk/src/common/pico_sync/critical_section.c.obj
                0x0000000010001f88                critical_section_init_with_lock_num
 .text.critical_section_init
                0x0000000010001f9c       0x14 CMakeFiles/PicoMQTT.dir/home/piadmin/pico/pico-sdk/src/common/pico_sync/critical_section.c.obj
                0x0000000010001f9c                critical_section_init
 .text.ph_add_child_node
                0x0000000010001fb0       0xa4 CMakeFiles/PicoMQTT.dir/home/piadmin/pico/pico-sdk/src/common/pico_util/pheap.c.obj
 .text.ph_merge_nodes
                0x0000000010002054       0x3e CMakeFiles/PicoMQTT.dir/home/piadmin/pico/pico-sdk/src/common/pico_util/pheap.c.obj
 *fill*         0x0000000010002092        0x2 
 .text.ph_clear
                0x0000000010002094       0x70 CMakeFiles/PicoMQTT.dir/home/piadmin/pico/pico-sdk/src/common/pico_util/pheap.c.obj
                0x0000000010002094                ph_clear
 .text.ph_post_alloc_init
                0x0000000010002104        0xe CMakeFiles/PicoMQTT.dir/home/piadmin/pico/pico-sdk/src/common/pico_util/pheap.c.obj
                0x0000000010002104                ph_post_alloc_init
 *fill*         0x0000000010002112        0x2 
 .text.ph_merge_two_pass
                0x0000000010002114       0xa8 CMakeFiles/PicoMQTT.dir/home/piadmin/pico/pico-sdk/src/common/pico_util/pheap.c.obj
                0x0000000010002114                ph_merge_two_pass
 .text.ph_remove_any_head
                0x00000000100021bc      0x108 CMakeFiles/PicoMQTT.dir/home/piadmin/pico/pico-sdk/src/common/pico_util/pheap.c.obj
 .text.ph_remove_head
                0x00000000100022c4       0x14 CMakeFiles/PicoMQTT.dir/home/piadmin/pico/pico-sdk/src/common/pico_util/pheap.c.obj
                0x00000000100022c4                ph_remove_head
 .text.ph_remove_and_free_node
                0x00000000100022d8       0xf8 CMakeFiles/PicoMQTT.dir/home/piadmin/pico/pico-sdk/src/common/pico_util/pheap.c.obj
                0x00000000100022d8                ph_remove_and_free_node
 .text.runtime_init
                0x00000000100023d0       0xd8 CMakeFiles/PicoMQTT.dir/home/piadmin/pico/pico-sdk/src/rp2_common/pico_runtime/runtime.c.obj
                0x00000000100023d0                runtime_init
 .text._exit    0x00000000100024a8        0x4 CMakeFiles/PicoMQTT.dir/home/piadmin/pico/pico-sdk/src/rp2_common/pico_runtime/runtime.c.obj
                0x00000000100024a8                _exit
 .text._sbrk    0x00000000100024ac       0x38 CMakeFiles/PicoMQTT.dir/home/piadmin/pico/pico-sdk/src/rp2_common/pico_runtime/runtime.c.obj
                0x00000000100024ac                _sbrk
 .text.exit     0x00000000100024e4        0x6 CMakeFiles/PicoMQTT.dir/home/piadmin/pico/pico-sdk/src/rp2_common/pico_runtime/runtime.c.obj
                0x00000000100024e4                exit
 *fill*         0x00000000100024ea        0x2 
 .text.__assert_func
                0x00000000100024ec       0x3c CMakeFiles/PicoMQTT.dir/home/piadmin/pico/pico-sdk/src/rp2_common/pico_runtime/runtime.c.obj
                0x00000000100024ec                __assert_func
 .text.panic    0x0000000010002528       0x30 CMakeFiles/PicoMQTT.dir/home/piadmin/pico/pico-sdk/src/rp2_common/pico_runtime/runtime.c.obj
                0x0000000010002528                panic
 .text.clock_configure
                0x0000000010002558      0x104 CMakeFiles/PicoMQTT.dir/home/piadmin/pico/pico-sdk/src/rp2_common/hardware_clocks/clocks.c.obj
                0x0000000010002558                clock_configure
 .text.clocks_init
                0x000000001000265c      0x100 CMakeFiles/PicoMQTT.dir/home/piadmin/pico/pico-sdk/src/rp2_common/hardware_clocks/clocks.c.obj
                0x000000001000265c                clocks_init
 .text.clock_get_hz
                0x000000001000275c        0xc CMakeFiles/PicoMQTT.dir/home/piadmin/pico/pico-sdk/src/rp2_common/hardware_clocks/clocks.c.obj
                0x000000001000275c                clock_get_hz
 .text.set_raw_irq_handler_and_unlock
                0x0000000010002768       0x28 CMakeFiles/PicoMQTT.dir/home/piadmin/pico/pico-sdk/src/rp2_common/hardware_irq/irq.c.obj
 .text.make_branch
                0x0000000010002790       0x34 CMakeFiles/PicoMQTT.dir/home/piadmin/pico/pico-sdk/src/rp2_common/hardware_irq/irq.c.obj
 .text.insert_branch_and_link
                0x00000000100027c4       0x40 CMakeFiles/PicoMQTT.dir/home/piadmin/pico/pico-sdk/src/rp2_common/hardware_irq/irq.c.obj
 .text.irq_is_enabled
                0x0000000010002804       0x18 CMakeFiles/PicoMQTT.dir/home/piadmin/pico/pico-sdk/src/rp2_common/hardware_irq/irq.c.obj
                0x0000000010002804                irq_is_enabled
 .text.irq_set_mask_enabled
                0x000000001000281c       0x20 CMakeFiles/PicoMQTT.dir/home/piadmin/pico/pico-sdk/src/rp2_common/hardware_irq/irq.c.obj
                0x000000001000281c                irq_set_mask_enabled
 .text.irq_set_enabled
                0x000000001000283c        0xe CMakeFiles/PicoMQTT.dir/home/piadmin/pico/pico-sdk/src/rp2_common/hardware_irq/irq.c.obj
                0x000000001000283c                irq_set_enabled
 *fill*         0x000000001000284a        0x2 
 .text.irq_set_pending
                0x000000001000284c       0x10 CMakeFiles/PicoMQTT.dir/home/piadmin/pico/pico-sdk/src/rp2_common/hardware_irq/irq.c.obj
                0x000000001000284c                irq_set_pending
 .text.irq_get_vtable_handler
                0x000000001000285c       0x10 CMakeFiles/PicoMQTT.dir/home/piadmin/pico/pico-sdk/src/rp2_common/hardware_irq/irq.c.obj
                0x000000001000285c                irq_get_vtable_handler
 .text.irq_set_exclusive_handler
                0x000000001000286c       0x54 CMakeFiles/PicoMQTT.dir/home/piadmin/pico/pico-sdk/src/rp2_common/hardware_irq/irq.c.obj
                0x000000001000286c                irq_set_exclusive_handler
 .text.irq_remove_handler
                0x00000000100028c0      0x1ac CMakeFiles/PicoMQTT.dir/home/piadmin/pico/pico-sdk/src/rp2_common/hardware_irq/irq.c.obj
                0x00000000100028c0                irq_remove_handler
 .text.irq_set_priority
                0x0000000010002a6c       0x28 CMakeFiles/PicoMQTT.dir/home/piadmin/pico/pico-sdk/src/rp2_common/hardware_irq/irq.c.obj
                0x0000000010002a6c                irq_set_priority
 .text.irq_add_tail_to_free_list
                0x0000000010002a94       0xf0 CMakeFiles/PicoMQTT.dir/home/piadmin/pico/pico-sdk/src/rp2_common/hardware_irq/irq.c.obj
                0x0000000010002a94                irq_add_tail_to_free_list
 .text.irq_init_priorities
                0x0000000010002b84       0x16 CMakeFiles/PicoMQTT.dir/home/piadmin/pico/pico-sdk/src/rp2_common/hardware_irq/irq.c.obj
                0x0000000010002b84                irq_init_priorities
 *fill*         0x0000000010002b9a        0x2 
 .text.pll_init
                0x0000000010002b9c      0x118 CMakeFiles/PicoMQTT.dir/home/piadmin/pico/pico-sdk/src/rp2_common/hardware_pll/pll.c.obj
                0x0000000010002b9c                pll_init
 .text.watchdog_start_tick
                0x0000000010002cb4       0x10 CMakeFiles/PicoMQTT.dir/home/piadmin/pico/pico-sdk/src/rp2_common/hardware_watchdog/watchdog.c.obj
                0x0000000010002cb4                watchdog_start_tick
 .text.watchdog_update
                0x0000000010002cc4       0x14 CMakeFiles/PicoMQTT.dir/home/piadmin/pico/pico-sdk/src/rp2_common/hardware_watchdog/watchdog.c.obj
                0x0000000010002cc4                watchdog_update
 .text._watchdog_enable
                0x0000000010002cd8       0x70 CMakeFiles/PicoMQTT.dir/home/piadmin/pico/pico-sdk/src/rp2_common/hardware_watchdog/watchdog.c.obj
                0x0000000010002cd8                _watchdog_enable
 .text.watchdog_reboot
                0x0000000010002d48       0x48 CMakeFiles/PicoMQTT.dir/home/piadmin/pico/pico-sdk/src/rp2_common/hardware_watchdog/watchdog.c.obj
                0x0000000010002d48                watchdog_reboot
 .text.xosc_init
                0x0000000010002d90       0x28 CMakeFiles/PicoMQTT.dir/home/piadmin/pico/pico-sdk/src/rp2_common/hardware_xosc/xosc.c.obj
                0x0000000010002d90                xosc_init
 .text._out_buffer
                0x0000000010002db8        0x8 CMakeFiles/PicoMQTT.dir/home/piadmin/pico/pico-sdk/src/rp2_common/pico_printf/printf.c.obj
 .text._out_null
                0x0000000010002dc0        0x2 CMakeFiles/PicoMQTT.dir/home/piadmin/pico/pico-sdk/src/rp2_common/pico_printf/printf.c.obj
 .text._out_fct
                0x0000000010002dc2        0xe CMakeFiles/PicoMQTT.dir/home/piadmin/pico/pico-sdk/src/rp2_common/pico_printf/printf.c.obj
 .text._atoi    0x0000000010002dd0       0x24 CMakeFiles/PicoMQTT.dir/home/piadmin/pico/pico-sdk/src/rp2_common/pico_printf/printf.c.obj
 .text._out_rev
                0x0000000010002df4       0xae CMakeFiles/PicoMQTT.dir/home/piadmin/pico/pico-sdk/src/rp2_common/pico_printf/printf.c.obj
 .text._ntoa_format
                0x0000000010002ea2      0x110 CMakeFiles/PicoMQTT.dir/home/piadmin/pico/pico-sdk/src/rp2_common/pico_printf/printf.c.obj
 .text._ntoa_long
                0x0000000010002fb2       0xbc CMakeFiles/PicoMQTT.dir/home/piadmin/pico/pico-sdk/src/rp2_common/pico_printf/printf.c.obj
 .text._ntoa_long_long
                0x000000001000306e       0xe2 CMakeFiles/PicoMQTT.dir/home/piadmin/pico/pico-sdk/src/rp2_common/pico_printf/printf.c.obj
 .text._etoa    0x0000000010003150      0x40c CMakeFiles/PicoMQTT.dir/home/piadmin/pico/pico-sdk/src/rp2_common/pico_printf/printf.c.obj
 .text._ftoa    0x000000001000355c      0x354 CMakeFiles/PicoMQTT.dir/home/piadmin/pico/pico-sdk/src/rp2_common/pico_printf/printf.c.obj
 .text._vsnprintf
                0x00000000100038b0      0x628 CMakeFiles/PicoMQTT.dir/home/piadmin/pico/pico-sdk/src/rp2_common/pico_printf/printf.c.obj
 .text.__wrap_sprintf
                0x0000000010003ed8       0x28 CMakeFiles/PicoMQTT.dir/home/piadmin/pico/pico-sdk/src/rp2_common/pico_printf/printf.c.obj
                0x0000000010003ed8                __wrap_sprintf
 .text.vfctprintf
                0x0000000010003f00       0x20 CMakeFiles/PicoMQTT.dir/home/piadmin/pico/pico-sdk/src/rp2_common/pico_printf/printf.c.obj
                0x0000000010003f00                vfctprintf
 .text          0x0000000010003f20       0x10 CMakeFiles/PicoMQTT.dir/home/piadmin/pico/pico-sdk/src/rp2_common/pico_bit_ops/bit_ops_aeabi.S.obj
 .text.rom_func_lookup
                0x0000000010003f30       0x10 CMakeFiles/PicoMQTT.dir/home/piadmin/pico/pico-sdk/src/rp2_common/pico_bootrom/bootrom.c.obj
                0x0000000010003f30                rom_func_lookup
 .text.rom_data_lookup
                0x0000000010003f40       0x10 CMakeFiles/PicoMQTT.dir/home/piadmin/pico/pico-sdk/src/rp2_common/pico_bootrom/bootrom.c.obj
                0x0000000010003f40                rom_data_lookup
 .text.rom_funcs_lookup
                0x0000000010003f50       0x36 CMakeFiles/PicoMQTT.dir/home/piadmin/pico/pico-sdk/src/rp2_common/pico_bootrom/bootrom.c.obj
                0x0000000010003f50                rom_funcs_lookup
 *fill*         0x0000000010003f86        0x2 
 .text.__wrap___aeabi_idiv
                0x0000000010003f88       0x50 CMakeFiles/PicoMQTT.dir/home/piadmin/pico/pico-sdk/src/rp2_common/pico_divider/divider.S.obj
                0x0000000010003f88                __wrap___aeabi_idivmod
                0x0000000010003f88                divmod_s32s32
                0x0000000010003f88                div_s32s32
                0x0000000010003f88                __wrap___aeabi_idiv
                0x0000000010003f90                divmod_s32s32_unsafe
                0x0000000010003fbc                divmod_s32s32_savestate
 .text.__wrap___aeabi_uidiv
                0x0000000010003fd8       0x4c CMakeFiles/PicoMQTT.dir/home/piadmin/pico/pico-sdk/src/rp2_common/pico_divider/divider.S.obj
                0x0000000010003fd8                __wrap___aeabi_uidiv
                0x0000000010003fd8                __wrap___aeabi_uidivmod
                0x0000000010003fd8                div_u32u32
                0x0000000010003fd8                divmod_u32u32
                0x0000000010003fe0                divmod_u32u32_unsafe
                0x0000000010004008                divmod_u32u32_savestate
 .text.__wrap___aeabi_ldiv
                0x0000000010004024      0x430 CMakeFiles/PicoMQTT.dir/home/piadmin/pico/pico-sdk/src/rp2_common/pico_divider/divider.S.obj
                0x0000000010004024                div_s64s64
                0x0000000010004024                divmod_s64s64
                0x0000000010004024                __wrap___aeabi_ldivmod
                0x000000001000405c                div_u64u64
                0x000000001000405c                divmod_u64u64
                0x000000001000405c                __wrap___aeabi_uldivmod
                0x000000001000406c                divmod_u64u64_savestate
                0x0000000010004094                divmod_s64s64_unsafe
                0x000000001000411c                divmod_u64u64_unsafe
 .text.__wrap___aeabi_darithmetic
                0x0000000010004454       0x80 CMakeFiles/PicoMQTT.dir/home/piadmin/pico/pico-sdk/src/rp2_common/pico_double/double_aeabi.S.obj
                0x0000000010004454                __wrap___aeabi_drsub
                0x000000001000445a                __wrap___aeabi_dsub
                0x000000001000446c                __wrap___aeabi_dadd
                0x000000001000447e                __wrap___aeabi_ddiv
                0x00000000100044ba                __wrap___aeabi_dmul
 .text.__wrap___aeabi_cdcmple
                0x00000000100044d4       0x6c CMakeFiles/PicoMQTT.dir/home/piadmin/pico/pico-sdk/src/rp2_common/pico_double/double_aeabi.S.obj
                0x00000000100044d4                __wrap___aeabi_cdrcmple
                0x00000000100044e4                __wrap___aeabi_cdcmple
                0x00000000100044e4                __wrap___aeabi_cdcmpeq
 .text.__wrap___aeabi_dcmplt
                0x0000000010004540        0xc CMakeFiles/PicoMQTT.dir/home/piadmin/pico/pico-sdk/src/rp2_common/pico_double/double_aeabi.S.obj
                0x0000000010004540                __wrap___aeabi_dcmplt
 .text.__wrap___aeabi_dcmple
                0x000000001000454c       0x10 CMakeFiles/PicoMQTT.dir/home/piadmin/pico/pico-sdk/src/rp2_common/pico_double/double_aeabi.S.obj
                0x000000001000454c                __wrap___aeabi_dcmple
 .text.__wrap___aeabi_dcmpge
                0x000000001000455c       0x10 CMakeFiles/PicoMQTT.dir/home/piadmin/pico/pico-sdk/src/rp2_common/pico_double/double_aeabi.S.obj
                0x000000001000455c                __wrap___aeabi_dcmpge
 .text.__wrap___aeabi_dcmpgt
                0x000000001000456c        0xa CMakeFiles/PicoMQTT.dir/home/piadmin/pico/pico-sdk/src/rp2_common/pico_double/double_aeabi.S.obj
                0x000000001000456c                __wrap___aeabi_dcmpgt
 .text.__wrap___aeabi_dcmpun
                0x0000000010004576       0x1c CMakeFiles/PicoMQTT.dir/home/piadmin/pico/pico-sdk/src/rp2_common/pico_double/double_aeabi.S.obj
                0x0000000010004576                __wrap___aeabi_dcmpun
 *fill*         0x0000000010004592        0x2 
 .text.__wrap___aeabi_i2d
                0x0000000010004594       0x38 CMakeFiles/PicoMQTT.dir/home/piadmin/pico/pico-sdk/src/rp2_common/pico_double/double_aeabi.S.obj
                0x0000000010004594                __wrap___aeabi_ui2d
                0x000000001000459c                __wrap___aeabi_i2d
 .text.__wrap___aeabi_d2iz
                0x00000000100045cc       0x48 CMakeFiles/PicoMQTT.dir/home/piadmin/pico/pico-sdk/src/rp2_common/pico_double/double_aeabi.S.obj
                0x00000000100045cc                __wrap___aeabi_d2iz
                0x00000000100045cc                double2int_z
 .text.__wrap___aeabi_d2uiz
                0x0000000010004614       0x18 CMakeFiles/PicoMQTT.dir/home/piadmin/pico/pico-sdk/src/rp2_common/pico_double/double_aeabi.S.obj
                0x0000000010004614                double2uint
                0x0000000010004614                __wrap___aeabi_d2uiz
 .text.__aeabi_double_init
                0x000000001000462c       0xb4 CMakeFiles/PicoMQTT.dir/home/piadmin/pico/pico-sdk/src/rp2_common/pico_double/double_init_rom.c.obj
                0x000000001000462c                __aeabi_double_init
 .text.double_table_shim_on_use_helper
                0x00000000100046e0       0x34 CMakeFiles/PicoMQTT.dir/home/piadmin/pico/pico-sdk/src/rp2_common/pico_double/double_v1_rom_shim.S.obj
                0x00000000100046e0                double_table_shim_on_use_helper
 .text.__wrap___aeabi_dsub
                0x0000000010004714       0x10 CMakeFiles/PicoMQTT.dir/home/piadmin/pico/pico-sdk/src/rp2_common/pico_double/double_v1_rom_shim.S.obj
                0x0000000010004714                drsub_shim
                0x000000001000471a                dsub_shim
 .text.dadd_shim
                0x0000000010004724      0x15c CMakeFiles/PicoMQTT.dir/home/piadmin/pico/pico-sdk/src/rp2_common/pico_double/double_v1_rom_shim.S.obj
                0x0000000010004724                dadd_shim
 .text.dmul_shim
                0x0000000010004880      0x15c CMakeFiles/PicoMQTT.dir/home/piadmin/pico/pico-sdk/src/rp2_common/pico_double/double_v1_rom_shim.S.obj
                0x0000000010004880                dmul_shim
 .text.ddiv_shim
                0x00000000100049dc      0x1b0 CMakeFiles/PicoMQTT.dir/home/piadmin/pico/pico-sdk/src/rp2_common/pico_double/double_v1_rom_shim.S.obj
                0x00000000100049dc                ddiv_shim
 .text.dcordic_rot_step
                0x0000000010004b8c       0x7c CMakeFiles/PicoMQTT.dir/home/piadmin/pico/pico-sdk/src/rp2_common/pico_double/double_v1_rom_shim.S.obj
                0x0000000010004b8c                dcordic_rot_step
 .text.double2uint_shim
                0x0000000010004c08        0xe CMakeFiles/PicoMQTT.dir/home/piadmin/pico/pico-sdk/src/rp2_common/pico_double/double_v1_rom_shim.S.obj
                0x0000000010004c08                double2uint_shim
                0x0000000010004c0a                double2ufix_shim
 *fill*         0x0000000010004c16        0x2 
 .text.double2uint64_shim
                0x0000000010004c18       0x6c CMakeFiles/PicoMQTT.dir/home/piadmin/pico/pico-sdk/src/rp2_common/pico_double/double_v1_rom_shim.S.obj
                0x0000000010004c18                double2uint64_shim
                0x0000000010004c1a                double2ufix64_shim
                0x0000000010004c34                d2fix_a
 .text.dunpacks
                0x0000000010004c84       0x3c CMakeFiles/PicoMQTT.dir/home/piadmin/pico/pico-sdk/src/rp2_common/pico_double/double_v1_rom_shim.S.obj
                0x0000000010004c84                dunpacks
 .text.__aeabi_lmul
                0x0000000010004cc0       0x32 CMakeFiles/PicoMQTT.dir/home/piadmin/pico/pico-sdk/src/rp2_common/pico_int64_ops/pico_int64_ops_aeabi.S.obj
                0x0000000010004cc0                __wrap___aeabi_lmul
 *fill*         0x0000000010004cf2        0x2 
 .text.__aeabi_float_init
                0x0000000010004cf4       0xfc CMakeFiles/PicoMQTT.dir/home/piadmin/pico/pico-sdk/src/rp2_common/pico_float/float_init_rom.c.obj
                0x0000000010004cf4                __aeabi_float_init
 .text.float_table_shim_on_use_helper
                0x0000000010004df0       0x34 CMakeFiles/PicoMQTT.dir/home/piadmin/pico/pico-sdk/src/rp2_common/pico_float/float_v1_rom_shim.S.obj
                0x0000000010004df0                float_table_shim_on_use_helper
 .text.__wrap_malloc
                0x0000000010004e24       0x24 CMakeFiles/PicoMQTT.dir/home/piadmin/pico/pico-sdk/src/rp2_common/pico_malloc/pico_malloc.c.obj
                0x0000000010004e24                __wrap_malloc
 .text.__wrap_free
                0x0000000010004e48        0x8 CMakeFiles/PicoMQTT.dir/home/piadmin/pico/pico-sdk/src/rp2_common/pico_malloc/pico_malloc.c.obj
                0x0000000010004e48                __wrap_free
 .text          0x0000000010004e50       0x10 CMakeFiles/PicoMQTT.dir/home/piadmin/pico/pico-sdk/src/rp2_common/pico_mem_ops/mem_ops_aeabi.S.obj
                0x0000000010004e50                __aeabi_mem_init
 .text.memset   0x0000000010004e60        0xc CMakeFiles/PicoMQTT.dir/home/piadmin/pico/pico-sdk/src/rp2_common/pico_mem_ops/mem_ops_aeabi.S.obj
                0x0000000010004e60                __wrap_memset
 .text.memcpy   0x0000000010004e6c        0xc CMakeFiles/PicoMQTT.dir/home/piadmin/pico/pico-sdk/src/rp2_common/pico_mem_ops/mem_ops_aeabi.S.obj
                0x0000000010004e6c                __wrap___aeabi_memcpy
                0x0000000010004e6c                __wrap_memcpy
 .text.stdio_out_chars_crlf
                0x0000000010004e78       0x80 CMakeFiles/PicoMQTT.dir/home/piadmin/pico/pico-sdk/src/rp2_common/pico_stdio/stdio.c.obj
 .text.stdio_stack_buffer_flush
                0x0000000010004ef8       0x44 CMakeFiles/PicoMQTT.dir/home/piadmin/pico/pico-sdk/src/rp2_common/pico_stdio/stdio.c.obj
 .text.stdio_buffered_printer
                0x0000000010004f3c       0x20 CMakeFiles/PicoMQTT.dir/home/piadmin/pico/pico-sdk/src/rp2_common/pico_stdio/stdio.c.obj
 .text.stdout_serialize_begin
                0x0000000010004f5c       0x30 CMakeFiles/PicoMQTT.dir/home/piadmin/pico/pico-sdk/src/rp2_common/pico_stdio/stdio.c.obj
                0x0000000010004f5c                stdout_serialize_begin
 .text.stdout_serialize_end
                0x0000000010004f8c       0x10 CMakeFiles/PicoMQTT.dir/home/piadmin/pico/pico-sdk/src/rp2_common/pico_stdio/stdio.c.obj
                0x0000000010004f8c                stdout_serialize_end
 .text.stdio_put_string
                0x0000000010004f9c       0x84 CMakeFiles/PicoMQTT.dir/home/piadmin/pico/pico-sdk/src/rp2_common/pico_stdio/stdio.c.obj
 .text.stdio_set_driver_enabled
                0x0000000010005020       0x38 CMakeFiles/PicoMQTT.dir/home/piadmin/pico/pico-sdk/src/rp2_common/pico_stdio/stdio.c.obj
                0x0000000010005020                stdio_set_driver_enabled
 .text.stdio_flush
                0x0000000010005058       0x20 CMakeFiles/PicoMQTT.dir/home/piadmin/pico/pico-sdk/src/rp2_common/pico_stdio/stdio.c.obj
                0x0000000010005058                stdio_flush
 .text.__wrap_puts
                0x0000000010005078       0x1c CMakeFiles/PicoMQTT.dir/home/piadmin/pico/pico-sdk/src/rp2_common/pico_stdio/stdio.c.obj
                0x0000000010005078                __wrap_puts
 .text.__wrap_vprintf
                0x0000000010005094       0x44 CMakeFiles/PicoMQTT.dir/home/piadmin/pico/pico-sdk/src/rp2_common/pico_stdio/stdio.c.obj
                0x0000000010005094                __wrap_vprintf
 .text.__wrap_printf
                0x00000000100050d8       0x18 CMakeFiles/PicoMQTT.dir/home/piadmin/pico/pico-sdk/src/rp2_common/pico_stdio/stdio.c.obj
                0x00000000100050d8                __wrap_printf
 .text.stdio_init_all
                0x00000000100050f0        0x8 CMakeFiles/PicoMQTT.dir/home/piadmin/pico/pico-sdk/src/rp2_common/pico_stdio/stdio.c.obj
                0x00000000100050f0                stdio_init_all
 .text.resetd_init
                0x00000000100050f8        0x2 CMakeFiles/PicoMQTT.dir/home/piadmin/pico/pico-sdk/src/rp2_common/pico_stdio_usb/reset_interface.c.obj
 *fill*         0x00000000100050fa        0x2 
 .text.resetd_reset
                0x00000000100050fc        0xc CMakeFiles/PicoMQTT.dir/home/piadmin/pico/pico-sdk/src/rp2_common/pico_stdio_usb/reset_interface.c.obj
 .text.resetd_open
                0x0000000010005108       0x34 CMakeFiles/PicoMQTT.dir/home/piadmin/pico/pico-sdk/src/rp2_common/pico_stdio_usb/reset_interface.c.obj
 .text.resetd_xfer_cb
                0x000000001000513c        0x4 CMakeFiles/PicoMQTT.dir/home/piadmin/pico/pico-sdk/src/rp2_common/pico_stdio_usb/reset_interface.c.obj
 .text.resetd_control_xfer_cb
                0x0000000010005140       0x6c CMakeFiles/PicoMQTT.dir/home/piadmin/pico/pico-sdk/src/rp2_common/pico_stdio_usb/reset_interface.c.obj
 .text.usbd_app_driver_get_cb
                0x00000000100051ac        0xc CMakeFiles/PicoMQTT.dir/home/piadmin/pico/pico-sdk/src/rp2_common/pico_stdio_usb/reset_interface.c.obj
                0x00000000100051ac                usbd_app_driver_get_cb
 .text.tud_cdc_line_coding_cb
                0x00000000100051b8       0x34 CMakeFiles/PicoMQTT.dir/home/piadmin/pico/pico-sdk/src/rp2_common/pico_stdio_usb/reset_interface.c.obj
                0x00000000100051b8                tud_cdc_line_coding_cb
 .text.stdio_usb_in_chars
                0x00000000100051ec       0x70 CMakeFiles/PicoMQTT.dir/home/piadmin/pico/pico-sdk/src/rp2_common/pico_stdio_usb/stdio_usb.c.obj
                0x00000000100051ec                stdio_usb_in_chars
 .text.low_priority_worker_irq
                0x000000001000525c       0x20 CMakeFiles/PicoMQTT.dir/home/piadmin/pico/pico-sdk/src/rp2_common/pico_stdio_usb/stdio_usb.c.obj
 .text.stdio_usb_out_chars
                0x000000001000527c       0xd4 CMakeFiles/PicoMQTT.dir/home/piadmin/pico/pico-sdk/src/rp2_common/pico_stdio_usb/stdio_usb.c.obj
 .text.timer_task
                0x0000000010005350       0x10 CMakeFiles/PicoMQTT.dir/home/piadmin/pico/pico-sdk/src/rp2_common/pico_stdio_usb/stdio_usb.c.obj
 .text.stdio_usb_init
                0x0000000010005360       0xb8 CMakeFiles/PicoMQTT.dir/home/piadmin/pico/pico-sdk/src/rp2_common/pico_stdio_usb/stdio_usb.c.obj
                0x0000000010005360                stdio_usb_init
 .text.tud_descriptor_device_cb
                0x0000000010005418        0x8 CMakeFiles/PicoMQTT.dir/home/piadmin/pico/pico-sdk/src/rp2_common/pico_stdio_usb/stdio_usb_descriptors.c.obj
                0x0000000010005418                tud_descriptor_device_cb
 .text.tud_descriptor_configuration_cb
                0x0000000010005420        0x8 CMakeFiles/PicoMQTT.dir/home/piadmin/pico/pico-sdk/src/rp2_common/pico_stdio_usb/stdio_usb_descriptors.c.obj
                0x0000000010005420                tud_descriptor_configuration_cb
 .text.tud_descriptor_string_cb
                0x0000000010005428       0x68 CMakeFiles/PicoMQTT.dir/home/piadmin/pico/pico-sdk/src/rp2_common/pico_stdio_usb/stdio_usb_descriptors.c.obj
                0x0000000010005428                tud_descriptor_string_cb
 .text.hw_endpoint_get_by_addr
                0x0000000010005490       0x18 CMakeFiles/PicoMQTT.dir/home/piadmin/pico/pico-sdk/lib/tinyusb/src/portable/raspberrypi/rp2040/dcd_rp2040.c.obj
 .text.reset_ep0
                0x00000000100054a8       0x2c CMakeFiles/PicoMQTT.dir/home/piadmin/pico/pico-sdk/lib/tinyusb/src/portable/raspberrypi/rp2040/dcd_rp2040.c.obj
 .text._hw_endpoint_alloc
                0x00000000100054d4       0x80 CMakeFiles/PicoMQTT.dir/home/piadmin/pico/pico-sdk/lib/tinyusb/src/portable/raspberrypi/rp2040/dcd_rp2040.c.obj
 .text._hw_endpoint_init
                0x0000000010005554       0xbc CMakeFiles/PicoMQTT.dir/home/piadmin/pico/pico-sdk/lib/tinyusb/src/portable/raspberrypi/rp2040/dcd_rp2040.c.obj
 .text.hw_endpoint_init
                0x0000000010005610       0x18 CMakeFiles/PicoMQTT.dir/home/piadmin/pico/pico-sdk/lib/tinyusb/src/portable/raspberrypi/rp2040/dcd_rp2040.c.obj
 .text.hw_handle_buff_status
                0x0000000010005628       0xb4 CMakeFiles/PicoMQTT.dir/home/piadmin/pico/pico-sdk/lib/tinyusb/src/portable/raspberrypi/rp2040/dcd_rp2040.c.obj
 .text.dcd_rp2040_irq
                0x00000000100056dc       0xa8 CMakeFiles/PicoMQTT.dir/home/piadmin/pico/pico-sdk/lib/tinyusb/src/portable/raspberrypi/rp2040/dcd_rp2040.c.obj
 .text.hw_endpoint_xfer
                0x0000000010005784       0x18 CMakeFiles/PicoMQTT.dir/home/piadmin/pico/pico-sdk/lib/tinyusb/src/portable/raspberrypi/rp2040/dcd_rp2040.c.obj
 .text.ep0_0len_status
                0x000000001000579c       0x14 CMakeFiles/PicoMQTT.dir/home/piadmin/pico/pico-sdk/lib/tinyusb/src/portable/raspberrypi/rp2040/dcd_rp2040.c.obj
 .text._hw_endpoint_stall
                0x00000000100057b0       0x54 CMakeFiles/PicoMQTT.dir/home/piadmin/pico/pico-sdk/lib/tinyusb/src/portable/raspberrypi/rp2040/dcd_rp2040.c.obj
 .text.hw_endpoint_stall
                0x0000000010005804        0xc CMakeFiles/PicoMQTT.dir/home/piadmin/pico/pico-sdk/lib/tinyusb/src/portable/raspberrypi/rp2040/dcd_rp2040.c.obj
 .text._hw_endpoint_clear_stall
                0x0000000010005810       0x34 CMakeFiles/PicoMQTT.dir/home/piadmin/pico/pico-sdk/lib/tinyusb/src/portable/raspberrypi/rp2040/dcd_rp2040.c.obj
 .text.hw_endpoint_clear_stall
                0x0000000010005844        0xc CMakeFiles/PicoMQTT.dir/home/piadmin/pico/pico-sdk/lib/tinyusb/src/portable/raspberrypi/rp2040/dcd_rp2040.c.obj
 .text.dcd_int_enable
                0x0000000010005850       0x2c CMakeFiles/PicoMQTT.dir/home/piadmin/pico/pico-sdk/lib/tinyusb/src/portable/raspberrypi/rp2040/dcd_rp2040.c.obj
                0x0000000010005850                dcd_int_enable
 .text.dcd_set_address
                0x000000001000587c       0x28 CMakeFiles/PicoMQTT.dir/home/piadmin/pico/pico-sdk/lib/tinyusb/src/portable/raspberrypi/rp2040/dcd_rp2040.c.obj
                0x000000001000587c                dcd_set_address
 .text.dcd_connect
                0x00000000100058a4       0x30 CMakeFiles/PicoMQTT.dir/home/piadmin/pico/pico-sdk/lib/tinyusb/src/portable/raspberrypi/rp2040/dcd_rp2040.c.obj
                0x00000000100058a4                dcd_connect
 .text.dcd_init
                0x00000000100058d4       0x84 CMakeFiles/PicoMQTT.dir/home/piadmin/pico/pico-sdk/lib/tinyusb/src/portable/raspberrypi/rp2040/dcd_rp2040.c.obj
                0x00000000100058d4                dcd_init
 .text.dcd_edpt0_status_complete
                0x0000000010005958       0x40 CMakeFiles/PicoMQTT.dir/home/piadmin/pico/pico-sdk/lib/tinyusb/src/portable/raspberrypi/rp2040/dcd_rp2040.c.obj
                0x0000000010005958                dcd_edpt0_status_complete
 .text.dcd_edpt_open
                0x0000000010005998       0x40 CMakeFiles/PicoMQTT.dir/home/piadmin/pico/pico-sdk/lib/tinyusb/src/portable/raspberrypi/rp2040/dcd_rp2040.c.obj
                0x0000000010005998                dcd_edpt_open
 .text.dcd_edpt_xfer
                0x00000000100059d8       0x34 CMakeFiles/PicoMQTT.dir/home/piadmin/pico/pico-sdk/lib/tinyusb/src/portable/raspberrypi/rp2040/dcd_rp2040.c.obj
                0x00000000100059d8                dcd_edpt_xfer
 .text.dcd_edpt_stall
                0x0000000010005a0c       0x28 CMakeFiles/PicoMQTT.dir/home/piadmin/pico/pico-sdk/lib/tinyusb/src/portable/raspberrypi/rp2040/dcd_rp2040.c.obj
                0x0000000010005a0c                dcd_edpt_stall
 .text.dcd_edpt_clear_stall
                0x0000000010005a34       0x2c CMakeFiles/PicoMQTT.dir/home/piadmin/pico/pico-sdk/lib/tinyusb/src/portable/raspberrypi/rp2040/dcd_rp2040.c.obj
                0x0000000010005a34                dcd_edpt_clear_stall
 .text.rp2040_usb_init
                0x0000000010005a60       0x50 CMakeFiles/PicoMQTT.dir/home/piadmin/pico/pico-sdk/lib/tinyusb/src/portable/raspberrypi/rp2040/rp2040_usb.c.obj
                0x0000000010005a60                rp2040_usb_init
 .text.hw_endpoint_reset_transfer
                0x0000000010005ab0       0x10 CMakeFiles/PicoMQTT.dir/home/piadmin/pico/pico-sdk/lib/tinyusb/src/portable/raspberrypi/rp2040/rp2040_usb.c.obj
                0x0000000010005ab0                hw_endpoint_reset_transfer
 .text._hw_endpoint_buffer_control_update32
                0x0000000010005ac0       0x58 CMakeFiles/PicoMQTT.dir/home/piadmin/pico/pico-sdk/lib/tinyusb/src/portable/raspberrypi/rp2040/rp2040_usb.c.obj
                0x0000000010005ac0                _hw_endpoint_buffer_control_update32
 .text._hw_endpoint_start_next_buffer
                0x0000000010005b18       0x50 CMakeFiles/PicoMQTT.dir/home/piadmin/pico/pico-sdk/lib/tinyusb/src/portable/raspberrypi/rp2040/rp2040_usb.c.obj
                0x0000000010005b18                _hw_endpoint_start_next_buffer
 .text._hw_endpoint_xfer_start
                0x0000000010005b68       0x3e CMakeFiles/PicoMQTT.dir/home/piadmin/pico/pico-sdk/lib/tinyusb/src/portable/raspberrypi/rp2040/rp2040_usb.c.obj
                0x0000000010005b68                _hw_endpoint_xfer_start
 *fill*         0x0000000010005ba6        0x2 
 .text._hw_endpoint_xfer_sync
                0x0000000010005ba8       0x74 CMakeFiles/PicoMQTT.dir/home/piadmin/pico/pico-sdk/lib/tinyusb/src/portable/raspberrypi/rp2040/rp2040_usb.c.obj
                0x0000000010005ba8                _hw_endpoint_xfer_sync
 .text._hw_endpoint_xfer_continue
                0x0000000010005c1c       0x60 CMakeFiles/PicoMQTT.dir/home/piadmin/pico/pico-sdk/lib/tinyusb/src/portable/raspberrypi/rp2040/rp2040_usb.c.obj
                0x0000000010005c1c                _hw_endpoint_xfer_continue
 .text._hw_endpoint_xfer
                0x0000000010005c7c       0x34 CMakeFiles/PicoMQTT.dir/home/piadmin/pico/pico-sdk/lib/tinyusb/src/portable/raspberrypi/rp2040/rp2040_usb.c.obj
                0x0000000010005c7c                _hw_endpoint_xfer
 .text.mark_interface_endpoint
                0x0000000010005cb0       0x2a CMakeFiles/PicoMQTT.dir/home/piadmin/pico/pico-sdk/lib/tinyusb/src/device/usbd.c.obj
 *fill*         0x0000000010005cda        0x2 
 .text.usbd_reset
                0x0000000010005cdc       0x88 CMakeFiles/PicoMQTT.dir/home/piadmin/pico/pico-sdk/lib/tinyusb/src/device/usbd.c.obj
 .text.invoke_class_control
                0x0000000010005d64       0x1a CMakeFiles/PicoMQTT.dir/home/piadmin/pico/pico-sdk/lib/tinyusb/src/device/usbd.c.obj
 *fill*         0x0000000010005d7e        0x2 
 .text.process_set_config
                0x0000000010005d80      0x1d0 CMakeFiles/PicoMQTT.dir/home/piadmin/pico/pico-sdk/lib/tinyusb/src/device/usbd.c.obj
 .text.process_get_descriptor
                0x0000000010005f50       0xf8 CMakeFiles/PicoMQTT.dir/home/piadmin/pico/pico-sdk/lib/tinyusb/src/device/usbd.c.obj
 .text.tud_mounted
                0x0000000010006048       0x10 CMakeFiles/PicoMQTT.dir/home/piadmin/pico/pico-sdk/lib/tinyusb/src/device/usbd.c.obj
                0x0000000010006048                tud_mounted
 .text.tud_suspended
                0x0000000010006058       0x10 CMakeFiles/PicoMQTT.dir/home/piadmin/pico/pico-sdk/lib/tinyusb/src/device/usbd.c.obj
                0x0000000010006058                tud_suspended
 .text.tud_inited
                0x0000000010006068        0xc CMakeFiles/PicoMQTT.dir/home/piadmin/pico/pico-sdk/lib/tinyusb/src/device/usbd.c.obj
                0x0000000010006068                tud_inited
 .text.tud_init
                0x0000000010006074       0xcc CMakeFiles/PicoMQTT.dir/home/piadmin/pico/pico-sdk/lib/tinyusb/src/device/usbd.c.obj
                0x0000000010006074                tud_init
 .text.dcd_event_handler
                0x0000000010006140      0x174 CMakeFiles/PicoMQTT.dir/home/piadmin/pico/pico-sdk/lib/tinyusb/src/device/usbd.c.obj
                0x0000000010006140                dcd_event_handler
 .text.dcd_event_bus_signal
                0x00000000100062b4       0x26 CMakeFiles/PicoMQTT.dir/home/piadmin/pico/pico-sdk/lib/tinyusb/src/device/usbd.c.obj
                0x00000000100062b4                dcd_event_bus_signal
 .text.dcd_event_bus_reset
                0x00000000100062da       0x2a CMakeFiles/PicoMQTT.dir/home/piadmin/pico/pico-sdk/lib/tinyusb/src/device/usbd.c.obj
                0x00000000100062da                dcd_event_bus_reset
 .text.dcd_event_setup_received
                0x0000000010006304       0x34 CMakeFiles/PicoMQTT.dir/home/piadmin/pico/pico-sdk/lib/tinyusb/src/device/usbd.c.obj
                0x0000000010006304                dcd_event_setup_received
 .text.dcd_event_xfer_complete
                0x0000000010006338       0x44 CMakeFiles/PicoMQTT.dir/home/piadmin/pico/pico-sdk/lib/tinyusb/src/device/usbd.c.obj
                0x0000000010006338                dcd_event_xfer_complete
 .text.usbd_edpt_open
                0x000000001000637c       0xe0 CMakeFiles/PicoMQTT.dir/home/piadmin/pico/pico-sdk/lib/tinyusb/src/device/usbd.c.obj
                0x000000001000637c                usbd_edpt_open
 .text.usbd_open_edpt_pair
                0x000000001000645c       0x8c CMakeFiles/PicoMQTT.dir/home/piadmin/pico/pico-sdk/lib/tinyusb/src/device/usbd.c.obj
                0x000000001000645c                usbd_open_edpt_pair
 .text.usbd_edpt_claim
                0x00000000100064e8       0x8c CMakeFiles/PicoMQTT.dir/home/piadmin/pico/pico-sdk/lib/tinyusb/src/device/usbd.c.obj
                0x00000000100064e8                usbd_edpt_claim
 .text.usbd_edpt_release
                0x0000000010006574       0x68 CMakeFiles/PicoMQTT.dir/home/piadmin/pico/pico-sdk/lib/tinyusb/src/device/usbd.c.obj
                0x0000000010006574                usbd_edpt_release
 .text.usbd_edpt_xfer
                0x00000000100065dc       0x80 CMakeFiles/PicoMQTT.dir/home/piadmin/pico/pico-sdk/lib/tinyusb/src/device/usbd.c.obj
                0x00000000100065dc                usbd_edpt_xfer
 .text.usbd_edpt_stall
                0x000000001000665c       0x2c CMakeFiles/PicoMQTT.dir/home/piadmin/pico/pico-sdk/lib/tinyusb/src/device/usbd.c.obj
                0x000000001000665c                usbd_edpt_stall
 .text.usbd_edpt_clear_stall
                0x0000000010006688       0x2c CMakeFiles/PicoMQTT.dir/home/piadmin/pico/pico-sdk/lib/tinyusb/src/device/usbd.c.obj
                0x0000000010006688                usbd_edpt_clear_stall
 .text.usbd_edpt_stalled
                0x00000000100066b4       0x1c CMakeFiles/PicoMQTT.dir/home/piadmin/pico/pico-sdk/lib/tinyusb/src/device/usbd.c.obj
                0x00000000100066b4                usbd_edpt_stalled
 .text.process_control_request
                0x00000000100066d0      0x380 CMakeFiles/PicoMQTT.dir/home/piadmin/pico/pico-sdk/lib/tinyusb/src/device/usbd.c.obj
 .text.tud_task
                0x0000000010006a50      0x204 CMakeFiles/PicoMQTT.dir/home/piadmin/pico/pico-sdk/lib/tinyusb/src/device/usbd.c.obj
                0x0000000010006a50                tud_task
 .text._data_stage_xact
                0x0000000010006c54       0x58 CMakeFiles/PicoMQTT.dir/home/piadmin/pico/pico-sdk/lib/tinyusb/src/device/usbd_control.c.obj
 .text.tud_control_status
                0x0000000010006cac       0x38 CMakeFiles/PicoMQTT.dir/home/piadmin/pico/pico-sdk/lib/tinyusb/src/device/usbd_control.c.obj
                0x0000000010006cac                tud_control_status
 .text.tud_control_xfer
                0x0000000010006ce4       0xa8 CMakeFiles/PicoMQTT.dir/home/piadmin/pico/pico-sdk/lib/tinyusb/src/device/usbd_control.c.obj
                0x0000000010006ce4                tud_control_xfer
 .text.usbd_control_reset
                0x0000000010006d8c       0x14 CMakeFiles/PicoMQTT.dir/home/piadmin/pico/pico-sdk/lib/tinyusb/src/device/usbd_control.c.obj
                0x0000000010006d8c                usbd_control_reset
 .text.usbd_control_set_complete_callback
                0x0000000010006da0        0xc CMakeFiles/PicoMQTT.dir/home/piadmin/pico/pico-sdk/lib/tinyusb/src/device/usbd_control.c.obj
                0x0000000010006da0                usbd_control_set_complete_callback
 .text.usbd_control_set_request
                0x0000000010006dac       0x1c CMakeFiles/PicoMQTT.dir/home/piadmin/pico/pico-sdk/lib/tinyusb/src/device/usbd_control.c.obj
                0x0000000010006dac                usbd_control_set_request
 .text.usbd_control_xfer_cb
                0x0000000010006dc8       0xfc CMakeFiles/PicoMQTT.dir/home/piadmin/pico/pico-sdk/lib/tinyusb/src/device/usbd_control.c.obj
                0x0000000010006dc8                usbd_control_xfer_cb
 .text._prep_out_transaction
                0x0000000010006ec4       0x46 CMakeFiles/PicoMQTT.dir/home/piadmin/pico/pico-sdk/lib/tinyusb/src/class/cdc/cdc_device.c.obj
 *fill*         0x0000000010006f0a        0x2 
 .text.tud_cdc_n_connected
                0x0000000010006f0c       0x44 CMakeFiles/PicoMQTT.dir/home/piadmin/pico/pico-sdk/lib/tinyusb/src/class/cdc/cdc_device.c.obj
                0x0000000010006f0c                tud_cdc_n_connected
 .text.tud_cdc_n_available
                0x0000000010006f50       0x18 CMakeFiles/PicoMQTT.dir/home/piadmin/pico/pico-sdk/lib/tinyusb/src/class/cdc/cdc_device.c.obj
                0x0000000010006f50                tud_cdc_n_available
 .text.tud_cdc_n_read
                0x0000000010006f68       0x28 CMakeFiles/PicoMQTT.dir/home/piadmin/pico/pico-sdk/lib/tinyusb/src/class/cdc/cdc_device.c.obj
                0x0000000010006f68                tud_cdc_n_read
 .text.tud_cdc_n_write_flush
                0x0000000010006f90       0xcc CMakeFiles/PicoMQTT.dir/home/piadmin/pico/pico-sdk/lib/tinyusb/src/class/cdc/cdc_device.c.obj
                0x0000000010006f90                tud_cdc_n_write_flush
 .text.tud_cdc_n_write
                0x000000001000705c       0x38 CMakeFiles/PicoMQTT.dir/home/piadmin/pico/pico-sdk/lib/tinyusb/src/class/cdc/cdc_device.c.obj
                0x000000001000705c                tud_cdc_n_write
 .text.tud_cdc_n_write_available
                0x0000000010007094       0x1c CMakeFiles/PicoMQTT.dir/home/piadmin/pico/pico-sdk/lib/tinyusb/src/class/cdc/cdc_device.c.obj
                0x0000000010007094                tud_cdc_n_write_available
 .text.cdcd_init
                0x00000000100070b0       0xbc CMakeFiles/PicoMQTT.dir/home/piadmin/pico/pico-sdk/lib/tinyusb/src/class/cdc/cdc_device.c.obj
                0x00000000100070b0                cdcd_init
 .text.cdcd_reset
                0x000000001000716c       0x44 CMakeFiles/PicoMQTT.dir/home/piadmin/pico/pico-sdk/lib/tinyusb/src/class/cdc/cdc_device.c.obj
                0x000000001000716c                cdcd_reset
 .text.cdcd_open
                0x00000000100071b0      0x10c CMakeFiles/PicoMQTT.dir/home/piadmin/pico/pico-sdk/lib/tinyusb/src/class/cdc/cdc_device.c.obj
                0x00000000100071b0                cdcd_open
 .text.cdcd_control_xfer_cb
                0x00000000100072bc      0x134 CMakeFiles/PicoMQTT.dir/home/piadmin/pico/pico-sdk/lib/tinyusb/src/class/cdc/cdc_device.c.obj
                0x00000000100072bc                cdcd_control_xfer_cb
 .text.cdcd_xfer_cb
                0x00000000100073f0      0x144 CMakeFiles/PicoMQTT.dir/home/piadmin/pico/pico-sdk/lib/tinyusb/src/class/cdc/cdc_device.c.obj
                0x00000000100073f0                cdcd_xfer_cb
 .text.tusb_init
                0x0000000010007534       0x24 CMakeFiles/PicoMQTT.dir/home/piadmin/pico/pico-sdk/lib/tinyusb/src/tusb.c.obj
                0x0000000010007534                tusb_init
 .text.tusb_inited
                0x0000000010007558        0xe CMakeFiles/PicoMQTT.dir/home/piadmin/pico/pico-sdk/lib/tinyusb/src/tusb.c.obj
                0x0000000010007558                tusb_inited
 .text.advance_pointer
                0x0000000010007566       0x1e CMakeFiles/PicoMQTT.dir/home/piadmin/pico/pico-sdk/lib/tinyusb/src/common/tusb_fifo.c.obj
 .text.backward_pointer
                0x0000000010007584       0x1a CMakeFiles/PicoMQTT.dir/home/piadmin/pico/pico-sdk/lib/tinyusb/src/common/tusb_fifo.c.obj
 .text.get_relative_pointer
                0x000000001000759e       0x10 CMakeFiles/PicoMQTT.dir/home/piadmin/pico/pico-sdk/lib/tinyusb/src/common/tusb_fifo.c.obj
 .text._tu_fifo_peek
                0x00000000100075ae       0x50 CMakeFiles/PicoMQTT.dir/home/piadmin/pico/pico-sdk/lib/tinyusb/src/common/tusb_fifo.c.obj
 .text._ff_pull_const_addr
                0x00000000100075fe       0x4c CMakeFiles/PicoMQTT.dir/home/piadmin/pico/pico-sdk/lib/tinyusb/src/common/tusb_fifo.c.obj
 .text._ff_pull_n
                0x000000001000764a      0x10c CMakeFiles/PicoMQTT.dir/home/piadmin/pico/pico-sdk/lib/tinyusb/src/common/tusb_fifo.c.obj
 .text._tu_fifo_peek_n
                0x0000000010007756       0x5e CMakeFiles/PicoMQTT.dir/home/piadmin/pico/pico-sdk/lib/tinyusb/src/common/tusb_fifo.c.obj
 .text._tu_fifo_read_n
                0x00000000100077b4       0x4e CMakeFiles/PicoMQTT.dir/home/piadmin/pico/pico-sdk/lib/tinyusb/src/common/tusb_fifo.c.obj
 .text._ff_push_const_addr
                0x0000000010007802       0x40 CMakeFiles/PicoMQTT.dir/home/piadmin/pico/pico-sdk/lib/tinyusb/src/common/tusb_fifo.c.obj
 .text._ff_push_n
                0x0000000010007842      0x106 CMakeFiles/PicoMQTT.dir/home/piadmin/pico/pico-sdk/lib/tinyusb/src/common/tusb_fifo.c.obj
 .text._tu_fifo_write_n
                0x0000000010007948       0x9e CMakeFiles/PicoMQTT.dir/home/piadmin/pico/pico-sdk/lib/tinyusb/src/common/tusb_fifo.c.obj
 .text.tu_fifo_config
                0x00000000100079e6       0x72 CMakeFiles/PicoMQTT.dir/home/piadmin/pico/pico-sdk/lib/tinyusb/src/common/tusb_fifo.c.obj
                0x00000000100079e6                tu_fifo_config
 .text.tu_fifo_count
                0x0000000010007a58       0x26 CMakeFiles/PicoMQTT.dir/home/piadmin/pico/pico-sdk/lib/tinyusb/src/common/tusb_fifo.c.obj
                0x0000000010007a58                tu_fifo_count
 .text.tu_fifo_empty
                0x0000000010007a7e        0xe CMakeFiles/PicoMQTT.dir/home/piadmin/pico/pico-sdk/lib/tinyusb/src/common/tusb_fifo.c.obj
                0x0000000010007a7e                tu_fifo_empty
 .text.tu_fifo_remaining
                0x0000000010007a8c       0x20 CMakeFiles/PicoMQTT.dir/home/piadmin/pico/pico-sdk/lib/tinyusb/src/common/tusb_fifo.c.obj
                0x0000000010007a8c                tu_fifo_remaining
 .text.tu_fifo_read
                0x0000000010007aac       0x42 CMakeFiles/PicoMQTT.dir/home/piadmin/pico/pico-sdk/lib/tinyusb/src/common/tusb_fifo.c.obj
                0x0000000010007aac                tu_fifo_read
 .text.tu_fifo_read_n
                0x0000000010007aee        0xa CMakeFiles/PicoMQTT.dir/home/piadmin/pico/pico-sdk/lib/tinyusb/src/common/tusb_fifo.c.obj
                0x0000000010007aee                tu_fifo_read_n
 .text.tu_fifo_write
                0x0000000010007af8       0x6c CMakeFiles/PicoMQTT.dir/home/piadmin/pico/pico-sdk/lib/tinyusb/src/common/tusb_fifo.c.obj
                0x0000000010007af8                tu_fifo_write
 .text.tu_fifo_write_n
                0x0000000010007b64        0xa CMakeFiles/PicoMQTT.dir/home/piadmin/pico/pico-sdk/lib/tinyusb/src/common/tusb_fifo.c.obj
                0x0000000010007b64                tu_fifo_write_n
 .text.tu_fifo_clear
                0x0000000010007b6e       0x4c CMakeFiles/PicoMQTT.dir/home/piadmin/pico/pico-sdk/lib/tinyusb/src/common/tusb_fifo.c.obj
                0x0000000010007b6e                tu_fifo_clear
 .text.tu_fifo_set_overwritable
                0x0000000010007bba       0x3c CMakeFiles/PicoMQTT.dir/home/piadmin/pico/pico-sdk/lib/tinyusb/src/common/tusb_fifo.c.obj
                0x0000000010007bba                tu_fifo_set_overwritable
 *fill*         0x0000000010007bf6        0x2 
 .text._retrieve_unique_id_on_boot
                0x0000000010007bf8       0x10 CMakeFiles/PicoMQTT.dir/home/piadmin/pico/pico-sdk/src/rp2_common/pico_unique_id/unique_id.c.obj
 .text.pico_get_unique_board_id_string
                0x0000000010007c08       0x60 CMakeFiles/PicoMQTT.dir/home/piadmin/pico/pico-sdk/src/rp2_common/pico_unique_id/unique_id.c.obj
                0x0000000010007c08                pico_get_unique_board_id_string
 .text.flash_get_unique_id
                0x0000000010007c68       0x46 CMakeFiles/PicoMQTT.dir/home/piadmin/pico/pico-sdk/src/rp2_common/hardware_flash/flash.c.obj
                0x0000000010007c68                flash_get_unique_id
 .text.vListInitialise
                0x0000000010007cae       0x16 CMakeFiles/PicoMQTT.dir/__/lib/FreeRTOS-Kernel/list.c.obj
                0x0000000010007cae                vListInitialise
 .text.vListInitialiseItem
                0x0000000010007cc4        0x6 CMakeFiles/PicoMQTT.dir/__/lib/FreeRTOS-Kernel/list.c.obj
                0x0000000010007cc4                vListInitialiseItem
 .text.vListInsertEnd
                0x0000000010007cca       0x16 CMakeFiles/PicoMQTT.dir/__/lib/FreeRTOS-Kernel/list.c.obj
                0x0000000010007cca                vListInsertEnd
 .text.vListInsert
                0x0000000010007ce0       0x2e CMakeFiles/PicoMQTT.dir/__/lib/FreeRTOS-Kernel/list.c.obj
                0x0000000010007ce0                vListInsert
 .text.uxListRemove
                0x0000000010007d0e       0x26 CMakeFiles/PicoMQTT.dir/__/lib/FreeRTOS-Kernel/list.c.obj
                0x0000000010007d0e                uxListRemove
 .text.prvGetDisinheritPriorityAfterTimeout
                0x0000000010007d34       0x12 CMakeFiles/PicoMQTT.dir/__/lib/FreeRTOS-Kernel/queue.c.obj
 .text.prvIsQueueFull
                0x0000000010007d46       0x1e CMakeFiles/PicoMQTT.dir/__/lib/FreeRTOS-Kernel/queue.c.obj
 .text.prvIsQueueEmpty
                0x0000000010007d64       0x1c CMakeFiles/PicoMQTT.dir/__/lib/FreeRTOS-Kernel/queue.c.obj
 .text.prvCopyDataToQueue
                0x0000000010007d80       0x82 CMakeFiles/PicoMQTT.dir/__/lib/FreeRTOS-Kernel/queue.c.obj
 .text.prvCopyDataFromQueue
                0x0000000010007e02       0x24 CMakeFiles/PicoMQTT.dir/__/lib/FreeRTOS-Kernel/queue.c.obj
 .text.prvUnlockQueue
                0x0000000010007e26       0x72 CMakeFiles/PicoMQTT.dir/__/lib/FreeRTOS-Kernel/queue.c.obj
 .text.xQueueGenericReset
                0x0000000010007e98       0xb8 CMakeFiles/PicoMQTT.dir/__/lib/FreeRTOS-Kernel/queue.c.obj
                0x0000000010007e98                xQueueGenericReset
 .text.prvInitialiseNewQueue
                0x0000000010007f50       0x1c CMakeFiles/PicoMQTT.dir/__/lib/FreeRTOS-Kernel/queue.c.obj
 .text.xQueueGenericCreateStatic
                0x0000000010007f6c       0x44 CMakeFiles/PicoMQTT.dir/__/lib/FreeRTOS-Kernel/queue.c.obj
                0x0000000010007f6c                xQueueGenericCreateStatic
 .text.xQueueGenericCreate
                0x0000000010007fb0       0x84 CMakeFiles/PicoMQTT.dir/__/lib/FreeRTOS-Kernel/queue.c.obj
                0x0000000010007fb0                xQueueGenericCreate
 .text.xQueueGenericSend
                0x0000000010008034       0xf2 CMakeFiles/PicoMQTT.dir/__/lib/FreeRTOS-Kernel/queue.c.obj
                0x0000000010008034                xQueueGenericSend
 .text.prvInitialiseMutex
                0x0000000010008126       0x18 CMakeFiles/PicoMQTT.dir/__/lib/FreeRTOS-Kernel/queue.c.obj
 .text.xQueueCreateMutex
                0x000000001000813e       0x16 CMakeFiles/PicoMQTT.dir/__/lib/FreeRTOS-Kernel/queue.c.obj
                0x000000001000813e                xQueueCreateMutex
 .text.xQueueGiveMutexRecursive
                0x0000000010008154       0x2e CMakeFiles/PicoMQTT.dir/__/lib/FreeRTOS-Kernel/queue.c.obj
                0x0000000010008154                xQueueGiveMutexRecursive
 .text.xQueueGenericSendFromISR
                0x0000000010008182       0x7a CMakeFiles/PicoMQTT.dir/__/lib/FreeRTOS-Kernel/queue.c.obj
                0x0000000010008182                xQueueGenericSendFromISR
 .text.xQueueReceive
                0x00000000100081fc       0xee CMakeFiles/PicoMQTT.dir/__/lib/FreeRTOS-Kernel/queue.c.obj
                0x00000000100081fc                xQueueReceive
 .text.xQueueSemaphoreTake
                0x00000000100082ea      0x128 CMakeFiles/PicoMQTT.dir/__/lib/FreeRTOS-Kernel/queue.c.obj
                0x00000000100082ea                xQueueSemaphoreTake
 .text.xQueueTakeMutexRecursive
                0x0000000010008412       0x2e CMakeFiles/PicoMQTT.dir/__/lib/FreeRTOS-Kernel/queue.c.obj
                0x0000000010008412                xQueueTakeMutexRecursive
 .text.uxQueueMessagesWaiting
                0x0000000010008440       0x12 CMakeFiles/PicoMQTT.dir/__/lib/FreeRTOS-Kernel/queue.c.obj
                0x0000000010008440                uxQueueMessagesWaiting
 *fill*         0x0000000010008452        0x2 
 .text.vQueueAddToRegistry
                0x0000000010008454       0x44 CMakeFiles/PicoMQTT.dir/__/lib/FreeRTOS-Kernel/queue.c.obj
                0x0000000010008454                vQueueAddToRegistry
 .text.vQueueUnregisterQueue
                0x0000000010008498       0x28 CMakeFiles/PicoMQTT.dir/__/lib/FreeRTOS-Kernel/queue.c.obj
                0x0000000010008498                vQueueUnregisterQueue
 .text.vQueueDelete
                0x00000000100084c0       0x1a CMakeFiles/PicoMQTT.dir/__/lib/FreeRTOS-Kernel/queue.c.obj
                0x00000000100084c0                vQueueDelete
 .text.vQueueWaitForMessageRestricted
                0x00000000100084da       0x50 CMakeFiles/PicoMQTT.dir/__/lib/FreeRTOS-Kernel/queue.c.obj
                0x00000000100084da                vQueueWaitForMessageRestricted
 .text.prvBytesInBuffer
                0x000000001000852a       0x12 CMakeFiles/PicoMQTT.dir/__/lib/FreeRTOS-Kernel/stream_buffer.c.obj
 .text.prvInitialiseNewStreamBuffer
                0x000000001000853c       0x2c CMakeFiles/PicoMQTT.dir/__/lib/FreeRTOS-Kernel/stream_buffer.c.obj
 .text.prvWriteBytesToBuffer
                0x0000000010008568       0x46 CMakeFiles/PicoMQTT.dir/__/lib/FreeRTOS-Kernel/stream_buffer.c.obj
 .text.prvWriteMessageToBuffer
                0x00000000100085ae       0x4c CMakeFiles/PicoMQTT.dir/__/lib/FreeRTOS-Kernel/stream_buffer.c.obj
 .text.prvReadBytesFromBuffer
                0x00000000100085fa       0x46 CMakeFiles/PicoMQTT.dir/__/lib/FreeRTOS-Kernel/stream_buffer.c.obj
 .text.prvReadMessageFromBuffer
                0x0000000010008640       0x4c CMakeFiles/PicoMQTT.dir/__/lib/FreeRTOS-Kernel/stream_buffer.c.obj
 .text.xStreamBufferGenericCreate
                0x000000001000868c       0x40 CMakeFiles/PicoMQTT.dir/__/lib/FreeRTOS-Kernel/stream_buffer.c.obj
                0x000000001000868c                xStreamBufferGenericCreate
 .text.xStreamBufferSpacesAvailable
                0x00000000100086cc       0x1e CMakeFiles/PicoMQTT.dir/__/lib/FreeRTOS-Kernel/stream_buffer.c.obj
                0x00000000100086cc                xStreamBufferSpacesAvailable
 .text.xStreamBufferSend
                0x00000000100086ea       0xda CMakeFiles/PicoMQTT.dir/__/lib/FreeRTOS-Kernel/stream_buffer.c.obj
                0x00000000100086ea                xStreamBufferSend
 .text.xStreamBufferReceive
                0x00000000100087c4       0xa6 CMakeFiles/PicoMQTT.dir/__/lib/FreeRTOS-Kernel/stream_buffer.c.obj
                0x00000000100087c4                xStreamBufferReceive
 .text.xStreamBufferIsEmpty
                0x000000001000886a       0x10 CMakeFiles/PicoMQTT.dir/__/lib/FreeRTOS-Kernel/stream_buffer.c.obj
                0x000000001000886a                xStreamBufferIsEmpty
 *fill*         0x000000001000887a        0x2 
 .text.prvResetNextTaskUnblockTime
                0x000000001000887c       0x2c CMakeFiles/PicoMQTT.dir/__/lib/FreeRTOS-Kernel/tasks.c.obj
 .text.prvInitialiseNewTask
                0x00000000100088a8       0x94 CMakeFiles/PicoMQTT.dir/__/lib/FreeRTOS-Kernel/tasks.c.obj
 .text.prvInitialiseTaskLists
                0x000000001000893c       0x68 CMakeFiles/PicoMQTT.dir/__/lib/FreeRTOS-Kernel/tasks.c.obj
 .text.prvAddNewTaskToReadyList
                0x00000000100089a4       0xc4 CMakeFiles/PicoMQTT.dir/__/lib/FreeRTOS-Kernel/tasks.c.obj
 .text.prvDeleteTCB
                0x0000000010008a68       0x26 CMakeFiles/PicoMQTT.dir/__/lib/FreeRTOS-Kernel/tasks.c.obj
 *fill*         0x0000000010008a8e        0x2 
 .text.prvCheckTasksWaitingTermination
                0x0000000010008a90       0x44 CMakeFiles/PicoMQTT.dir/__/lib/FreeRTOS-Kernel/tasks.c.obj
 .text.prvIdleTask
                0x0000000010008ad4       0x18 CMakeFiles/PicoMQTT.dir/__/lib/FreeRTOS-Kernel/tasks.c.obj
 .text.prvAddCurrentTaskToDelayedList
                0x0000000010008aec       0x94 CMakeFiles/PicoMQTT.dir/__/lib/FreeRTOS-Kernel/tasks.c.obj
 .text.xTaskCreateStatic
                0x0000000010008b80       0x58 CMakeFiles/PicoMQTT.dir/__/lib/FreeRTOS-Kernel/tasks.c.obj
                0x0000000010008b80                xTaskCreateStatic
 .text.xTaskCreate
                0x0000000010008bd8       0x6c CMakeFiles/PicoMQTT.dir/__/lib/FreeRTOS-Kernel/tasks.c.obj
                0x0000000010008bd8                xTaskCreate
 .text.vTaskDelete
                0x0000000010008c44       0x98 CMakeFiles/PicoMQTT.dir/__/lib/FreeRTOS-Kernel/tasks.c.obj
                0x0000000010008c44                vTaskDelete
 .text.vTaskStartScheduler
                0x0000000010008cdc       0x78 CMakeFiles/PicoMQTT.dir/__/lib/FreeRTOS-Kernel/tasks.c.obj
                0x0000000010008cdc                vTaskStartScheduler
 .text.vTaskSuspendAll
                0x0000000010008d54       0x10 CMakeFiles/PicoMQTT.dir/__/lib/FreeRTOS-Kernel/tasks.c.obj
                0x0000000010008d54                vTaskSuspendAll
 .text.xTaskGetTickCount
                0x0000000010008d64        0xc CMakeFiles/PicoMQTT.dir/__/lib/FreeRTOS-Kernel/tasks.c.obj
                0x0000000010008d64                xTaskGetTickCount
 .text.xTaskIncrementTick
                0x0000000010008d70      0x144 CMakeFiles/PicoMQTT.dir/__/lib/FreeRTOS-Kernel/tasks.c.obj
                0x0000000010008d70                xTaskIncrementTick
 .text.xTaskResumeAll
                0x0000000010008eb4      0x134 CMakeFiles/PicoMQTT.dir/__/lib/FreeRTOS-Kernel/tasks.c.obj
                0x0000000010008eb4                xTaskResumeAll
 .text.vTaskDelay
                0x0000000010008fe8       0x20 CMakeFiles/PicoMQTT.dir/__/lib/FreeRTOS-Kernel/tasks.c.obj
                0x0000000010008fe8                vTaskDelay
 .text.vTaskSwitchContext
                0x0000000010009008       0x84 CMakeFiles/PicoMQTT.dir/__/lib/FreeRTOS-Kernel/tasks.c.obj
                0x0000000010009008                vTaskSwitchContext
 .text.vTaskPlaceOnEventList
                0x000000001000908c       0x1c CMakeFiles/PicoMQTT.dir/__/lib/FreeRTOS-Kernel/tasks.c.obj
                0x000000001000908c                vTaskPlaceOnEventList
 .text.vTaskPlaceOnEventListRestricted
                0x00000000100090a8       0x40 CMakeFiles/PicoMQTT.dir/__/lib/FreeRTOS-Kernel/tasks.c.obj
                0x00000000100090a8                vTaskPlaceOnEventListRestricted
 .text.xTaskRemoveFromEventList
                0x00000000100090e8       0xe0 CMakeFiles/PicoMQTT.dir/__/lib/FreeRTOS-Kernel/tasks.c.obj
                0x00000000100090e8                xTaskRemoveFromEventList
 .text.vTaskSetTimeOutState
                0x00000000100091c8       0x24 CMakeFiles/PicoMQTT.dir/__/lib/FreeRTOS-Kernel/tasks.c.obj
                0x00000000100091c8                vTaskSetTimeOutState
 .text.vTaskInternalSetTimeOutState
                0x00000000100091ec       0x18 CMakeFiles/PicoMQTT.dir/__/lib/FreeRTOS-Kernel/tasks.c.obj
                0x00000000100091ec                vTaskInternalSetTimeOutState
 .text.xTaskCheckForTimeOut
                0x0000000010009204       0x5c CMakeFiles/PicoMQTT.dir/__/lib/FreeRTOS-Kernel/tasks.c.obj
                0x0000000010009204                xTaskCheckForTimeOut
 .text.vTaskMissedYield
                0x0000000010009260        0xc CMakeFiles/PicoMQTT.dir/__/lib/FreeRTOS-Kernel/tasks.c.obj
                0x0000000010009260                vTaskMissedYield
 .text.xTaskGetCurrentTaskHandle
                0x000000001000926c        0xc CMakeFiles/PicoMQTT.dir/__/lib/FreeRTOS-Kernel/tasks.c.obj
                0x000000001000926c                xTaskGetCurrentTaskHandle
 .text.xTaskPriorityInherit
                0x0000000010009278       0xb4 CMakeFiles/PicoMQTT.dir/__/lib/FreeRTOS-Kernel/tasks.c.obj
                0x0000000010009278                xTaskPriorityInherit
 .text.xTaskPriorityDisinherit
                0x000000001000932c       0x80 CMakeFiles/PicoMQTT.dir/__/lib/FreeRTOS-Kernel/tasks.c.obj
                0x000000001000932c                xTaskPriorityDisinherit
 .text.vTaskPriorityDisinheritAfterTimeout
                0x00000000100093ac       0x8c CMakeFiles/PicoMQTT.dir/__/lib/FreeRTOS-Kernel/tasks.c.obj
                0x00000000100093ac                vTaskPriorityDisinheritAfterTimeout
 .text.pvTaskIncrementMutexHeldCount
                0x0000000010009438       0x1c CMakeFiles/PicoMQTT.dir/__/lib/FreeRTOS-Kernel/tasks.c.obj
                0x0000000010009438                pvTaskIncrementMutexHeldCount
 .text.xTaskGenericNotifyWait
                0x0000000010009454       0xa0 CMakeFiles/PicoMQTT.dir/__/lib/FreeRTOS-Kernel/tasks.c.obj
                0x0000000010009454                xTaskGenericNotifyWait
 .text.xTaskGenericNotify
                0x00000000100094f4      0x10c CMakeFiles/PicoMQTT.dir/__/lib/FreeRTOS-Kernel/tasks.c.obj
                0x00000000100094f4                xTaskGenericNotify
 .text.xTaskGenericNotifyStateClear
                0x0000000010009600       0x38 CMakeFiles/PicoMQTT.dir/__/lib/FreeRTOS-Kernel/tasks.c.obj
                0x0000000010009600                xTaskGenericNotifyStateClear
 .text.prvGetNextExpireTime
                0x0000000010009638       0x24 CMakeFiles/PicoMQTT.dir/__/lib/FreeRTOS-Kernel/timers.c.obj
 .text.prvInsertTimerInActiveList
                0x000000001000965c       0x48 CMakeFiles/PicoMQTT.dir/__/lib/FreeRTOS-Kernel/timers.c.obj
 .text.prvReloadTimer
                0x00000000100096a4       0x2a CMakeFiles/PicoMQTT.dir/__/lib/FreeRTOS-Kernel/timers.c.obj
 *fill*         0x00000000100096ce        0x2 
 .text.prvProcessExpiredTimer
                0x00000000100096d0       0x3c CMakeFiles/PicoMQTT.dir/__/lib/FreeRTOS-Kernel/timers.c.obj
 .text.prvSwitchTimerLists
                0x000000001000970c       0x30 CMakeFiles/PicoMQTT.dir/__/lib/FreeRTOS-Kernel/timers.c.obj
 .text.prvSampleTimeNow
                0x000000001000973c       0x2c CMakeFiles/PicoMQTT.dir/__/lib/FreeRTOS-Kernel/timers.c.obj
 .text.prvProcessTimerOrBlockTask
                0x0000000010009768       0x70 CMakeFiles/PicoMQTT.dir/__/lib/FreeRTOS-Kernel/timers.c.obj
 .text.prvProcessReceivedCommands
                0x00000000100097d8       0xdc CMakeFiles/PicoMQTT.dir/__/lib/FreeRTOS-Kernel/timers.c.obj
 .text.prvTimerTask
                0x00000000100098b4       0x16 CMakeFiles/PicoMQTT.dir/__/lib/FreeRTOS-Kernel/timers.c.obj
 *fill*         0x00000000100098ca        0x2 
 .text.prvCheckForValidListAndQueue
                0x00000000100098cc       0x70 CMakeFiles/PicoMQTT.dir/__/lib/FreeRTOS-Kernel/timers.c.obj
 .text.xTimerCreateTimerTask
                0x000000001000993c       0x5c CMakeFiles/PicoMQTT.dir/__/lib/FreeRTOS-Kernel/timers.c.obj
                0x000000001000993c                xTimerCreateTimerTask
 .text.prvTaskExitError
                0x0000000010009998       0x12 CMakeFiles/PicoMQTT.dir/__/lib/FreeRTOS-Kernel/portable/GCC/ARM_CM0/port.c.obj
 *fill*         0x00000000100099aa        0x6 
 .text.vPortStartFirstTask
                0x00000000100099b0       0x34 CMakeFiles/PicoMQTT.dir/__/lib/FreeRTOS-Kernel/portable/GCC/ARM_CM0/port.c.obj
 .text.pxPortInitialiseStack
                0x00000000100099e4       0x20 CMakeFiles/PicoMQTT.dir/__/lib/FreeRTOS-Kernel/portable/GCC/ARM_CM0/port.c.obj
                0x00000000100099e4                pxPortInitialiseStack
 .text.isr_svcall
                0x0000000010009a04        0x2 CMakeFiles/PicoMQTT.dir/__/lib/FreeRTOS-Kernel/portable/GCC/ARM_CM0/port.c.obj
                0x0000000010009a04                isr_svcall
 *fill*         0x0000000010009a06        0x2 
 .text.vPortYield
                0x0000000010009a08       0x18 CMakeFiles/PicoMQTT.dir/__/lib/FreeRTOS-Kernel/portable/GCC/ARM_CM0/port.c.obj