Archive member included to satisfy reference by file (symbol)

/usr/lib/gcc/arm-none-eabi/9.2.1/../../../arm-none-eabi/lib/thumb/v6-m/nofp/libstdc++.a(class_type_info.o)
                              CMakeFiles/PicoMQTT.dir/MQTTInterface.cpp.obj (vtable for __cxxabiv1::__class_type_info)
/usr/lib/gcc/arm-none-eabi/9.2.1/../../../arm-none-eabi/lib/thumb/v6-m/nofp/libstdc++.a(del_ops.o)
                              CMakeFiles/PicoMQTT.dir/MQTTAgent.cpp.obj (operator delete(void*, unsigned int))
/usr/lib/gcc/arm-none-eabi/9.2.1/../../../arm-none-eabi/lib/thumb/v6-m/nofp/libstdc++.a(eh_arm.o)
                              CMakeFiles/PicoMQTT.dir/MQTTRouterPing.cpp.obj (__cxa_end_cleanup)
/usr/lib/gcc/arm-none-eabi/9.2.1/../../../arm-none-eabi/lib/thumb/v6-m/nofp/libstdc++.a(eh_exception.o)
                              /usr/lib/gcc/arm-none-eabi/9.2.1/../../../arm-none-eabi/lib/thumb/v6-m/nofp/libstdc++.a(eh_arm.o) (typeinfo for __cxxabiv1::__forced_unwind)
/usr/lib/gcc/arm-none-eabi/9.2.1/../../../arm-none-eabi/lib/thumb/v6-m/nofp/libstdc++.a(eh_globals.o)
                              /usr/lib/gcc/arm-none-eabi/9.2.1/../../../arm-none-eabi/lib/thumb/v6-m/nofp/libstdc++.a(eh_arm.o) (__cxa_get_globals)
/usr/lib/gcc/arm-none-eabi/9.2.1/../../../arm-none-eabi/lib/thumb/v6-m/nofp/libstdc++.a(eh_personality.o)
                              CMakeFiles/PicoMQTT.dir/MQTTAgent.cpp.obj (__gxx_personality_v0)
/usr/lib/gcc/arm-none-eabi/9.2.1/../../../arm-none-eabi/lib/thumb/v6-m/nofp/libstdc++.a(eh_terminate.o)
                              /usr/lib/gcc/arm-none-eabi/9.2.1/../../../arm-none-eabi/lib/thumb/v6-m/nofp/libstdc++.a(eh_arm.o) (std::terminate())
/usr/lib/gcc/arm-none-eabi/9.2.1/../../../arm-none-eabi/lib/thumb/v6-m/nofp/libstdc++.a(eh_unex_handler.o)
                              /usr/lib/gcc/arm-none-eabi/9.2.1/../../../arm-none-eabi/lib/thumb/v6-m/nofp/libstdc++.a(eh_terminate.o) (__cxxabiv1::__unexpected_handler)
/usr/lib/gcc/arm-none-eabi/9.2.1/../../../arm-none-eabi/lib/thumb/v6-m/nofp/libstdc++.a(pure.o)
                              CMakeFiles/PicoMQTT.dir/MQTTInterface.cpp.obj (__cxa_pure_virtual)
/usr/lib/gcc/arm-none-eabi/9.2.1/../../../arm-none-eabi/lib/thumb/v6-m/nofp/libstdc++.a(si_class_type_info.o)
                              CMakeFiles/PicoMQTT.dir/MQTTAgent.cpp.obj (vtable for __cxxabiv1::__si_class_type_info)
/usr/lib/gcc/arm-none-eabi/9.2.1/../../../arm-none-eabi/lib/thumb/v6-m/nofp/libstdc++.a(tinfo.o)
                              /usr/lib/gcc/arm-none-eabi/9.2.1/../../../arm-none-eabi/lib/thumb/v6-m/nofp/libstdc++.a(class_type_info.o) (std::type_info::~type_info())
/usr/lib/gcc/arm-none-eabi/9.2.1/../../../arm-none-eabi/lib/thumb/v6-m/nofp/libstdc++.a(del_op.o)
                              /usr/lib/gcc/arm-none-eabi/9.2.1/../../../arm-none-eabi/lib/thumb/v6-m/nofp/libstdc++.a(del_ops.o) (operator delete(void*))
/usr/lib/gcc/arm-none-eabi/9.2.1/../../../arm-none-eabi/lib/thumb/v6-m/nofp/libstdc++.a(eh_call.o)
                              /usr/lib/gcc/arm-none-eabi/9.2.1/../../../arm-none-eabi/lib/thumb/v6-m/nofp/libstdc++.a(eh_personality.o) (__cxa_call_terminate)
/usr/lib/gcc/arm-none-eabi/9.2.1/../../../arm-none-eabi/lib/thumb/v6-m/nofp/libstdc++.a(eh_catch.o)
                              /usr/lib/gcc/arm-none-eabi/9.2.1/../../../arm-none-eabi/lib/thumb/v6-m/nofp/libstdc++.a(eh_personality.o) (__cxa_begin_catch)
/usr/lib/gcc/arm-none-eabi/9.2.1/../../../arm-none-eabi/lib/thumb/v6-m/nofp/libstdc++.a(eh_term_handler.o)
                              /usr/lib/gcc/arm-none-eabi/9.2.1/../../../arm-none-eabi/lib/thumb/v6-m/nofp/libstdc++.a(eh_terminate.o) (__cxxabiv1::__terminate_handler)
/usr/lib/gcc/arm-none-eabi/9.2.1/../../../arm-none-eabi/lib/thumb/v6-m/nofp/libstdc++.a(eh_throw.o)
                              /usr/lib/gcc/arm-none-eabi/9.2.1/../../../arm-none-eabi/lib/thumb/v6-m/nofp/libstdc++.a(eh_call.o) (__cxa_throw)
/usr/lib/gcc/arm-none-eabi/9.2.1/../../../arm-none-eabi/lib/thumb/v6-m/nofp/libstdc++.a(eh_alloc.o)
                              /usr/lib/gcc/arm-none-eabi/9.2.1/../../../arm-none-eabi/lib/thumb/v6-m/nofp/libstdc++.a(eh_call.o) (__cxa_allocate_exception)
/usr/lib/gcc/arm-none-eabi/9.2.1/thumb/v6-m/nofp/libgcc.a(_dvmd_tls.o)
                              CMakeFiles/PicoMQTT.dir/home/piadmin/pico/pico-sdk/src/rp2_common/pico_divider/divider.S.obj (__aeabi_idiv0)
/usr/lib/gcc/arm-none-eabi/9.2.1/thumb/v6-m/nofp/libgcc.a(unwind-arm.o)
                              CMakeFiles/PicoMQTT.dir/MQTTRouterPing.cpp.obj (__aeabi_unwind_cpp_pr1)
/usr/lib/gcc/arm-none-eabi/9.2.1/thumb/v6-m/nofp/libgcc.a(libunwind.o)
                              /usr/lib/gcc/arm-none-eabi/9.2.1/thumb/v6-m/nofp/libgcc.a(unwind-arm.o) (restore_core_regs)
/usr/lib/gcc/arm-none-eabi/9.2.1/thumb/v6-m/nofp/libgcc.a(pr-support.o)
                              /usr/lib/gcc/arm-none-eabi/9.2.1/thumb/v6-m/nofp/libgcc.a(unwind-arm.o) (__gnu_unwind_execute)
[...]
Memory Configuration

Name             Origin             Length             Attributes
FLASH            0x0000000010000000 0x0000000000200000 xr
RAM              0x0000000020000000 0x0000000000040000 xrw
SCRATCH_X        0x0000000020040000 0x0000000000001000 xrw
SCRATCH_Y        0x0000000020041000 0x0000000000001000 xrw
*default*        0x0000000000000000 0xffffffffffffffff

Linker script and memory map

LOAD /usr/lib/gcc/arm-none-eabi/9.2.1/thumb/v6-m/nofp/crti.o
LOAD /usr/lib/gcc/arm-none-eabi/9.2.1/thumb/v6-m/nofp/crtbegin.o
LOAD /usr/lib/gcc/arm-none-eabi/9.2.1/../../../arm-none-eabi/lib/thumb/v6-m/nofp/crt0.o

.flash_begin    0x0000000010000000        0x0
                0x0000000010000000                __flash_binary_start = .

.boot2          0x0000000010000000      0x100
                0x0000000010000000                __boot2_start__ = .
 *(.boot2)
 .boot2         0x0000000010000000      0x100 /tmp/cc16Y3Ln.o
                0x0000000010000100                __boot2_end__ = .
                0x0000000000000001                ASSERT (((__boot2_end__ - __boot2_start__) == 0x100), ERROR: Pico second stage bootloader must be 256 bytes in size)

.text           0x0000000010000100    0x11560
                0x0000000010000100                __logical_binary_start = .
 *(.vectors)
 .vectors       0x0000000010000100       0xd4 CMakeFiles/PicoMQTT.dir/home/piadmin/pico/pico-sdk/src/rp2_common/pico_standard_link/crt0.S.obj
                0x0000000010000100                __vectors
                0x0000000010000100                __VECTOR_TABLE
                0x00000000100001c0                isr_invalid
                0x00000000100001c0                __default_isrs_start
                0x00000000100001c2                isr_nmi
                0x00000000100001c4                isr_hardfault
                0x00000000100001cc                isr_irq30
                0x00000000100001cc                __unhandled_user_irq
                0x00000000100001cc                isr_irq13
                0x00000000100001cc                isr_irq27
                0x00000000100001cc                isr_irq31
                0x00000000100001cc                isr_irq5
                0x00000000100001cc                isr_irq11
                0x00000000100001cc                isr_irq23
                0x00000000100001cc                isr_irq18
                0x00000000100001cc                isr_irq28
                0x00000000100001cc                isr_irq19
                0x00000000100001cc                isr_irq0
                0x00000000100001cc                isr_irq6
                0x00000000100001cc                isr_irq22
                0x00000000100001cc                isr_irq17
                0x00000000100001cc                isr_irq14
                0x00000000100001cc                isr_irq2
                0x00000000100001cc                isr_irq10
                0x00000000100001cc                isr_irq8
                0x00000000100001cc                isr_irq24
                0x00000000100001cc                isr_irq1
                0x00000000100001cc                isr_irq7
                0x00000000100001cc                isr_irq21
                0x00000000100001cc                isr_irq20
                0x00000000100001cc                isr_irq15
                0x00000000100001cc                isr_irq25
                0x00000000100001cc                isr_irq4
                0x00000000100001cc                isr_irq16
                0x00000000100001cc                isr_irq29
                0x00000000100001cc                isr_irq26
                0x00000000100001cc                __default_isrs_end
                0x00000000100001cc                isr_irq3
                0x00000000100001cc                isr_irq12
                0x00000000100001cc                isr_irq9
                0x00000000100001d2                unhandled_user_irq_num_in_r0
 *(.binary_info_header)
 .binary_info_header
                0x00000000100001d4       0x14 CMakeFiles/PicoMQTT.dir/home/piadmin/pico/pico-sdk/src/rp2_common/pico_standard_link/crt0.S.obj
                0x00000000100001e8                __binary_info_header_end = .
 *(.reset)
 .reset         0x00000000100001e8       0xa8 CMakeFiles/PicoMQTT.dir/home/piadmin/pico/pico-sdk/src/rp2_common/pico_standard_link/crt0.S.obj
                0x00000000100001e8                _entry_point
                0x0000000010000266                __get_current_exception
 .reset         0x0000000010000290       0x30 CMakeFiles/PicoMQTT.dir/home/piadmin/pico/pico-sdk/src/rp2_common/pico_standard_link/binary_info.c.obj
 *(.init)
 .init          0x00000000100002c0        0x4 /usr/lib/gcc/arm-none-eabi/9.2.1/thumb/v6-m/nofp/crti.o
                0x00000000100002c0                _init
 *(EXCLUDE_FILE(*libm.a: *libc.a:*lib_a-mem*.o *libgcc.a:) .text*)
 .text          0x00000000100002c4       0x98 /usr/lib/gcc/arm-none-eabi/9.2.1/thumb/v6-m/nofp/crtbegin.o
 .text._Z19lwesp_callback_funcP9lwesp_evt
                0x000000001000035c       0x10 CMakeFiles/PicoMQTT.dir/main.cpp.obj
                0x000000001000035c                lwesp_callback_func(lwesp_evt*)
 .text._Z6ip2strPcP10lwesp_ip_t
                0x000000001000036c       0x20 CMakeFiles/PicoMQTT.dir/main.cpp.obj
                0x000000001000036c                ip2str(char*, lwesp_ip_t*)
 .text.main     0x000000001000038c       0x44 CMakeFiles/PicoMQTT.dir/main.cpp.obj
                0x000000001000038c                main
 .text._Z9startMQTTv
                0x00000000100003d0       0x5c CMakeFiles/PicoMQTT.dir/main.cpp.obj
                0x00000000100003d0                startMQTT()
 .text._Z11init_threadPv
                0x000000001000042c      0x104 CMakeFiles/PicoMQTT.dir/main.cpp.obj
                0x000000001000042c                init_thread(void*)
 .text._Z41__static_initialization_and_destruction_0ii
                0x0000000010000530       0x4c CMakeFiles/PicoMQTT.dir/main.cpp.obj
 .text._GLOBAL__sub_I_mqttRouter
                0x000000001000057c       0x10 CMakeFiles/PicoMQTT.dir/main.cpp.obj
 .text._ZN9MQTTAgent5getIdEv
                0x000000001000058c        0x4 CMakeFiles/PicoMQTT.dir/MQTTAgent.cpp.obj
                0x000000001000058c                MQTTAgent::getId()
 .text._ZN9MQTTAgent5routeEPKcjPKvj
                0x0000000010000590       0x1c CMakeFiles/PicoMQTT.dir/MQTTAgent.cpp.obj
                0x0000000010000590                MQTTAgent::route(char const*, unsigned int, void const*, unsigned int)
 .text._ZN9MQTTAgentD2Ev
                0x00000000100005ac       0x30 CMakeFiles/PicoMQTT.dir/MQTTAgent.cpp.obj
                0x00000000100005ac                MQTTAgent::~MQTTAgent()
                0x00000000100005ac                MQTTAgent::~MQTTAgent()
 .text._ZN9MQTTAgentD0Ev
                0x00000000100005dc       0x14 CMakeFiles/PicoMQTT.dir/MQTTAgent.cpp.obj
                0x00000000100005dc                MQTTAgent::~MQTTAgent()
 .text._ZN9MQTTAgent10pubToTopicEPKcPKvj
                0x00000000100005f0       0x58 CMakeFiles/PicoMQTT.dir/MQTTAgent.cpp.obj
                0x00000000100005f0                MQTTAgent::pubToTopic(char const*, void const*, unsigned int)
 .text._ZN9MQTTAgent5closeEv
                0x0000000010000648       0x10 CMakeFiles/PicoMQTT.dir/MQTTAgent.cpp.obj
                0x0000000010000648                MQTTAgent::close()
 .text._ZN9MQTTAgent10subToTopicEPKch
                0x0000000010000658       0x54 CMakeFiles/PicoMQTT.dir/MQTTAgent.cpp.obj
                0x0000000010000658                MQTTAgent::subToTopic(char const*, unsigned char)
 .text._ZN9MQTTAgentC2Ejj
                0x00000000100006ac       0x38 CMakeFiles/PicoMQTT.dir/MQTTAgent.cpp.obj
                0x00000000100006ac                MQTTAgent::MQTTAgent(unsigned int, unsigned int)
                0x00000000100006ac                MQTTAgent::MQTTAgent(unsigned int, unsigned int)
 .text._ZN9MQTTAgent4initEv
                0x00000000100006e4       0x68 CMakeFiles/PicoMQTT.dir/MQTTAgent.cpp.obj
                0x00000000100006e4                MQTTAgent::init()
 .text._ZN9MQTTAgent11credentialsEPKcS1_S1_
                0x000000001000074c       0x60 CMakeFiles/PicoMQTT.dir/MQTTAgent.cpp.obj
                0x000000001000074c                MQTTAgent::credentials(char const*, char const*, char const*)
 .text._ZN9MQTTAgent7connectEPctb
                0x00000000100007ac        0xe CMakeFiles/PicoMQTT.dir/MQTTAgent.cpp.obj
                0x00000000100007ac                MQTTAgent::connect(char*, unsigned short, bool)
 *fill*         0x00000000100007ba        0x2 
 .text._ZN9MQTTAgent5startEm
                0x00000000100007bc       0x34 CMakeFiles/PicoMQTT.dir/MQTTAgent.cpp.obj
                0x00000000100007bc                MQTTAgent::start(unsigned long)
 .text._ZN9MQTTAgent9setRouterEP10MQTTRouter
                0x00000000100007f0        0x4 CMakeFiles/PicoMQTT.dir/MQTTAgent.cpp.obj
                0x00000000100007f0                MQTTAgent::setRouter(MQTTRouter*)
 .text._ZN9MQTTAgent8mqttConnEv
                0x00000000100007f4       0xa0 CMakeFiles/PicoMQTT.dir/MQTTAgent.cpp.obj
                0x00000000100007f4                MQTTAgent::mqttConn()
 .text._ZN9MQTTAgent7mqttSubEv
                0x0000000010000894       0x18 CMakeFiles/PicoMQTT.dir/MQTTAgent.cpp.obj
                0x0000000010000894                MQTTAgent::mqttSub()
 .text._ZN9MQTTAgent7mqttRecEv
                0x00000000100008ac       0xc8 CMakeFiles/PicoMQTT.dir/MQTTAgent.cpp.obj
                0x00000000100008ac                MQTTAgent::mqttRec()
 .text._ZN9MQTTAgent3runEv
                0x0000000010000974       0x98 CMakeFiles/PicoMQTT.dir/MQTTAgent.cpp.obj
                0x0000000010000974                MQTTAgent::run()
 .text._ZN9MQTTAgent5vTaskEPv
                0x0000000010000a0c       0x14 CMakeFiles/PicoMQTT.dir/MQTTAgent.cpp.obj
                0x0000000010000a0c                MQTTAgent::vTask(void*)
 .text._ZN13MQTTInterfaceC2Ev
                0x0000000010000a20        0xc CMakeFiles/PicoMQTT.dir/MQTTInterface.cpp.obj
                0x0000000010000a20                MQTTInterface::MQTTInterface()
                0x0000000010000a20                MQTTInterface::MQTTInterface()
 .text._ZN13MQTTInterfaceD2Ev
                0x0000000010000a2c        0x2 CMakeFiles/PicoMQTT.dir/MQTTInterface.cpp.obj
                0x0000000010000a2c                MQTTInterface::~MQTTInterface()
                0x0000000010000a2c                MQTTInterface::~MQTTInterface()
 *fill*         0x0000000010000a2e        0x2 
 .text._ZN10MQTTRouterC2Ev
                0x0000000010000a30        0xc CMakeFiles/PicoMQTT.dir/MQTTRouter.cpp.obj
                0x0000000010000a30                MQTTRouter::MQTTRouter()
                0x0000000010000a30                MQTTRouter::MQTTRouter()
 .text._ZN10MQTTRouterD2Ev
                0x0000000010000a3c        0x2 CMakeFiles/PicoMQTT.dir/MQTTRouter.cpp.obj
                0x0000000010000a3c                MQTTRouter::~MQTTRouter()
                0x0000000010000a3c                MQTTRouter::~MQTTRouter()
 .text._ZN14MQTTRouterPing9subscribeEP13MQTTInterface
                0x0000000010000a3e       0x12 CMakeFiles/PicoMQTT.dir/MQTTRouterPing.cpp.obj
                0x0000000010000a3e                MQTTRouterPing::subscribe(MQTTInterface*)
 .text._ZN14MQTTRouterPing4initEPKcP13MQTTInterface
                0x0000000010000a50       0xc0 CMakeFiles/PicoMQTT.dir/MQTTRouterPing.cpp.obj
                0x0000000010000a50                MQTTRouterPing::init(char const*, MQTTInterface*)
 .text._ZN14MQTTRouterPing5routeEPKcjPKvjP13MQTTInterface
                0x0000000010000b10       0x7c CMakeFiles/PicoMQTT.dir/MQTTRouterPing.cpp.obj
                0x0000000010000b10                MQTTRouterPing::route(char const*, unsigned int, void const*, unsigned int, MQTTInterface*)
 .text._ZN14MQTTRouterPingC2Ev
                0x0000000010000b8c       0x30 CMakeFiles/PicoMQTT.dir/MQTTRouterPing.cpp.obj
                0x0000000010000b8c                MQTTRouterPing::MQTTRouterPing()
                0x0000000010000b8c                MQTTRouterPing::MQTTRouterPing()
 .text._ZN14MQTTRouterPingD2Ev
                0x0000000010000bbc       0x3c CMakeFiles/PicoMQTT.dir/MQTTRouterPing.cpp.obj
                0x0000000010000bbc                MQTTRouterPing::~MQTTRouterPing()
                0x0000000010000bbc                MQTTRouterPing::~MQTTRouterPing()
 .text._ZN14MQTTRouterPingD0Ev
                0x0000000010000bf8       0x14 CMakeFiles/PicoMQTT.dir/MQTTRouterPing.cpp.obj
                0x0000000010000bf8                MQTTRouterPing::~MQTTRouterPing()
 .text._ZN12MQTTPingTaskC2Ev
                0x0000000010000c0c       0x18 CMakeFiles/PicoMQTT.dir/MQTTPingTask.cpp.obj
                0x0000000010000c0c                MQTTPingTask::MQTTPingTask()
                0x0000000010000c0c                MQTTPingTask::MQTTPingTask()
 .text._ZN12MQTTPingTask12setInterfaceEP13MQTTInterface
                0x0000000010000c24        0x4 CMakeFiles/PicoMQTT.dir/MQTTPingTask.cpp.obj
                0x0000000010000c24                MQTTPingTask::setInterface(MQTTInterface*)
 .text._ZN12MQTTPingTask12setPongTopicEPc
                0x0000000010000c28        0x4 CMakeFiles/PicoMQTT.dir/MQTTPingTask.cpp.obj
                0x0000000010000c28                MQTTPingTask::setPongTopic(char*)
 .text._ZN12MQTTPingTask5startEm
                0x0000000010000c2c       0x68 CMakeFiles/PicoMQTT.dir/MQTTPingTask.cpp.obj
                0x0000000010000c2c                MQTTPingTask::start(unsigned long)
 .text._ZN12MQTTPingTask4stopEv
                0x0000000010000c94       0x22 CMakeFiles/PicoMQTT.dir/MQTTPingTask.cpp.obj
                0x0000000010000c94                MQTTPingTask::stop()
 *fill*         0x0000000010000cb6        0x2 
 .text._ZN12MQTTPingTaskD2Ev
                0x0000000010000cb8       0x18 CMakeFiles/PicoMQTT.dir/MQTTPingTask.cpp.obj
                0x0000000010000cb8                MQTTPingTask::~MQTTPingTask()
                0x0000000010000cb8                MQTTPingTask::~MQTTPingTask()
 .text._ZN12MQTTPingTaskD0Ev
                0x0000000010000cd0       0x14 CMakeFiles/PicoMQTT.dir/MQTTPingTask.cpp.obj
                0x0000000010000cd0                MQTTPingTask::~MQTTPingTask()
 .text._ZN12MQTTPingTask7addPingEPKvj
                0x0000000010000ce4       0x44 CMakeFiles/PicoMQTT.dir/MQTTPingTask.cpp.obj
                0x0000000010000ce4                MQTTPingTask::addPing(void const*, unsigned int)
 .text._ZN12MQTTPingTask3runEv
                0x0000000010000d28       0x70 CMakeFiles/PicoMQTT.dir/MQTTPingTask.cpp.obj
                0x0000000010000d28                MQTTPingTask::run()
 .text._ZN12MQTTPingTask5vTaskEPv
                0x0000000010000d98        0x6 CMakeFiles/PicoMQTT.dir/MQTTPingTask.cpp.obj
                0x0000000010000d98                MQTTPingTask::vTask(void*)
 .text._ZN15MQTTTopicHelper17lenLifeCycleTopicEPKc
                0x0000000010000d9e        0xa CMakeFiles/PicoMQTT.dir/MQTTTopicHelper.cpp.obj
                0x0000000010000d9e                MQTTTopicHelper::lenLifeCycleTopic(char const*)
 .text._ZN15MQTTTopicHelper17genLifeCycleTopicEPcPKc
                0x0000000010000da8       0x24 CMakeFiles/PicoMQTT.dir/MQTTTopicHelper.cpp.obj
                0x0000000010000da8                MQTTTopicHelper::genLifeCycleTopic(char*, char const*)
 .text._ZN15MQTTTopicHelper13lenThingTopicEPKcS1_
                0x0000000010000dcc       0x16 CMakeFiles/PicoMQTT.dir/MQTTTopicHelper.cpp.obj
                0x0000000010000dcc                MQTTTopicHelper::lenThingTopic(char const*, char const*)
 *fill*         0x0000000010000de2        0x2 
 .text._ZN15MQTTTopicHelper13genThingTopicEPcPKcS2_
                0x0000000010000de4       0x24 CMakeFiles/PicoMQTT.dir/MQTTTopicHelper.cpp.obj
                0x0000000010000de4                MQTTTopicHelper::genThingTopic(char*, char const*, char const*)
 .text.vApplicationGetIdleTaskMemory
                0x0000000010000e08       0x18 CMakeFiles/PicoMQTT.dir/port/FreeRTOS/IdleMemory.c.obj
                0x0000000010000e08                vApplicationGetIdleTaskMemory
 .text.vApplicationGetTimerTaskMemory
                0x0000000010000e20       0x18 CMakeFiles/PicoMQTT.dir/port/FreeRTOS/IdleMemory.c.obj
                0x0000000010000e20                vApplicationGetTimerTaskMemory
 .text.lwesp_sys_init
                0x0000000010000e38       0x18 CMakeFiles/PicoMQTT.dir/port/lwesp/lwesp_sys_freertos.c.obj
                0x0000000010000e38                lwesp_sys_init
 .text.lwesp_sys_now
                0x0000000010000e50        0x8 CMakeFiles/PicoMQTT.dir/port/lwesp/lwesp_sys_freertos.c.obj
                0x0000000010000e50                lwesp_sys_now
 .text.lwesp_sys_mutex_create
                0x0000000010000e58       0x14 CMakeFiles/PicoMQTT.dir/port/lwesp/lwesp_sys_freertos.c.obj
                0x0000000010000e58                lwesp_sys_mutex_create
 .text.lwesp_sys_mutex_delete
                0x0000000010000e6c        0xc CMakeFiles/PicoMQTT.dir/port/lwesp/lwesp_sys_freertos.c.obj
                0x0000000010000e6c                lwesp_sys_mutex_delete
 .text.lwesp_sys_mutex_lock
                0x0000000010000e78       0x16 CMakeFiles/PicoMQTT.dir/port/lwesp/lwesp_sys_freertos.c.obj
                0x0000000010000e78                lwesp_sys_mutex_lock
 *fill*         0x0000000010000e8e        0x2 
 .text.lwesp_sys_protect
                0x0000000010000e90       0x10 CMakeFiles/PicoMQTT.dir/port/lwesp/lwesp_sys_freertos.c.obj
                0x0000000010000e90                lwesp_sys_protect
 .text.lwesp_sys_mutex_unlock
                0x0000000010000ea0       0x12 CMakeFiles/PicoMQTT.dir/port/lwesp/lwesp_sys_freertos.c.obj
                0x0000000010000ea0                lwesp_sys_mutex_unlock
 *fill*         0x0000000010000eb2        0x2 
 .text.lwesp_sys_unprotect
                0x0000000010000eb4       0x10 CMakeFiles/PicoMQTT.dir/port/lwesp/lwesp_sys_freertos.c.obj
                0x0000000010000eb4                lwesp_sys_unprotect
 .text.lwesp_sys_mutex_isvalid
                0x0000000010000ec4       0x18 CMakeFiles/PicoMQTT.dir/port/lwesp/lwesp_sys_freertos.c.obj
                0x0000000010000ec4                lwesp_sys_mutex_isvalid
 .text.lwesp_sys_mutex_invalid
                0x0000000010000edc        0x8 CMakeFiles/PicoMQTT.dir/port/lwesp/lwesp_sys_freertos.c.obj
                0x0000000010000edc                lwesp_sys_mutex_invalid
 .text.lwesp_sys_sem_create
                0x0000000010000ee4       0x30 CMakeFiles/PicoMQTT.dir/port/lwesp/lwesp_sys_freertos.c.obj
                0x0000000010000ee4                lwesp_sys_sem_create
 .text.lwesp_sys_sem_delete
                0x0000000010000f14        0xc CMakeFiles/PicoMQTT.dir/port/lwesp/lwesp_sys_freertos.c.obj
                0x0000000010000f14                lwesp_sys_sem_delete
 .text.lwesp_sys_sem_wait
                0x0000000010000f20       0x44 CMakeFiles/PicoMQTT.dir/port/lwesp/lwesp_sys_freertos.c.obj
                0x0000000010000f20                lwesp_sys_sem_wait
 .text.lwesp_sys_sem_release
                0x0000000010000f64       0x18 CMakeFiles/PicoMQTT.dir/port/lwesp/lwesp_sys_freertos.c.obj
                0x0000000010000f64                lwesp_sys_sem_release
 .text.lwesp_sys_sem_isvalid
                0x0000000010000f7c       0x18 CMakeFiles/PicoMQTT.dir/port/lwesp/lwesp_sys_freertos.c.obj
                0x0000000010000f7c                lwesp_sys_sem_isvalid
 .text.lwesp_sys_sem_invalid
                0x0000000010000f94        0x8 CMakeFiles/PicoMQTT.dir/port/lwesp/lwesp_sys_freertos.c.obj
                0x0000000010000f94                lwesp_sys_sem_invalid
 .text.lwesp_sys_mbox_create
                0x0000000010000f9c       0x18 CMakeFiles/PicoMQTT.dir/port/lwesp/lwesp_sys_freertos.c.obj
                0x0000000010000f9c                lwesp_sys_mbox_create
 .text.lwesp_sys_mbox_delete
                0x0000000010000fb4       0x1c CMakeFiles/PicoMQTT.dir/port/lwesp/lwesp_sys_freertos.c.obj
                0x0000000010000fb4                lwesp_sys_mbox_delete
 .text.lwesp_sys_mbox_put
                0x0000000010000fd0       0x28 CMakeFiles/PicoMQTT.dir/port/lwesp/lwesp_sys_freertos.c.obj
                0x0000000010000fd0                lwesp_sys_mbox_put
 .text.lwesp_sys_mbox_get
                0x0000000010000ff8       0x50 CMakeFiles/PicoMQTT.dir/port/lwesp/lwesp_sys_freertos.c.obj
                0x0000000010000ff8                lwesp_sys_mbox_get
 .text.lwesp_sys_mbox_putnow
                0x0000000010001048       0x1e CMakeFiles/PicoMQTT.dir/port/lwesp/lwesp_sys_freertos.c.obj
                0x0000000010001048                lwesp_sys_mbox_putnow
 .text.lwesp_sys_mbox_getnow
                0x0000000010001066       0x22 CMakeFiles/PicoMQTT.dir/port/lwesp/lwesp_sys_freertos.c.obj
                0x0000000010001066                lwesp_sys_mbox_getnow
 .text.lwesp_sys_mbox_isvalid
                0x0000000010001088       0x18 CMakeFiles/PicoMQTT.dir/port/lwesp/lwesp_sys_freertos.c.obj
                0x0000000010001088                lwesp_sys_mbox_isvalid
 .text.lwesp_sys_mbox_invalid
                0x00000000100010a0        0x8 CMakeFiles/PicoMQTT.dir/port/lwesp/lwesp_sys_freertos.c.obj
                0x00000000100010a0                lwesp_sys_mbox_invalid
 .text.lwesp_sys_thread_create
                0x00000000100010a8       0x24 CMakeFiles/PicoMQTT.dir/port/lwesp/lwesp_sys_freertos.c.obj
                0x00000000100010a8                lwesp_sys_thread_create
 .text.lwesp_sys_thread_terminate
                0x00000000100010cc        0xc CMakeFiles/PicoMQTT.dir/port/lwesp/lwesp_sys_freertos.c.obj
                0x00000000100010cc                lwesp_sys_thread_terminate
 .text.send_data
                0x00000000100010d8       0x28 CMakeFiles/PicoMQTT.dir/port/lwesp/lwesp_ll_raspberry_pi_pico.c.obj
 .text.configure_uart
                0x0000000010001100       0x90 CMakeFiles/PicoMQTT.dir/port/lwesp/lwesp_ll_raspberry_pi_pico.c.obj
 .text.uart_isr
                0x0000000010001190       0x44 CMakeFiles/PicoMQTT.dir/port/lwesp/lwesp_ll_raspberry_pi_pico.c.obj
 .text.lwesp_ll_init
                0x00000000100011d4       0x28 CMakeFiles/PicoMQTT.dir/port/lwesp/lwesp_ll_raspberry_pi_pico.c.obj
                0x00000000100011d4                lwesp_ll_init
 .text.lwesp_mem_malloc
                0x00000000100011fc        0x8 CMakeFiles/PicoMQTT.dir/port/lwesp/lwesp_mem_rpi_pico.c.obj
                0x00000000100011fc                lwesp_mem_malloc
 .text.lwesp_mem_calloc
                0x0000000010001204       0x1a CMakeFiles/PicoMQTT.dir/port/lwesp/lwesp_mem_rpi_pico.c.obj
                0x0000000010001204                lwesp_mem_calloc
 .text.lwesp_mem_free
                0x000000001000121e        0x8 CMakeFiles/PicoMQTT.dir/port/lwesp/lwesp_mem_rpi_pico.c.obj
                0x000000001000121e                lwesp_mem_free
 *fill*         0x0000000010001226        0x2 
 .text.gpio_set_function
                0x0000000010001228       0x30 CMakeFiles/PicoMQTT.dir/home/piadmin/pico/pico-sdk/src/rp2_common/hardware_gpio/gpio.c.obj
                0x0000000010001228                gpio_set_function
 .text.hw_claim_lock
                0x0000000010001258       0x18 CMakeFiles/PicoMQTT.dir/home/piadmin/pico/pico-sdk/src/rp2_common/hardware_claim/claim.c.obj
                0x0000000010001258                hw_claim_lock
 .text.hw_claim_unlock
                0x0000000010001270       0x14 CMakeFiles/PicoMQTT.dir/home/piadmin/pico/pico-sdk/src/rp2_common/hardware_claim/claim.c.obj
                0x0000000010001270                hw_claim_unlock
 .text.hw_claim_or_assert
                0x0000000010001284       0x32 CMakeFiles/PicoMQTT.dir/home/piadmin/pico/pico-sdk/src/rp2_common/hardware_claim/claim.c.obj
                0x0000000010001284                hw_claim_or_assert
 .text.hw_claim_unused_from_range
                0x00000000100012b6       0x50 CMakeFiles/PicoMQTT.dir/home/piadmin/pico/pico-sdk/src/rp2_common/hardware_claim/claim.c.obj
                0x00000000100012b6                hw_claim_unused_from_range
 *fill*         0x0000000010001306        0x2 
 .text.running_on_fpga
                0x0000000010001308       0x14 CMakeFiles/PicoMQTT.dir/home/piadmin/pico/pico-sdk/src/rp2_common/pico_platform/platform.c.obj
                0x0000000010001308                running_on_fpga
 .text.spin_locks_reset
                0x000000001000131c       0x20 CMakeFiles/PicoMQTT.dir/home/piadmin/pico/pico-sdk/src/rp2_common/hardware_sync/sync.c.obj
                0x000000001000131c                spin_locks_reset
 .text.next_striped_spin_lock_num
                0x000000001000133c       0x1c CMakeFiles/PicoMQTT.dir/home/piadmin/pico/pico-sdk/src/rp2_common/hardware_sync/sync.c.obj
                0x000000001000133c                next_striped_spin_lock_num
 .text.spin_lock_claim_unused
                0x0000000010001358       0x20 CMakeFiles/PicoMQTT.dir/home/piadmin/pico/pico-sdk/src/rp2_common/hardware_sync/sync.c.obj
                0x0000000010001358                spin_lock_claim_unused
 .text.uart_set_baudrate
                0x0000000010001378       0x5c CMakeFiles/PicoMQTT.dir/home/piadmin/pico/pico-sdk/src/rp2_common/hardware_uart/uart.c.obj
                0x0000000010001378                uart_set_baudrate
 .text.uart_set_translate_crlf
                0x00000000100013d4       0x28 CMakeFiles/PicoMQTT.dir/home/piadmin/pico/pico-sdk/src/rp2_common/hardware_uart/uart.c.obj
                0x00000000100013d4                uart_set_translate_crlf
 .text.uart_init
                0x00000000100013fc       0x80 CMakeFiles/PicoMQTT.dir/home/piadmin/pico/pico-sdk/src/rp2_common/hardware_uart/uart.c.obj
                0x00000000100013fc                uart_init
 .text.alarm_pool_post_alloc_init
                0x000000001000147c       0x40 CMakeFiles/PicoMQTT.dir/home/piadmin/pico/pico-sdk/src/common/pico_time/time.c.obj
 .text.sleep_until_callback
                0x00000000100014bc       0x30 CMakeFiles/PicoMQTT.dir/home/piadmin/pico/pico-sdk/src/common/pico_time/time.c.obj
 .text.timer_pool_entry_comparator
                0x00000000100014ec       0x7c CMakeFiles/PicoMQTT.dir/home/piadmin/pico/pico-sdk/src/common/pico_time/time.c.obj
                0x00000000100014ec                timer_pool_entry_comparator
 .text.ph_add_child_node
                0x0000000010001568       0xa4 CMakeFiles/PicoMQTT.dir/home/piadmin/pico/pico-sdk/src/common/pico_time/time.c.obj
 .text.ph_merge_nodes
                0x000000001000160c       0x3e CMakeFiles/PicoMQTT.dir/home/piadmin/pico/pico-sdk/src/common/pico_time/time.c.obj
 *fill*         0x000000001000164a        0x2 
 .text.add_alarm_under_lock
                0x000000001000164c      0x174 CMakeFiles/PicoMQTT.dir/home/piadmin/pico/pico-sdk/src/common/pico_time/time.c.obj
 .text.alarm_pool_alarm_callback
                0x00000000100017c0      0x32c CMakeFiles/PicoMQTT.dir/home/piadmin/pico/pico-sdk/src/common/pico_time/time.c.obj
 .text.alarm_pool_init_default
                0x0000000010001aec       0x38 CMakeFiles/PicoMQTT.dir/home/piadmin/pico/pico-sdk/src/common/pico_time/time.c.obj
                0x0000000010001aec                alarm_pool_init_default
 .text.alarm_pool_get_default
                0x0000000010001b24       0x2c CMakeFiles/PicoMQTT.dir/home/piadmin/pico/pico-sdk/src/common/pico_time/time.c.obj
                0x0000000010001b24                alarm_pool_get_default
 .text.alarm_pool_add_alarm_at
                0x0000000010001b50      0x170 CMakeFiles/PicoMQTT.dir/home/piadmin/pico/pico-sdk/src/common/pico_time/time.c.obj
                0x0000000010001b50                alarm_pool_add_alarm_at
 .text.alarm_pool_cancel_alarm
                0x0000000010001cc0       0xec CMakeFiles/PicoMQTT.dir/home/piadmin/pico/pico-sdk/src/common/pico_time/time.c.obj
                0x0000000010001cc0                alarm_pool_cancel_alarm
 .text.sleep_until
                0x0000000010001dac       0xfc CMakeFiles/PicoMQTT.dir/home/piadmin/pico/pico-sdk/src/common/pico_time/time.c.obj
                0x0000000010001dac                sleep_until
 .text.sleep_us
                0x0000000010001ea8       0x58 CMakeFiles/PicoMQTT.dir/home/piadmin/pico/pico-sdk/src/common/pico_time/time.c.obj
                0x0000000010001ea8                sleep_us
 .text.sleep_ms
                0x0000000010001f00       0x14 CMakeFiles/PicoMQTT.dir/home/piadmin/pico/pico-sdk/src/common/pico_time/time.c.obj
                0x0000000010001f00                sleep_ms
 .text.best_effort_wfe_or_timeout
                0x0000000010001f14       0x80 CMakeFiles/PicoMQTT.dir/home/piadmin/pico/pico-sdk/src/common/pico_time/time.c.obj
                0x0000000010001f14                best_effort_wfe_or_timeout
 .text.hardware_alarm_irq_handler
                0x0000000010001f94       0x8c CMakeFiles/PicoMQTT.dir/home/piadmin/pico/pico-sdk/src/rp2_common/hardware_timer/timer.c.obj
 .text.hardware_alarm_claim
                0x0000000010002020       0x18 CMakeFiles/PicoMQTT.dir/home/piadmin/pico/pico-sdk/src/rp2_common/hardware_timer/timer.c.obj
                0x0000000010002020                hardware_alarm_claim
 .text.time_us_64
                0x0000000010002038       0x18 CMakeFiles/PicoMQTT.dir/home/piadmin/pico/pico-sdk/src/rp2_common/hardware_timer/timer.c.obj
                0x0000000010002038                time_us_64
 .text.busy_wait_until
                0x0000000010002050       0x24 CMakeFiles/PicoMQTT.dir/home/piadmin/pico/pico-sdk/src/rp2_common/hardware_timer/timer.c.obj
                0x0000000010002050                busy_wait_until
 .text.hardware_alarm_set_callback
                0x0000000010002074       0x90 CMakeFiles/PicoMQTT.dir/home/piadmin/pico/pico-sdk/src/rp2_common/hardware_timer/timer.c.obj
                0x0000000010002074                hardware_alarm_set_callback
 .text.hardware_alarm_set_target
                0x0000000010002104       0xe8 CMakeFiles/PicoMQTT.dir/home/piadmin/pico/pico-sdk/src/rp2_common/hardware_timer/timer.c.obj
                0x0000000010002104                hardware_alarm_set_target
 .text.hardware_alarm_cancel
                0x00000000100021ec       0x40 CMakeFiles/PicoMQTT.dir/home/piadmin/pico/pico-sdk/src/rp2_common/hardware_timer/timer.c.obj
                0x00000000100021ec                hardware_alarm_cancel
 .text.lock_init
                0x000000001000222c       0x10 CMakeFiles/PicoMQTT.dir/home/piadmin/pico/pico-sdk/src/common/pico_sync/lock_core.c.obj
                0x000000001000222c                lock_init
 .text.mutex_init_internal
                0x000000001000223c       0x1e CMakeFiles/PicoMQTT.dir/home/piadmin/pico/pico-sdk/src/common/pico_sync/mutex.c.obj
 .text.mutex_init
                0x000000001000225a        0xa CMakeFiles/PicoMQTT.dir/home/piadmin/pico/pico-sdk/src/common/pico_sync/mutex.c.obj
                0x000000001000225a                mutex_init
 .text.recursive_mutex_init
                0x0000000010002264        0xa CMakeFiles/PicoMQTT.dir/home/piadmin/pico/pico-sdk/src/common/pico_sync/mutex.c.obj
                0x0000000010002264                recursive_mutex_init
 *fill*         0x000000001000226e        0x2 
 .text.critical_section_init_with_lock_num
                0x0000000010002270       0x14 CMakeFiles/PicoMQTT.dir/home/piadmin/pico/pico-sdk/src/common/pico_sync/critical_section.c.obj
                0x0000000010002270                critical_section_init_with_lock_num
 .text.critical_section_init
                0x0000000010002284       0x14 CMakeFiles/PicoMQTT.dir/home/piadmin/pico/pico-sdk/src/common/pico_sync/critical_section.c.obj
                0x0000000010002284                critical_section_init
 .text.ph_add_child_node
                0x0000000010002298       0xa4 CMakeFiles/PicoMQTT.dir/home/piadmin/pico/pico-sdk/src/common/pico_util/pheap.c.obj
 .text.ph_merge_nodes
                0x000000001000233c       0x3e CMakeFiles/PicoMQTT.dir/home/piadmin/pico/pico-sdk/src/common/pico_util/pheap.c.obj
 *fill*         0x000000001000237a        0x2 
 .text.ph_clear
                0x000000001000237c       0x70 CMakeFiles/PicoMQTT.dir/home/piadmin/pico/pico-sdk/src/common/pico_util/pheap.c.obj
                0x000000001000237c                ph_clear
 .text.ph_post_alloc_init
                0x00000000100023ec        0xe CMakeFiles/PicoMQTT.dir/home/piadmin/pico/pico-sdk/src/common/pico_util/pheap.c.obj
                0x00000000100023ec                ph_post_alloc_init
 *fill*         0x00000000100023fa        0x2 
 .text.ph_merge_two_pass
                0x00000000100023fc       0xa8 CMakeFiles/PicoMQTT.dir/home/piadmin/pico/pico-sdk/src/common/pico_util/pheap.c.obj
                0x00000000100023fc                ph_merge_two_pass
 .text.ph_remove_any_head
                0x00000000100024a4      0x108 CMakeFiles/PicoMQTT.dir/home/piadmin/pico/pico-sdk/src/common/pico_util/pheap.c.obj
 .text.ph_remove_head
                0x00000000100025ac       0x14 CMakeFiles/PicoMQTT.dir/home/piadmin/pico/pico-sdk/src/common/pico_util/pheap.c.obj
                0x00000000100025ac                ph_remove_head
 .text.ph_remove_and_free_node
                0x00000000100025c0       0xf8 CMakeFiles/PicoMQTT.dir/home/piadmin/pico/pico-sdk/src/common/pico_util/pheap.c.obj
                0x00000000100025c0                ph_remove_and_free_node
 .text.runtime_init
                0x00000000100026b8       0xd8 CMakeFiles/PicoMQTT.dir/home/piadmin/pico/pico-sdk/src/rp2_common/pico_runtime/runtime.c.obj
                0x00000000100026b8                runtime_init
 .text._exit    0x0000000010002790        0x4 CMakeFiles/PicoMQTT.dir/home/piadmin/pico/pico-sdk/src/rp2_common/pico_runtime/runtime.c.obj
                0x0000000010002790                _exit
 .text._sbrk    0x0000000010002794       0x38 CMakeFiles/PicoMQTT.dir/home/piadmin/pico/pico-sdk/src/rp2_common/pico_runtime/runtime.c.obj
                0x0000000010002794                _sbrk
 .text.exit     0x00000000100027cc        0x6 CMakeFiles/PicoMQTT.dir/home/piadmin/pico/pico-sdk/src/rp2_common/pico_runtime/runtime.c.obj
                0x00000000100027cc                exit
 *fill*         0x00000000100027d2        0x2 
 .text.__assert_func
                0x00000000100027d4       0x3c CMakeFiles/PicoMQTT.dir/home/piadmin/pico/pico-sdk/src/rp2_common/pico_runtime/runtime.c.obj
                0x00000000100027d4                __assert_func
 .text.panic    0x0000000010002810       0x30 CMakeFiles/PicoMQTT.dir/home/piadmin/pico/pico-sdk/src/rp2_common/pico_runtime/runtime.c.obj
                0x0000000010002810                panic
 .text.clock_configure
                0x0000000010002840      0x104 CMakeFiles/PicoMQTT.dir/home/piadmin/pico/pico-sdk/src/rp2_common/hardware_clocks/clocks.c.obj
                0x0000000010002840                clock_configure
 .text.clocks_init
                0x0000000010002944      0x100 CMakeFiles/PicoMQTT.dir/home/piadmin/pico/pico-sdk/src/rp2_common/hardware_clocks/clocks.c.obj
                0x0000000010002944                clocks_init
 .text.clock_get_hz
                0x0000000010002a44        0xc CMakeFiles/PicoMQTT.dir/home/piadmin/pico/pico-sdk/src/rp2_common/hardware_clocks/clocks.c.obj
                0x0000000010002a44                clock_get_hz
 .text.set_raw_irq_handler_and_unlock
                0x0000000010002a50       0x28 CMakeFiles/PicoMQTT.dir/home/piadmin/pico/pico-sdk/src/rp2_common/hardware_irq/irq.c.obj
 .text.make_branch
                0x0000000010002a78       0x34 CMakeFiles/PicoMQTT.dir/home/piadmin/pico/pico-sdk/src/rp2_common/hardware_irq/irq.c.obj
 .text.insert_branch_and_link
                0x0000000010002aac       0x40 CMakeFiles/PicoMQTT.dir/home/piadmin/pico/pico-sdk/src/rp2_common/hardware_irq/irq.c.obj
 .text.irq_is_enabled
                0x0000000010002aec       0x18 CMakeFiles/PicoMQTT.dir/home/piadmin/pico/pico-sdk/src/rp2_common/hardware_irq/irq.c.obj
                0x0000000010002aec                irq_is_enabled
 .text.irq_set_mask_enabled
                0x0000000010002b04       0x20 CMakeFiles/PicoMQTT.dir/home/piadmin/pico/pico-sdk/src/rp2_common/hardware_irq/irq.c.obj
                0x0000000010002b04                irq_set_mask_enabled
 .text.irq_set_enabled
                0x0000000010002b24        0xe CMakeFiles/PicoMQTT.dir/home/piadmin/pico/pico-sdk/src/rp2_common/hardware_irq/irq.c.obj
                0x0000000010002b24                irq_set_enabled
 *fill*         0x0000000010002b32        0x2 
 .text.irq_set_pending
                0x0000000010002b34       0x10 CMakeFiles/PicoMQTT.dir/home/piadmin/pico/pico-sdk/src/rp2_common/hardware_irq/irq.c.obj
                0x0000000010002b34                irq_set_pending
 .text.irq_get_vtable_handler
                0x0000000010002b44       0x10 CMakeFiles/PicoMQTT.dir/home/piadmin/pico/pico-sdk/src/rp2_common/hardware_irq/irq.c.obj
                0x0000000010002b44                irq_get_vtable_handler
 .text.irq_set_exclusive_handler
                0x0000000010002b54       0x54 CMakeFiles/PicoMQTT.dir/home/piadmin/pico/pico-sdk/src/rp2_common/hardware_irq/irq.c.obj
                0x0000000010002b54                irq_set_exclusive_handler
 .text.irq_remove_handler
                0x0000000010002ba8      0x1ac CMakeFiles/PicoMQTT.dir/home/piadmin/pico/pico-sdk/src/rp2_common/hardware_irq/irq.c.obj
                0x0000000010002ba8                irq_remove_handler
 .text.irq_set_priority
                0x0000000010002d54       0x28 CMakeFiles/PicoMQTT.dir/home/piadmin/pico/pico-sdk/src/rp2_common/hardware_irq/irq.c.obj
                0x0000000010002d54                irq_set_priority
 .text.irq_add_tail_to_free_list
                0x0000000010002d7c       0xf0 CMakeFiles/PicoMQTT.dir/home/piadmin/pico/pico-sdk/src/rp2_common/hardware_irq/irq.c.obj
                0x0000000010002d7c                irq_add_tail_to_free_list
 .text.irq_init_priorities
                0x0000000010002e6c       0x16 CMakeFiles/PicoMQTT.dir/home/piadmin/pico/pico-sdk/src/rp2_common/hardware_irq/irq.c.obj
                0x0000000010002e6c                irq_init_priorities
 *fill*         0x0000000010002e82        0x2 
 .text.pll_init
                0x0000000010002e84      0x118 CMakeFiles/PicoMQTT.dir/home/piadmin/pico/pico-sdk/src/rp2_common/hardware_pll/pll.c.obj
                0x0000000010002e84                pll_init
 .text.watchdog_start_tick
                0x0000000010002f9c       0x10 CMakeFiles/PicoMQTT.dir/home/piadmin/pico/pico-sdk/src/rp2_common/hardware_watchdog/watchdog.c.obj
                0x0000000010002f9c                watchdog_start_tick
 .text.watchdog_update
                0x0000000010002fac       0x14 CMakeFiles/PicoMQTT.dir/home/piadmin/pico/pico-sdk/src/rp2_common/hardware_watchdog/watchdog.c.obj
                0x0000000010002fac                watchdog_update
 .text._watchdog_enable
                0x0000000010002fc0       0x70 CMakeFiles/PicoMQTT.dir/home/piadmin/pico/pico-sdk/src/rp2_common/hardware_watchdog/watchdog.c.obj
                0x0000000010002fc0                _watchdog_enable
 .text.watchdog_reboot
                0x0000000010003030       0x48 CMakeFiles/PicoMQTT.dir/home/piadmin/pico/pico-sdk/src/rp2_common/hardware_watchdog/watchdog.c.obj
                0x0000000010003030                watchdog_reboot
 .text.xosc_init
                0x0000000010003078       0x28 CMakeFiles/PicoMQTT.dir/home/piadmin/pico/pico-sdk/src/rp2_common/hardware_xosc/xosc.c.obj
                0x0000000010003078                xosc_init
 .text._out_buffer
                0x00000000100030a0        0x8 CMakeFiles/PicoMQTT.dir/home/piadmin/pico/pico-sdk/src/rp2_common/pico_printf/printf.c.obj
 .text._out_null
                0x00000000100030a8        0x2 CMakeFiles/PicoMQTT.dir/home/piadmin/pico/pico-sdk/src/rp2_common/pico_printf/printf.c.obj
 .text._out_fct
                0x00000000100030aa        0xe CMakeFiles/PicoMQTT.dir/home/piadmin/pico/pico-sdk/src/rp2_common/pico_printf/printf.c.obj
 .text._atoi    0x00000000100030b8       0x24 CMakeFiles/PicoMQTT.dir/home/piadmin/pico/pico-sdk/src/rp2_common/pico_printf/printf.c.obj
 .text._out_rev
                0x00000000100030dc       0xae CMakeFiles/PicoMQTT.dir/home/piadmin/pico/pico-sdk/src/rp2_common/pico_printf/printf.c.obj
 .text._ntoa_format
                0x000000001000318a      0x110 CMakeFiles/PicoMQTT.dir/home/piadmin/pico/pico-sdk/src/rp2_common/pico_printf/printf.c.obj
 .text._ntoa_long
                0x000000001000329a       0xbc CMakeFiles/PicoMQTT.dir/home/piadmin/pico/pico-sdk/src/rp2_common/pico_printf/printf.c.obj
 .text._ntoa_long_long
                0x0000000010003356       0xe2 CMakeFiles/PicoMQTT.dir/home/piadmin/pico/pico-sdk/src/rp2_common/pico_printf/printf.c.obj
 .text._etoa    0x0000000010003438      0x40c CMakeFiles/PicoMQTT.dir/home/piadmin/pico/pico-sdk/src/rp2_common/pico_printf/printf.c.obj
 .text._ftoa    0x0000000010003844      0x354 CMakeFiles/PicoMQTT.dir/home/piadmin/pico/pico-sdk/src/rp2_common/pico_printf/printf.c.obj
 .text._vsnprintf
                0x0000000010003b98      0x628 CMakeFiles/PicoMQTT.dir/home/piadmin/pico/pico-sdk/src/rp2_common/pico_printf/printf.c.obj
 .text.__wrap_sprintf
                0x00000000100041c0       0x28 CMakeFiles/PicoMQTT.dir/home/piadmin/pico/pico-sdk/src/rp2_common/pico_printf/printf.c.obj
                0x00000000100041c0                __wrap_sprintf
 .text.vfctprintf
                0x00000000100041e8       0x20 CMakeFiles/PicoMQTT.dir/home/piadmin/pico/pico-sdk/src/rp2_common/pico_printf/printf.c.obj
                0x00000000100041e8                vfctprintf
 .text          0x0000000010004208       0x10 CMakeFiles/PicoMQTT.dir/home/piadmin/pico/pico-sdk/src/rp2_common/pico_bit_ops/bit_ops_aeabi.S.obj
 .text.rom_func_lookup
                0x0000000010004218       0x10 CMakeFiles/PicoMQTT.dir/home/piadmin/pico/pico-sdk/src/rp2_common/pico_bootrom/bootrom.c.obj
                0x0000000010004218                rom_func_lookup
 .text.rom_data_lookup
                0x0000000010004228       0x10 CMakeFiles/PicoMQTT.dir/home/piadmin/pico/pico-sdk/src/rp2_common/pico_bootrom/bootrom.c.obj
                0x0000000010004228                rom_data_lookup
 .text.rom_funcs_lookup
                0x0000000010004238       0x36 CMakeFiles/PicoMQTT.dir/home/piadmin/pico/pico-sdk/src/rp2_common/pico_bootrom/bootrom.c.obj
                0x0000000010004238                rom_funcs_lookup
 *fill*         0x000000001000426e        0x2 
 .text.__wrap___aeabi_idiv
                0x0000000010004270       0x50 CMakeFiles/PicoMQTT.dir/home/piadmin/pico/pico-sdk/src/rp2_common/pico_divider/divider.S.obj
                0x0000000010004270                __wrap___aeabi_idivmod
                0x0000000010004270                divmod_s32s32
                0x0000000010004270                div_s32s32
                0x0000000010004270                __wrap___aeabi_idiv
                0x0000000010004278                divmod_s32s32_unsafe
                0x00000000100042a4                divmod_s32s32_savestate
 .text.__wrap___aeabi_uidiv
                0x00000000100042c0       0x4c CMakeFiles/PicoMQTT.dir/home/piadmin/pico/pico-sdk/src/rp2_common/pico_divider/divider.S.obj
                0x00000000100042c0                __wrap___aeabi_uidiv
                0x00000000100042c0                __wrap___aeabi_uidivmod
                0x00000000100042c0                div_u32u32
                0x00000000100042c0                divmod_u32u32
                0x00000000100042c8                divmod_u32u32_unsafe
                0x00000000100042f0                divmod_u32u32_savestate
 .text.__wrap___aeabi_ldiv
                0x000000001000430c      0x430 CMakeFiles/PicoMQTT.dir/home/piadmin/pico/pico-sdk/src/rp2_common/pico_divider/divider.S.obj
                0x000000001000430c                div_s64s64
                0x000000001000430c                divmod_s64s64
                0x000000001000430c                __wrap___aeabi_ldivmod
                0x0000000010004344                div_u64u64
                0x0000000010004344                divmod_u64u64
                0x0000000010004344                __wrap___aeabi_uldivmod
                0x0000000010004354                divmod_u64u64_savestate
                0x000000001000437c                divmod_s64s64_unsafe
                0x0000000010004404                divmod_u64u64_unsafe
 .text.__wrap___aeabi_darithmetic
                0x000000001000473c       0x80 CMakeFiles/PicoMQTT.dir/home/piadmin/pico/pico-sdk/src/rp2_common/pico_double/double_aeabi.S.obj
                0x000000001000473c                __wrap___aeabi_drsub
                0x0000000010004742                __wrap___aeabi_dsub
                0x0000000010004754                __wrap___aeabi_dadd
                0x0000000010004766                __wrap___aeabi_ddiv
                0x00000000100047a2                __wrap___aeabi_dmul
 .text.__wrap___aeabi_cdcmple
                0x00000000100047bc       0x6c CMakeFiles/PicoMQTT.dir/home/piadmin/pico/pico-sdk/src/rp2_common/pico_double/double_aeabi.S.obj
                0x00000000100047bc                __wrap___aeabi_cdrcmple
                0x00000000100047cc                __wrap___aeabi_cdcmple
                0x00000000100047cc                __wrap___aeabi_cdcmpeq
 .text.__wrap___aeabi_dcmplt
                0x0000000010004828        0xc CMakeFiles/PicoMQTT.dir/home/piadmin/pico/pico-sdk/src/rp2_common/pico_double/double_aeabi.S.obj
                0x0000000010004828                __wrap___aeabi_dcmplt
 .text.__wrap___aeabi_dcmple
                0x0000000010004834       0x10 CMakeFiles/PicoMQTT.dir/home/piadmin/pico/pico-sdk/src/rp2_common/pico_double/double_aeabi.S.obj
                0x0000000010004834                __wrap___aeabi_dcmple
 .text.__wrap___aeabi_dcmpge
                0x0000000010004844       0x10 CMakeFiles/PicoMQTT.dir/home/piadmin/pico/pico-sdk/src/rp2_common/pico_double/double_aeabi.S.obj
                0x0000000010004844                __wrap___aeabi_dcmpge
 .text.__wrap___aeabi_dcmpgt
                0x0000000010004854        0xa CMakeFiles/PicoMQTT.dir/home/piadmin/pico/pico-sdk/src/rp2_common/pico_double/double_aeabi.S.obj
                0x0000000010004854                __wrap___aeabi_dcmpgt
 .text.__wrap___aeabi_dcmpun
                0x000000001000485e       0x1c CMakeFiles/PicoMQTT.dir/home/piadmin/pico/pico-sdk/src/rp2_common/pico_double/double_aeabi.S.obj
                0x000000001000485e                __wrap___aeabi_dcmpun
 *fill*         0x000000001000487a        0x2 
 .text.__wrap___aeabi_i2d
                0x000000001000487c       0x38 CMakeFiles/PicoMQTT.dir/home/piadmin/pico/pico-sdk/src/rp2_common/pico_double/double_aeabi.S.obj
                0x000000001000487c                __wrap___aeabi_ui2d
                0x0000000010004884                __wrap___aeabi_i2d
 .text.__wrap___aeabi_d2iz
                0x00000000100048b4       0x48 CMakeFiles/PicoMQTT.dir/home/piadmin/pico/pico-sdk/src/rp2_common/pico_double/double_aeabi.S.obj
                0x00000000100048b4                __wrap___aeabi_d2iz
                0x00000000100048b4                double2int_z
 .text.__wrap___aeabi_d2uiz
                0x00000000100048fc       0x18 CMakeFiles/PicoMQTT.dir/home/piadmin/pico/pico-sdk/src/rp2_common/pico_double/double_aeabi.S.obj
                0x00000000100048fc                double2uint
                0x00000000100048fc                __wrap___aeabi_d2uiz
 .text.__aeabi_double_init
                0x0000000010004914       0xb4 CMakeFiles/PicoMQTT.dir/home/piadmin/pico/pico-sdk/src/rp2_common/pico_double/double_init_rom.c.obj
                0x0000000010004914                __aeabi_double_init
 .text.double_table_shim_on_use_helper
                0x00000000100049c8       0x34 CMakeFiles/PicoMQTT.dir/home/piadmin/pico/pico-sdk/src/rp2_common/pico_double/double_v1_rom_shim.S.obj
                0x00000000100049c8                double_table_shim_on_use_helper
 .text.__wrap___aeabi_dsub
                0x00000000100049fc       0x10 CMakeFiles/PicoMQTT.dir/home/piadmin/pico/pico-sdk/src/rp2_common/pico_double/double_v1_rom_shim.S.obj
                0x00000000100049fc                drsub_shim
                0x0000000010004a02                dsub_shim
 .text.dadd_shim
                0x0000000010004a0c      0x15c CMakeFiles/PicoMQTT.dir/home/piadmin/pico/pico-sdk/src/rp2_common/pico_double/double_v1_rom_shim.S.obj
                0x0000000010004a0c                dadd_shim
 .text.dmul_shim
                0x0000000010004b68      0x15c CMakeFiles/PicoMQTT.dir/home/piadmin/pico/pico-sdk/src/rp2_common/pico_double/double_v1_rom_shim.S.obj
                0x0000000010004b68                dmul_shim
 .text.ddiv_shim
                0x0000000010004cc4      0x1b0 CMakeFiles/PicoMQTT.dir/home/piadmin/pico/pico-sdk/src/rp2_common/pico_double/double_v1_rom_shim.S.obj
                0x0000000010004cc4                ddiv_shim
 .text.dcordic_rot_step
                0x0000000010004e74       0x7c CMakeFiles/PicoMQTT.dir/home/piadmin/pico/pico-sdk/src/rp2_common/pico_double/double_v1_rom_shim.S.obj
                0x0000000010004e74                dcordic_rot_step
 .text.double2uint_shim
                0x0000000010004ef0        0xe CMakeFiles/PicoMQTT.dir/home/piadmin/pico/pico-sdk/src/rp2_common/pico_double/double_v1_rom_shim.S.obj
                0x0000000010004ef0                double2uint_shim
                0x0000000010004ef2                double2ufix_shim
 *fill*         0x0000000010004efe        0x2 
 .text.double2uint64_shim
                0x0000000010004f00       0x6c CMakeFiles/PicoMQTT.dir/home/piadmin/pico/pico-sdk/src/rp2_common/pico_double/double_v1_rom_shim.S.obj
                0x0000000010004f00                double2uint64_shim
                0x0000000010004f02                double2ufix64_shim
                0x0000000010004f1c                d2fix_a
 .text.dunpacks
                0x0000000010004f6c       0x3c CMakeFiles/PicoMQTT.dir/home/piadmin/pico/pico-sdk/src/rp2_common/pico_double/double_v1_rom_shim.S.obj
                0x0000000010004f6c                dunpacks
 .text.__aeabi_lmul
                0x0000000010004fa8       0x32 CMakeFiles/PicoMQTT.dir/home/piadmin/pico/pico-sdk/src/rp2_common/pico_int64_ops/pico_int64_ops_aeabi.S.obj
                0x0000000010004fa8                __wrap___aeabi_lmul
 *fill*         0x0000000010004fda        0x2 
 .text.__aeabi_float_init
                0x0000000010004fdc       0xfc CMakeFiles/PicoMQTT.dir/home/piadmin/pico/pico-sdk/src/rp2_common/pico_float/float_init_rom.c.obj
                0x0000000010004fdc                __aeabi_float_init
 .text.float_table_shim_on_use_helper
                0x00000000100050d8       0x34 CMakeFiles/PicoMQTT.dir/home/piadmin/pico/pico-sdk/src/rp2_common/pico_float/float_v1_rom_shim.S.obj
                0x00000000100050d8                float_table_shim_on_use_helper
 .text.__wrap_malloc
                0x000000001000510c       0x24 CMakeFiles/PicoMQTT.dir/home/piadmin/pico/pico-sdk/src/rp2_common/pico_malloc/pico_malloc.c.obj
                0x000000001000510c                __wrap_malloc
 .text.__wrap_free
                0x0000000010005130        0x8 CMakeFiles/PicoMQTT.dir/home/piadmin/pico/pico-sdk/src/rp2_common/pico_malloc/pico_malloc.c.obj
                0x0000000010005130                __wrap_free
 .text          0x0000000010005138       0x10 CMakeFiles/PicoMQTT.dir/home/piadmin/pico/pico-sdk/src/rp2_common/pico_mem_ops/mem_ops_aeabi.S.obj
                0x0000000010005138                __aeabi_mem_init
 .text.memset   0x0000000010005148        0xc CMakeFiles/PicoMQTT.dir/home/piadmin/pico/pico-sdk/src/rp2_common/pico_mem_ops/mem_ops_aeabi.S.obj
                0x0000000010005148                __wrap_memset
 .text.memcpy   0x0000000010005154        0xc CMakeFiles/PicoMQTT.dir/home/piadmin/pico/pico-sdk/src/rp2_common/pico_mem_ops/mem_ops_aeabi.S.obj
                0x0000000010005154                __wrap___aeabi_memcpy
                0x0000000010005154                __wrap_memcpy
 .text.stdio_out_chars_crlf
                0x0000000010005160       0x80 CMakeFiles/PicoMQTT.dir/home/piadmin/pico/pico-sdk/src/rp2_common/pico_stdio/stdio.c.obj
 .text.stdio_stack_buffer_flush
                0x00000000100051e0       0x44 CMakeFiles/PicoMQTT.dir/home/piadmin/pico/pico-sdk/src/rp2_common/pico_stdio/stdio.c.obj
 .text.stdio_buffered_printer
                0x0000000010005224       0x20 CMakeFiles/PicoMQTT.dir/home/piadmin/pico/pico-sdk/src/rp2_common/pico_stdio/stdio.c.obj
 .text.stdout_serialize_begin
                0x0000000010005244       0x30 CMakeFiles/PicoMQTT.dir/home/piadmin/pico/pico-sdk/src/rp2_common/pico_stdio/stdio.c.obj
                0x0000000010005244                stdout_serialize_begin
 .text.stdout_serialize_end
                0x0000000010005274       0x10 CMakeFiles/PicoMQTT.dir/home/piadmin/pico/pico-sdk/src/rp2_common/pico_stdio/stdio.c.obj
                0x0000000010005274                stdout_serialize_end
 .text.stdio_put_string
                0x0000000010005284       0x84 CMakeFiles/PicoMQTT.dir/home/piadmin/pico/pico-sdk/src/rp2_common/pico_stdio/stdio.c.obj
 .text.stdio_set_driver_enabled
                0x0000000010005308       0x38 CMakeFiles/PicoMQTT.dir/home/piadmin/pico/pico-sdk/src/rp2_common/pico_stdio/stdio.c.obj
                0x0000000010005308                stdio_set_driver_enabled
 .text.stdio_flush
                0x0000000010005340       0x20 CMakeFiles/PicoMQTT.dir/home/piadmin/pico/pico-sdk/src/rp2_common/pico_stdio/stdio.c.obj
                0x0000000010005340                stdio_flush
 .text.__wrap_puts
                0x0000000010005360       0x1c CMakeFiles/PicoMQTT.dir/home/piadmin/pico/pico-sdk/src/rp2_common/pico_stdio/stdio.c.obj
                0x0000000010005360                __wrap_puts
 .text.__wrap_vprintf
                0x000000001000537c       0x44 CMakeFiles/PicoMQTT.dir/home/piadmin/pico/pico-sdk/src/rp2_common/pico_stdio/stdio.c.obj
                0x000000001000537c                __wrap_vprintf
 .text.__wrap_printf
                0x00000000100053c0       0x18 CMakeFiles/PicoMQTT.dir/home/piadmin/pico/pico-sdk/src/rp2_common/pico_stdio/stdio.c.obj
                0x00000000100053c0                __wrap_printf
 .text.stdio_init_all
                0x00000000100053d8        0x8 CMakeFiles/PicoMQTT.dir/home/piadmin/pico/pico-sdk/src/rp2_common/pico_stdio/stdio.c.obj
                0x00000000100053d8                stdio_init_all
 .text.resetd_init
                0x00000000100053e0        0x2 CMakeFiles/PicoMQTT.dir/home/piadmin/pico/pico-sdk/src/rp2_common/pico_stdio_usb/reset_interface.c.obj
 *fill*         0x00000000100053e2        0x2 
 .text.resetd_reset
                0x00000000100053e4        0xc CMakeFiles/PicoMQTT.dir/home/piadmin/pico/pico-sdk/src/rp2_common/pico_stdio_usb/reset_interface.c.obj
 .text.resetd_open
                0x00000000100053f0       0x34 CMakeFiles/PicoMQTT.dir/home/piadmin/pico/pico-sdk/src/rp2_common/pico_stdio_usb/reset_interface.c.obj
 .text.resetd_xfer_cb
                0x0000000010005424        0x4 CMakeFiles/PicoMQTT.dir/home/piadmin/pico/pico-sdk/src/rp2_common/pico_stdio_usb/reset_interface.c.obj
 .text.resetd_control_xfer_cb
                0x0000000010005428       0x6c CMakeFiles/PicoMQTT.dir/home/piadmin/pico/pico-sdk/src/rp2_common/pico_stdio_usb/reset_interface.c.obj
 .text.usbd_app_driver_get_cb
                0x0000000010005494        0xc CMakeFiles/PicoMQTT.dir/home/piadmin/pico/pico-sdk/src/rp2_common/pico_stdio_usb/reset_interface.c.obj
                0x0000000010005494                usbd_app_driver_get_cb
 .text.tud_cdc_line_coding_cb
                0x00000000100054a0       0x34 CMakeFiles/PicoMQTT.dir/home/piadmin/pico/pico-sdk/src/rp2_common/pico_stdio_usb/reset_interface.c.obj
                0x00000000100054a0                tud_cdc_line_coding_cb
 .text.stdio_usb_in_chars
                0x00000000100054d4       0x70 CMakeFiles/PicoMQTT.dir/home/piadmin/pico/pico-sdk/src/rp2_common/pico_stdio_usb/stdio_usb.c.obj
                0x00000000100054d4                stdio_usb_in_chars
 .text.low_priority_worker_irq
                0x0000000010005544       0x20 CMakeFiles/PicoMQTT.dir/home/piadmin/pico/pico-sdk/src/rp2_common/pico_stdio_usb/stdio_usb.c.obj
 .text.stdio_usb_out_chars
                0x0000000010005564       0xd4 CMakeFiles/PicoMQTT.dir/home/piadmin/pico/pico-sdk/src/rp2_common/pico_stdio_usb/stdio_usb.c.obj
 .text.timer_task
                0x0000000010005638       0x10 CMakeFiles/PicoMQTT.dir/home/piadmin/pico/pico-sdk/src/rp2_common/pico_stdio_usb/stdio_usb.c.obj
 .text.stdio_usb_init
                0x0000000010005648       0xb8 CMakeFiles/PicoMQTT.dir/home/piadmin/pico/pico-sdk/src/rp2_common/pico_stdio_usb/stdio_usb.c.obj
                0x0000000010005648                stdio_usb_init
 .text.tud_descriptor_device_cb
                0x0000000010005700        0x8 CMakeFiles/PicoMQTT.dir/home/piadmin/pico/pico-sdk/src/rp2_common/pico_stdio_usb/stdio_usb_descriptors.c.obj
                0x0000000010005700                tud_descriptor_device_cb
 .text.tud_descriptor_configuration_cb
                0x0000000010005708        0x8 CMakeFiles/PicoMQTT.dir/home/piadmin/pico/pico-sdk/src/rp2_common/pico_stdio_usb/stdio_usb_descriptors.c.obj
                0x0000000010005708                tud_descriptor_configuration_cb
 .text.tud_descriptor_string_cb
                0x0000000010005710       0x68 CMakeFiles/PicoMQTT.dir/home/piadmin/pico/pico-sdk/src/rp2_common/pico_stdio_usb/stdio_usb_descriptors.c.obj
                0x0000000010005710                tud_descriptor_string_cb
 .text.hw_endpoint_get_by_addr
                0x0000000010005778       0x18 CMakeFiles/PicoMQTT.dir/home/piadmin/pico/pico-sdk/lib/tinyusb/src/portable/raspberrypi/rp2040/dcd_rp2040.c.obj
 .text.reset_ep0
                0x0000000010005790       0x2c CMakeFiles/PicoMQTT.dir/home/piadmin/pico/pico-sdk/lib/tinyusb/src/portable/raspberrypi/rp2040/dcd_rp2040.c.obj
 .text._hw_endpoint_alloc
                0x00000000100057bc       0x80 CMakeFiles/PicoMQTT.dir/home/piadmin/pico/pico-sdk/lib/tinyusb/src/portable/raspberrypi/rp2040/dcd_rp2040.c.obj
 .text._hw_endpoint_init
                0x000000001000583c       0xbc CMakeFiles/PicoMQTT.dir/home/piadmin/pico/pico-sdk/lib/tinyusb/src/portable/raspberrypi/rp2040/dcd_rp2040.c.obj
 .text.hw_endpoint_init
                0x00000000100058f8       0x18 CMakeFiles/PicoMQTT.dir/home/piadmin/pico/pico-sdk/lib/tinyusb/src/portable/raspberrypi/rp2040/dcd_rp2040.c.obj
 .text.hw_handle_buff_status
                0x0000000010005910       0xb4 CMakeFiles/PicoMQTT.dir/home/piadmin/pico/pico-sdk/lib/tinyusb/src/portable/raspberrypi/rp2040/dcd_rp2040.c.obj
 .text.dcd_rp2040_irq
                0x00000000100059c4       0xa8 CMakeFiles/PicoMQTT.dir/home/piadmin/pico/pico-sdk/lib/tinyusb/src/portable/raspberrypi/rp2040/dcd_rp2040.c.obj
 .text.hw_endpoint_xfer
                0x0000000010005a6c       0x18 CMakeFiles/PicoMQTT.dir/home/piadmin/pico/pico-sdk/lib/tinyusb/src/portable/raspberrypi/rp2040/dcd_rp2040.c.obj
 .text.ep0_0len_status
                0x0000000010005a84       0x14 CMakeFiles/PicoMQTT.dir/home/piadmin/pico/pico-sdk/lib/tinyusb/src/portable/raspberrypi/rp2040/dcd_rp2040.c.obj
 .text._hw_endpoint_stall
                0x0000000010005a98       0x54 CMakeFiles/PicoMQTT.dir/home/piadmin/pico/pico-sdk/lib/tinyusb/src/portable/raspberrypi/rp2040/dcd_rp2040.c.obj
 .text.hw_endpoint_stall
                0x0000000010005aec        0xc CMakeFiles/PicoMQTT.dir/home/piadmin/pico/pico-sdk/lib/tinyusb/src/portable/raspberrypi/rp2040/dcd_rp2040.c.obj
 .text._hw_endpoint_clear_stall
                0x0000000010005af8       0x34 CMakeFiles/PicoMQTT.dir/home/piadmin/pico/pico-sdk/lib/tinyusb/src/portable/raspberrypi/rp2040/dcd_rp2040.c.obj
 .text.hw_endpoint_clear_stall
                0x0000000010005b2c        0xc CMakeFiles/PicoMQTT.dir/home/piadmin/pico/pico-sdk/lib/tinyusb/src/portable/raspberrypi/rp2040/dcd_rp2040.c.obj
 .text.dcd_int_enable
                0x0000000010005b38       0x2c CMakeFiles/PicoMQTT.dir/home/piadmin/pico/pico-sdk/lib/tinyusb/src/portable/raspberrypi/rp2040/dcd_rp2040.c.obj
                0x0000000010005b38                dcd_int_enable
 .text.dcd_set_address
                0x0000000010005b64       0x28 CMakeFiles/PicoMQTT.dir/home/piadmin/pico/pico-sdk/lib/tinyusb/src/portable/raspberrypi/rp2040/dcd_rp2040.c.obj
                0x0000000010005b64                dcd_set_address
 .text.dcd_connect
                0x0000000010005b8c       0x30 CMakeFiles/PicoMQTT.dir/home/piadmin/pico/pico-sdk/lib/tinyusb/src/portable/raspberrypi/rp2040/dcd_rp2040.c.obj
                0x0000000010005b8c                dcd_connect
 .text.dcd_init
                0x0000000010005bbc       0x84 CMakeFiles/PicoMQTT.dir/home/piadmin/pico/pico-sdk/lib/tinyusb/src/portable/raspberrypi/rp2040/dcd_rp2040.c.obj
                0x0000000010005bbc                dcd_init
 .text.dcd_edpt0_status_complete
                0x0000000010005c40       0x40 CMakeFiles/PicoMQTT.dir/home/piadmin/pico/pico-sdk/lib/tinyusb/src/portable/raspberrypi/rp2040/dcd_rp2040.c.obj
                0x0000000010005c40                dcd_edpt0_status_complete
 .text.dcd_edpt_open
                0x0000000010005c80       0x40 CMakeFiles/PicoMQTT.dir/home/piadmin/pico/pico-sdk/lib/tinyusb/src/portable/raspberrypi/rp2040/dcd_rp2040.c.obj
                0x0000000010005c80                dcd_edpt_open
 .text.dcd_edpt_xfer
                0x0000000010005cc0       0x34 CMakeFiles/PicoMQTT.dir/home/piadmin/pico/pico-sdk/lib/tinyusb/src/portable/raspberrypi/rp2040/dcd_rp2040.c.obj
                0x0000000010005cc0                dcd_edpt_xfer
 .text.dcd_edpt_stall
                0x0000000010005cf4       0x28 CMakeFiles/PicoMQTT.dir/home/piadmin/pico/pico-sdk/lib/tinyusb/src/portable/raspberrypi/rp2040/dcd_rp2040.c.obj
                0x0000000010005cf4                dcd_edpt_stall
 .text.dcd_edpt_clear_stall
                0x0000000010005d1c       0x2c CMakeFiles/PicoMQTT.dir/home/piadmin/pico/pico-sdk/lib/tinyusb/src/portable/raspberrypi/rp2040/dcd_rp2040.c.obj
                0x0000000010005d1c                dcd_edpt_clear_stall
 .text.rp2040_usb_init
                0x0000000010005d48       0x50 CMakeFiles/PicoMQTT.dir/home/piadmin/pico/pico-sdk/lib/tinyusb/src/portable/raspberrypi/rp2040/rp2040_usb.c.obj
                0x0000000010005d48                rp2040_usb_init
 .text.hw_endpoint_reset_transfer
                0x0000000010005d98       0x10 CMakeFiles/PicoMQTT.dir/home/piadmin/pico/pico-sdk/lib/tinyusb/src/portable/raspberrypi/rp2040/rp2040_usb.c.obj
                0x0000000010005d98                hw_endpoint_reset_transfer
 .text._hw_endpoint_buffer_control_update32
                0x0000000010005da8       0x58 CMakeFiles/PicoMQTT.dir/home/piadmin/pico/pico-sdk/lib/tinyusb/src/portable/raspberrypi/rp2040/rp2040_usb.c.obj
                0x0000000010005da8                _hw_endpoint_buffer_control_update32
 .text._hw_endpoint_start_next_buffer
                0x0000000010005e00       0x50 CMakeFiles/PicoMQTT.dir/home/piadmin/pico/pico-sdk/lib/tinyusb/src/portable/raspberrypi/rp2040/rp2040_usb.c.obj
                0x0000000010005e00                _hw_endpoint_start_next_buffer
 .text._hw_endpoint_xfer_start
                0x0000000010005e50       0x3e CMakeFiles/PicoMQTT.dir/home/piadmin/pico/pico-sdk/lib/tinyusb/src/portable/raspberrypi/rp2040/rp2040_usb.c.obj
                0x0000000010005e50                _hw_endpoint_xfer_start
 *fill*         0x0000000010005e8e        0x2 
 .text._hw_endpoint_xfer_sync
                0x0000000010005e90       0x74 CMakeFiles/PicoMQTT.dir/home/piadmin/pico/pico-sdk/lib/tinyusb/src/portable/raspberrypi/rp2040/rp2040_usb.c.obj
                0x0000000010005e90                _hw_endpoint_xfer_sync
 .text._hw_endpoint_xfer_continue
                0x0000000010005f04       0x60 CMakeFiles/PicoMQTT.dir/home/piadmin/pico/pico-sdk/lib/tinyusb/src/portable/raspberrypi/rp2040/rp2040_usb.c.obj
                0x0000000010005f04                _hw_endpoint_xfer_continue
 .text._hw_endpoint_xfer
                0x0000000010005f64       0x34 CMakeFiles/PicoMQTT.dir/home/piadmin/pico/pico-sdk/lib/tinyusb/src/portable/raspberrypi/rp2040/rp2040_usb.c.obj
                0x0000000010005f64                _hw_endpoint_xfer
 .text.mark_interface_endpoint
                0x0000000010005f98       0x2a CMakeFiles/PicoMQTT.dir/home/piadmin/pico/pico-sdk/lib/tinyusb/src/device/usbd.c.obj
 *fill*         0x0000000010005fc2        0x2 
 .text.usbd_reset
                0x0000000010005fc4       0x88 CMakeFiles/PicoMQTT.dir/home/piadmin/pico/pico-sdk/lib/tinyusb/src/device/usbd.c.obj
 .text.invoke_class_control
                0x000000001000604c       0x1a CMakeFiles/PicoMQTT.dir/home/piadmin/pico/pico-sdk/lib/tinyusb/src/device/usbd.c.obj
 *fill*         0x0000000010006066        0x2 
 .text.process_set_config
                0x0000000010006068      0x1d0 CMakeFiles/PicoMQTT.dir/home/piadmin/pico/pico-sdk/lib/tinyusb/src/device/usbd.c.obj
 .text.process_get_descriptor
                0x0000000010006238       0xf8 CMakeFiles/PicoMQTT.dir/home/piadmin/pico/pico-sdk/lib/tinyusb/src/device/usbd.c.obj
 .text.tud_mounted
                0x0000000010006330       0x10 CMakeFiles/PicoMQTT.dir/home/piadmin/pico/pico-sdk/lib/tinyusb/src/device/usbd.c.obj
                0x0000000010006330                tud_mounted
 .text.tud_suspended
                0x0000000010006340       0x10 CMakeFiles/PicoMQTT.dir/home/piadmin/pico/pico-sdk/lib/tinyusb/src/device/usbd.c.obj
                0x0000000010006340                tud_suspended
 .text.tud_inited
                0x0000000010006350        0xc CMakeFiles/PicoMQTT.dir/home/piadmin/pico/pico-sdk/lib/tinyusb/src/device/usbd.c.obj
                0x0000000010006350                tud_inited
 .text.tud_init
                0x000000001000635c       0xcc CMakeFiles/PicoMQTT.dir/home/piadmin/pico/pico-sdk/lib/tinyusb/src/device/usbd.c.obj
                0x000000001000635c                tud_init
 .text.dcd_event_handler
                0x0000000010006428      0x174 CMakeFiles/PicoMQTT.dir/home/piadmin/pico/pico-sdk/lib/tinyusb/src/device/usbd.c.obj
                0x0000000010006428                dcd_event_handler
 .text.dcd_event_bus_signal
                0x000000001000659c       0x26 CMakeFiles/PicoMQTT.dir/home/piadmin/pico/pico-sdk/lib/tinyusb/src/device/usbd.c.obj
                0x000000001000659c                dcd_event_bus_signal
 .text.dcd_event_bus_reset
                0x00000000100065c2       0x2a CMakeFiles/PicoMQTT.dir/home/piadmin/pico/pico-sdk/lib/tinyusb/src/device/usbd.c.obj
                0x00000000100065c2                dcd_event_bus_reset
 .text.dcd_event_setup_received
                0x00000000100065ec       0x34 CMakeFiles/PicoMQTT.dir/home/piadmin/pico/pico-sdk/lib/tinyusb/src/device/usbd.c.obj
                0x00000000100065ec                dcd_event_setup_received
 .text.dcd_event_xfer_complete
                0x0000000010006620       0x44 CMakeFiles/PicoMQTT.dir/home/piadmin/pico/pico-sdk/lib/tinyusb/src/device/usbd.c.obj
                0x0000000010006620                dcd_event_xfer_complete
 .text.usbd_edpt_open
                0x0000000010006664       0xe0 CMakeFiles/PicoMQTT.dir/home/piadmin/pico/pico-sdk/lib/tinyusb/src/device/usbd.c.obj
                0x0000000010006664                usbd_edpt_open
 .text.usbd_open_edpt_pair
                0x0000000010006744       0x8c CMakeFiles/PicoMQTT.dir/home/piadmin/pico/pico-sdk/lib/tinyusb/src/device/usbd.c.obj
                0x0000000010006744                usbd_open_edpt_pair
 .text.usbd_edpt_claim
                0x00000000100067d0       0x8c CMakeFiles/PicoMQTT.dir/home/piadmin/pico/pico-sdk/lib/tinyusb/src/device/usbd.c.obj
                0x00000000100067d0                usbd_edpt_claim
 .text.usbd_edpt_release
                0x000000001000685c       0x68 CMakeFiles/PicoMQTT.dir/home/piadmin/pico/pico-sdk/lib/tinyusb/src/device/usbd.c.obj
                0x000000001000685c                usbd_edpt_release
 .text.usbd_edpt_xfer
                0x00000000100068c4       0x80 CMakeFiles/PicoMQTT.dir/home/piadmin/pico/pico-sdk/lib/tinyusb/src/device/usbd.c.obj
                0x00000000100068c4                usbd_edpt_xfer
 .text.usbd_edpt_stall
                0x0000000010006944       0x2c CMakeFiles/PicoMQTT.dir/home/piadmin/pico/pico-sdk/lib/tinyusb/src/device/usbd.c.obj
                0x0000000010006944                usbd_edpt_stall
 .text.usbd_edpt_clear_stall
                0x0000000010006970       0x2c CMakeFiles/PicoMQTT.dir/home/piadmin/pico/pico-sdk/lib/tinyusb/src/device/usbd.c.obj
                0x0000000010006970                usbd_edpt_clear_stall
 .text.usbd_edpt_stalled
                0x000000001000699c       0x1c CMakeFiles/PicoMQTT.dir/home/piadmin/pico/pico-sdk/lib/tinyusb/src/device/usbd.c.obj
                0x000000001000699c                usbd_edpt_stalled
 .text.process_control_request
                0x00000000100069b8      0x380 CMakeFiles/PicoMQTT.dir/home/piadmin/pico/pico-sdk/lib/tinyusb/src/device/usbd.c.obj
 .text.tud_task
                0x0000000010006d38      0x204 CMakeFiles/PicoMQTT.dir/home/piadmin/pico/pico-sdk/lib/tinyusb/src/device/usbd.c.obj
                0x0000000010006d38                tud_task
 .text._data_stage_xact
                0x0000000010006f3c       0x58 CMakeFiles/PicoMQTT.dir/home/piadmin/pico/pico-sdk/lib/tinyusb/src/device/usbd_control.c.obj
 .text.tud_control_status
                0x0000000010006f94       0x38 CMakeFiles/PicoMQTT.dir/home/piadmin/pico/pico-sdk/lib/tinyusb/src/device/usbd_control.c.obj
                0x0000000010006f94                tud_control_status
 .text.tud_control_xfer
                0x0000000010006fcc       0xa8 CMakeFiles/PicoMQTT.dir/home/piadmin/pico/pico-sdk/lib/tinyusb/src/device/usbd_control.c.obj
                0x0000000010006fcc                tud_control_xfer
 .text.usbd_control_reset
                0x0000000010007074       0x14 CMakeFiles/PicoMQTT.dir/home/piadmin/pico/pico-sdk/lib/tinyusb/src/device/usbd_control.c.obj
                0x0000000010007074                usbd_control_reset
 .text.usbd_control_set_complete_callback
                0x0000000010007088        0xc CMakeFiles/PicoMQTT.dir/home/piadmin/pico/pico-sdk/lib/tinyusb/src/device/usbd_control.c.obj
                0x0000000010007088                usbd_control_set_complete_callback
 .text.usbd_control_set_request
                0x0000000010007094       0x1c CMakeFiles/PicoMQTT.dir/home/piadmin/pico/pico-sdk/lib/tinyusb/src/device/usbd_control.c.obj
                0x0000000010007094                usbd_control_set_request
 .text.usbd_control_xfer_cb
                0x00000000100070b0       0xfc CMakeFiles/PicoMQTT.dir/home/piadmin/pico/pico-sdk/lib/tinyusb/src/device/usbd_control.c.obj
                0x00000000100070b0                usbd_control_xfer_cb
 .text._prep_out_transaction
                0x00000000100071ac       0x46 CMakeFiles/PicoMQTT.dir/home/piadmin/pico/pico-sdk/lib/tinyusb/src/class/cdc/cdc_device.c.obj
 *fill*         0x00000000100071f2        0x2 
 .text.tud_cdc_n_connected
                0x00000000100071f4       0x44 CMakeFiles/PicoMQTT.dir/home/piadmin/pico/pico-sdk/lib/tinyusb/src/class/cdc/cdc_device.c.obj
                0x00000000100071f4                tud_cdc_n_connected
 .text.tud_cdc_n_available
                0x0000000010007238       0x18 CMakeFiles/PicoMQTT.dir/home/piadmin/pico/pico-sdk/lib/tinyusb/src/class/cdc/cdc_device.c.obj
                0x0000000010007238                tud_cdc_n_available
 .text.tud_cdc_n_read
                0x0000000010007250       0x28 CMakeFiles/PicoMQTT.dir/home/piadmin/pico/pico-sdk/lib/tinyusb/src/class/cdc/cdc_device.c.obj
                0x0000000010007250                tud_cdc_n_read
 .text.tud_cdc_n_write_flush
                0x0000000010007278       0xcc CMakeFiles/PicoMQTT.dir/home/piadmin/pico/pico-sdk/lib/tinyusb/src/class/cdc/cdc_device.c.obj
                0x0000000010007278                tud_cdc_n_write_flush
 .text.tud_cdc_n_write
                0x0000000010007344       0x38 CMakeFiles/PicoMQTT.dir/home/piadmin/pico/pico-sdk/lib/tinyusb/src/class/cdc/cdc_device.c.obj
                0x0000000010007344                tud_cdc_n_write
 .text.tud_cdc_n_write_available
                0x000000001000737c       0x1c CMakeFiles/PicoMQTT.dir/home/piadmin/pico/pico-sdk/lib/tinyusb/src/class/cdc/cdc_device.c.obj
                0x000000001000737c                tud_cdc_n_write_available
 .text.cdcd_init
                0x0000000010007398       0xbc CMakeFiles/PicoMQTT.dir/home/piadmin/pico/pico-sdk/lib/tinyusb/src/class/cdc/cdc_device.c.obj
                0x0000000010007398                cdcd_init
 .text.cdcd_reset
                0x0000000010007454       0x44 CMakeFiles/PicoMQTT.dir/home/piadmin/pico/pico-sdk/lib/tinyusb/src/class/cdc/cdc_device.c.obj
                0x0000000010007454                cdcd_reset
 .text.cdcd_open
                0x0000000010007498      0x10c CMakeFiles/PicoMQTT.dir/home/piadmin/pico/pico-sdk/lib/tinyusb/src/class/cdc/cdc_device.c.obj
                0x0000000010007498                cdcd_open
 .text.cdcd_control_xfer_cb
                0x00000000100075a4      0x134 CMakeFiles/PicoMQTT.dir/home/piadmin/pico/pico-sdk/lib/tinyusb/src/class/cdc/cdc_device.c.obj
                0x00000000100075a4                cdcd_control_xfer_cb
 .text.cdcd_xfer_cb
                0x00000000100076d8      0x144 CMakeFiles/PicoMQTT.dir/home/piadmin/pico/pico-sdk/lib/tinyusb/src/class/cdc/cdc_device.c.obj
                0x00000000100076d8                cdcd_xfer_cb
 .text.tusb_init
                0x000000001000781c       0x24 CMakeFiles/PicoMQTT.dir/home/piadmin/pico/pico-sdk/lib/tinyusb/src/tusb.c.obj
                0x000000001000781c                tusb_init
 .text.tusb_inited
                0x0000000010007840        0xe CMakeFiles/PicoMQTT.dir/home/piadmin/pico/pico-sdk/lib/tinyusb/src/tusb.c.obj
                0x0000000010007840                tusb_inited
 .text.advance_pointer
                0x000000001000784e       0x1e CMakeFiles/PicoMQTT.dir/home/piadmin/pico/pico-sdk/lib/tinyusb/src/common/tusb_fifo.c.obj
 .text.backward_pointer
                0x000000001000786c       0x1a CMakeFiles/PicoMQTT.dir/home/piadmin/pico/pico-sdk/lib/tinyusb/src/common/tusb_fifo.c.obj
 .text.get_relative_pointer
                0x0000000010007886       0x10 CMakeFiles/PicoMQTT.dir/home/piadmin/pico/pico-sdk/lib/tinyusb/src/common/tusb_fifo.c.obj
 .text._tu_fifo_peek
                0x0000000010007896       0x50 CMakeFiles/PicoMQTT.dir/home/piadmin/pico/pico-sdk/lib/tinyusb/src/common/tusb_fifo.c.obj
 .text._ff_pull_const_addr
                0x00000000100078e6       0x4c CMakeFiles/PicoMQTT.dir/home/piadmin/pico/pico-sdk/lib/tinyusb/src/common/tusb_fifo.c.obj
 .text._ff_pull_n
                0x0000000010007932      0x10c CMakeFiles/PicoMQTT.dir/home/piadmin/pico/pico-sdk/lib/tinyusb/src/common/tusb_fifo.c.obj
 .text._tu_fifo_peek_n
                0x0000000010007a3e       0x5e CMakeFiles/PicoMQTT.dir/home/piadmin/pico/pico-sdk/lib/tinyusb/src/common/tusb_fifo.c.obj
 .text._tu_fifo_read_n
                0x0000000010007a9c       0x4e CMakeFiles/PicoMQTT.dir/home/piadmin/pico/pico-sdk/lib/tinyusb/src/common/tusb_fifo.c.obj
 .text._ff_push_const_addr
                0x0000000010007aea       0x40 CMakeFiles/PicoMQTT.dir/home/piadmin/pico/pico-sdk/lib/tinyusb/src/common/tusb_fifo.c.obj
 .text._ff_push_n
                0x0000000010007b2a      0x106 CMakeFiles/PicoMQTT.dir/home/piadmin/pico/pico-sdk/lib/tinyusb/src/common/tusb_fifo.c.obj
 .text._tu_fifo_write_n
                0x0000000010007c30       0x9e CMakeFiles/PicoMQTT.dir/home/piadmin/pico/pico-sdk/lib/tinyusb/src/common/tusb_fifo.c.obj
 .text.tu_fifo_config
                0x0000000010007cce       0x72 CMakeFiles/PicoMQTT.dir/home/piadmin/pico/pico-sdk/lib/tinyusb/src/common/tusb_fifo.c.obj
                0x0000000010007cce                tu_fifo_config
 .text.tu_fifo_count
                0x0000000010007d40       0x26 CMakeFiles/PicoMQTT.dir/home/piadmin/pico/pico-sdk/lib/tinyusb/src/common/tusb_fifo.c.obj
                0x0000000010007d40                tu_fifo_count
 .text.tu_fifo_empty
                0x0000000010007d66        0xe CMakeFiles/PicoMQTT.dir/home/piadmin/pico/pico-sdk/lib/tinyusb/src/common/tusb_fifo.c.obj
                0x0000000010007d66                tu_fifo_empty
 .text.tu_fifo_remaining
                0x0000000010007d74       0x20 CMakeFiles/PicoMQTT.dir/home/piadmin/pico/pico-sdk/lib/tinyusb/src/common/tusb_fifo.c.obj
                0x0000000010007d74                tu_fifo_remaining
 .text.tu_fifo_read
                0x0000000010007d94       0x42 CMakeFiles/PicoMQTT.dir/home/piadmin/pico/pico-sdk/lib/tinyusb/src/common/tusb_fifo.c.obj
                0x0000000010007d94                tu_fifo_read
 .text.tu_fifo_read_n
                0x0000000010007dd6        0xa CMakeFiles/PicoMQTT.dir/home/piadmin/pico/pico-sdk/lib/tinyusb/src/common/tusb_fifo.c.obj
                0x0000000010007dd6                tu_fifo_read_n
 .text.tu_fifo_write
                0x0000000010007de0       0x6c CMakeFiles/PicoMQTT.dir/home/piadmin/pico/pico-sdk/lib/tinyusb/src/common/tusb_fifo.c.obj
                0x0000000010007de0                tu_fifo_write
 .text.tu_fifo_write_n
                0x0000000010007e4c        0xa CMakeFiles/PicoMQTT.dir/home/piadmin/pico/pico-sdk/lib/tinyusb/src/common/tusb_fifo.c.obj
                0x0000000010007e4c                tu_fifo_write_n
 .text.tu_fifo_clear
                0x0000000010007e56       0x4c CMakeFiles/PicoMQTT.dir/home/piadmin/pico/pico-sdk/lib/tinyusb/src/common/tusb_fifo.c.obj
                0x0000000010007e56                tu_fifo_clear
 .text.tu_fifo_set_overwritable
                0x0000000010007ea2       0x3c CMakeFiles/PicoMQTT.dir/home/piadmin/pico/pico-sdk/lib/tinyusb/src/common/tusb_fifo.c.obj
                0x0000000010007ea2                tu_fifo_set_overwritable
 *fill*         0x0000000010007ede        0x2 
 .text._retrieve_unique_id_on_boot
                0x0000000010007ee0       0x10 CMakeFiles/PicoMQTT.dir/home/piadmin/pico/pico-sdk/src/rp2_common/pico_unique_id/unique_id.c.obj
 .text.pico_get_unique_board_id_string
                0x0000000010007ef0       0x60 CMakeFiles/PicoMQTT.dir/home/piadmin/pico/pico-sdk/src/rp2_common/pico_unique_id/unique_id.c.obj
                0x0000000010007ef0                pico_get_unique_board_id_string
 .text.flash_get_unique_id
                0x0000000010007f50       0x46 CMakeFiles/PicoMQTT.dir/home/piadmin/pico/pico-sdk/src/rp2_common/hardware_flash/flash.c.obj
                0x0000000010007f50                flash_get_unique_id
 .text.vListInitialise
                0x0000000010007f96       0x16 CMakeFiles/PicoMQTT.dir/__/lib/FreeRTOS-Kernel/list.c.obj
                0x0000000010007f96                vListInitialise
 .text.vListInitialiseItem
                0x0000000010007fac        0x6 CMakeFiles/PicoMQTT.dir/__/lib/FreeRTOS-Kernel/list.c.obj
                0x0000000010007fac                vListInitialiseItem
 .text.vListInsertEnd
                0x0000000010007fb2       0x16 CMakeFiles/PicoMQTT.dir/__/lib/FreeRTOS-Kernel/list.c.obj
                0x0000000010007fb2                vListInsertEnd
 .text.vListInsert
                0x0000000010007fc8       0x2e CMakeFiles/PicoMQTT.dir/__/lib/FreeRTOS-Kernel/list.c.obj
                0x0000000010007fc8                vListInsert
 .text.uxListRemove
                0x0000000010007ff6       0x26 CMakeFiles/PicoMQTT.dir/__/lib/FreeRTOS-Kernel/list.c.obj
                0x0000000010007ff6                uxListRemove
 .text.prvGetDisinheritPriorityAfterTimeout
                0x000000001000801c       0x12 CMakeFiles/PicoMQTT.dir/__/lib/FreeRTOS-Kernel/queue.c.obj
 .text.prvIsQueueFull
                0x000000001000802e       0x1e CMakeFiles/PicoMQTT.dir/__/lib/FreeRTOS-Kernel/queue.c.obj
 .text.prvIsQueueEmpty
                0x000000001000804c       0x1c CMakeFiles/PicoMQTT.dir/__/lib/FreeRTOS-Kernel/queue.c.obj
 .text.prvCopyDataToQueue
                0x0000000010008068       0x82 CMakeFiles/PicoMQTT.dir/__/lib/FreeRTOS-Kernel/queue.c.obj
 .text.prvCopyDataFromQueue
                0x00000000100080ea       0x24 CMakeFiles/PicoMQTT.dir/__/lib/FreeRTOS-Kernel/queue.c.obj
 .text.prvUnlockQueue
                0x000000001000810e       0x72 CMakeFiles/PicoMQTT.dir/__/lib/FreeRTOS-Kernel/queue.c.obj
 .text.xQueueGenericReset
                0x0000000010008180       0xb8 CMakeFiles/PicoMQTT.dir/__/lib/FreeRTOS-Kernel/queue.c.obj
                0x0000000010008180                xQueueGenericReset
 .text.prvInitialiseNewQueue
                0x0000000010008238       0x1c CMakeFiles/PicoMQTT.dir/__/lib/FreeRTOS-Kernel/queue.c.obj
 .text.xQueueGenericCreateStatic
                0x0000000010008254       0x44 CMakeFiles/PicoMQTT.dir/__/lib/FreeRTOS-Kernel/queue.c.obj
                0x0000000010008254                xQueueGenericCreateStatic
 .text.xQueueGenericCreate
                0x0000000010008298       0x84 CMakeFiles/PicoMQTT.dir/__/lib/FreeRTOS-Kernel/queue.c.obj
                0x0000000010008298                xQueueGenericCreate
 .text.xQueueGenericSend
                0x000000001000831c       0xf2 CMakeFiles/PicoMQTT.dir/__/lib/FreeRTOS-Kernel/queue.c.obj
                0x000000001000831c                xQueueGenericSend
 .text.prvInitialiseMutex
                0x000000001000840e       0x18 CMakeFiles/PicoMQTT.dir/__/lib/FreeRTOS-Kernel/queue.c.obj
 .text.xQueueCreateMutex
                0x0000000010008426       0x16 CMakeFiles/PicoMQTT.dir/__/lib/FreeRTOS-Kernel/queue.c.obj
                0x0000000010008426                xQueueCreateMutex
 .text.xQueueGiveMutexRecursive
                0x000000001000843c       0x2e CMakeFiles/PicoMQTT.dir/__/lib/FreeRTOS-Kernel/queue.c.obj
                0x000000001000843c                xQueueGiveMutexRecursive
 .text.xQueueGenericSendFromISR
                0x000000001000846a       0x7a CMakeFiles/PicoMQTT.dir/__/lib/FreeRTOS-Kernel/queue.c.obj
                0x000000001000846a                xQueueGenericSendFromISR
 .text.xQueueReceive
                0x00000000100084e4       0xee CMakeFiles/PicoMQTT.dir/__/lib/FreeRTOS-Kernel/queue.c.obj
                0x00000000100084e4                xQueueReceive
 .text.xQueueSemaphoreTake
                0x00000000100085d2      0x128 CMakeFiles/PicoMQTT.dir/__/lib/FreeRTOS-Kernel/queue.c.obj
                0x00000000100085d2                xQueueSemaphoreTake
 .text.xQueueTakeMutexRecursive
                0x00000000100086fa       0x2e CMakeFiles/PicoMQTT.dir/__/lib/FreeRTOS-Kernel/queue.c.obj
                0x00000000100086fa                xQueueTakeMutexRecursive
 .text.uxQueueMessagesWaiting
                0x0000000010008728       0x12 CMakeFiles/PicoMQTT.dir/__/lib/FreeRTOS-Kernel/queue.c.obj
                0x0000000010008728                uxQueueMessagesWaiting
 *fill*         0x000000001000873a        0x2 
 .text.vQueueAddToRegistry
                0x000000001000873c       0x44 CMakeFiles/PicoMQTT.dir/__/lib/FreeRTOS-Kernel/queue.c.obj
                0x000000001000873c                vQueueAddToRegistry
 .text.vQueueUnregisterQueue
                0x0000000010008780       0x28 CMakeFiles/PicoMQTT.dir/__/lib/FreeRTOS-Kernel/queue.c.obj
                0x0000000010008780                vQueueUnregisterQueue
 .text.vQueueDelete
                0x00000000100087a8       0x1a CMakeFiles/PicoMQTT.dir/__/lib/FreeRTOS-Kernel/queue.c.obj
                0x00000000100087a8                vQueueDelete
 .text.vQueueWaitForMessageRestricted
                0x00000000100087c2       0x50 CMakeFiles/PicoMQTT.dir/__/lib/FreeRTOS-Kernel/queue.c.obj
                0x00000000100087c2                vQueueWaitForMessageRestricted
 .text.prvBytesInBuffer
                0x0000000010008812       0x12 CMakeFiles/PicoMQTT.dir/__/lib/FreeRTOS-Kernel/stream_buffer.c.obj
 .text.prvInitialiseNewStreamBuffer
                0x0000000010008824       0x2c CMakeFiles/PicoMQTT.dir/__/lib/FreeRTOS-Kernel/stream_buffer.c.obj
 .text.prvWriteBytesToBuffer
                0x0000000010008850       0x46 CMakeFiles/PicoMQTT.dir/__/lib/FreeRTOS-Kernel/stream_buffer.c.obj
 .text.prvWriteMessageToBuffer
                0x0000000010008896       0x4c CMakeFiles/PicoMQTT.dir/__/lib/FreeRTOS-Kernel/stream_buffer.c.obj
 .text.prvReadBytesFromBuffer
                0x00000000100088e2       0x46 CMakeFiles/PicoMQTT.dir/__/lib/FreeRTOS-Kernel/stream_buffer.c.obj
 .text.prvReadMessageFromBuffer
                0x0000000010008928       0x4c CMakeFiles/PicoMQTT.dir/__/lib/FreeRTOS-Kernel/stream_buffer.c.obj
 .text.xStreamBufferGenericCreate
                0x0000000010008974       0x40 CMakeFiles/PicoMQTT.dir/__/lib/FreeRTOS-Kernel/stream_buffer.c.obj
                0x0000000010008974                xStreamBufferGenericCreate
 .text.vStreamBufferDelete
                0x00000000100089b4       0x18 CMakeFiles/PicoMQTT.dir/__/lib/FreeRTOS-Kernel/stream_buffer.c.obj
                0x00000000100089b4                vStreamBufferDelete
 .text.xStreamBufferSpacesAvailable
                0x00000000100089cc       0x1e CMakeFiles/PicoMQTT.dir/__/lib/FreeRTOS-Kernel/stream_buffer.c.obj
                0x00000000100089cc                xStreamBufferSpacesAvailable
 .text.xStreamBufferSend
                0x00000000100089ea       0xda CMakeFiles/PicoMQTT.dir/__/lib/FreeRTOS-Kernel/stream_buffer.c.obj
                0x00000000100089ea                xStreamBufferSend
 .text.xStreamBufferReceive
                0x0000000010008ac4       0xa6 CMakeFiles/PicoMQTT.dir/__/lib/FreeRTOS-Kernel/stream_buffer.c.obj
                0x0000000010008ac4                xStreamBufferReceive
 .text.xStreamBufferIsEmpty
                0x0000000010008b6a       0x10 CMakeFiles/PicoMQTT.dir/__/lib/FreeRTOS-Kernel/stream_buffer.c.obj
                0x0000000010008b6a                xStreamBufferIsEmpty
 *fill*         0x0000000010008b7a        0x2 
 .text.prvResetNextTaskUnblockTime
                0x0000000010008b7c       0x2c CMakeFiles/PicoMQTT.dir/__/lib/FreeRTOS-Kernel/tasks.c.obj
 .text.prvInitialiseNewTask
                0x0000000010008ba8       0x94 CMakeFiles/PicoMQTT.dir/__/lib/FreeRTOS-Kernel/tasks.c.obj
 .text.prvInitialiseTaskLists
                0x0000000010008c3c       0x68 CMakeFiles/PicoMQTT.dir/__/lib/FreeRTOS-Kernel/tasks.c.obj
 .text.prvAddNewTaskToReadyList
                0x0000000010008ca4       0xc4 CMakeFiles/PicoMQTT.dir/__/lib/FreeRTOS-Kernel/tasks.c.obj
 .text.prvDeleteTCB
                0x0000000010008d68       0x26 CMakeFiles/PicoMQTT.dir/__/lib/FreeRTOS-Kernel/tasks.c.obj
 *fill*         0x0000000010008d8e        0x2 
 .text.prvCheckTasksWaitingTermination
                0x0000000010008d90       0x44 CMakeFiles/PicoMQTT.dir/__/lib/FreeRTOS-Kernel/tasks.c.obj
 .text.prvIdleTask
                0x0000000010008dd4       0x18 CMakeFiles/PicoMQTT.dir/__/lib/FreeRTOS-Kernel/tasks.c.obj
 .text.prvAddCurrentTaskToDelayedList
                0x0000000010008dec       0x94 CMakeFiles/PicoMQTT.dir/__/lib/FreeRTOS-Kernel/tasks.c.obj
 .text.xTaskCreateStatic
                0x0000000010008e80       0x58 CMakeFiles/PicoMQTT.dir/__/lib/FreeRTOS-Kernel/tasks.c.obj
                0x0000000010008e80                xTaskCreateStatic
 .text.xTaskCreate
                0x0000000010008ed8       0x6c CMakeFiles/PicoMQTT.dir/__/lib/FreeRTOS-Kernel/tasks.c.obj
                0x0000000010008ed8                xTaskCreate
 .text.vTaskDelete
                0x0000000010008f44       0x98 CMakeFiles/PicoMQTT.dir/__/lib/FreeRTOS-Kernel/tasks.c.obj
                0x0000000010008f44                vTaskDelete
 .text.vTaskStartScheduler
                0x0000000010008fdc       0x78 CMakeFiles/PicoMQTT.dir/__/lib/FreeRTOS-Kernel/tasks.c.obj
                0x0000000010008fdc                vTaskStartScheduler
 .text.vTaskSuspendAll
                0x0000000010009054       0x10 CMakeFiles/PicoMQTT.dir/__/lib/FreeRTOS-Kernel/tasks.c.obj
                0x0000000010009054                vTaskSuspendAll
 .text.xTaskGetTickCount
                0x0000000010009064        0xc CMakeFiles/PicoMQTT.dir/__/lib/FreeRTOS-Kernel/tasks.c.obj
                0x0000000010009064                xTaskGetTickCount
 .text.xTaskIncrementTick
                0x0000000010009070      0x144 CMakeFiles/PicoMQTT.dir/__/lib/FreeRTOS-Kernel/tasks.c.obj
                0x0000000010009070                xTaskIncrementTick
 .text.xTaskResumeAll
                0x00000000100091b4      0x134 CMakeFiles/PicoMQTT.dir/__/lib/FreeRTOS-Kernel/tasks.c.obj
                0x00000000100091b4                xTaskResumeAll
 .text.vTaskDelay
                0x00000000100092e8       0x20 CMakeFiles/PicoMQTT.dir/__/lib/FreeRTOS-Kernel/tasks.c.obj
                0x00000000100092e8                vTaskDelay
 .text.vTaskSwitchContext
                0x0000000010009308       0x84 CMakeFiles/PicoMQTT.dir/__/lib/FreeRTOS-Kernel/tasks.c.obj
                0x0000000010009308                vTaskSwitchContext
 .text.vTaskPlaceOnEventList
                0x000000001000938c       0x1c CMakeFiles/PicoMQTT.dir/__/lib/FreeRTOS-Kernel/tasks.c.obj
                0x000000001000938c                vTaskPlaceOnEventList
 .text.vTaskPlaceOnEventListRestricted
                0x00000000100093a8       0x40 CMakeFiles/PicoMQTT.dir/__/lib/FreeRTOS-Kernel/tasks.c.obj
                0x00000000100093a8                vTaskPlaceOnEventListRestricted
 .text.xTaskRemoveFromEventList
                0x00000000100093e8       0xe0 CMakeFiles/PicoMQTT.dir/__/lib/FreeRTOS-Kernel/tasks.c.obj
                0x00000000100093e8                xTaskRemoveFromEventList
 .text.vTaskSetTimeOutState
                0x00000000100094c8       0x24 CMakeFiles/PicoMQTT.dir/__/lib/FreeRTOS-Kernel/tasks.c.obj
                0x00000000100094c8                vTaskSetTimeOutState
 .text.vTaskInternalSetTimeOutState
                0x00000000100094ec       0x18 CMakeFiles/PicoMQTT.dir/__/lib/FreeRTOS-Kernel/tasks.c.obj
                0x00000000100094ec                vTaskInternalSetTimeOutState
 .text.xTaskCheckForTimeOut
                0x0000000010009504       0x5c CMakeFiles/PicoMQTT.dir/__/lib/FreeRTOS-Kernel/tasks.c.obj
                0x0000000010009504                xTaskCheckForTimeOut
 .text.vTaskMissedYield
                0x0000000010009560        0xc CMakeFiles/PicoMQTT.dir/__/lib/FreeRTOS-Kernel/tasks.c.obj
                0x0000000010009560                vTaskMissedYield
 .text.xTaskGetCurrentTaskHandle
                0x000000001000956c        0xc CMakeFiles/PicoMQTT.dir/__/lib/FreeRTOS-Kernel/tasks.c.obj
                0x000000001000956c                xTaskGetCurrentTaskHandle
 .text.xTaskPriorityInherit
                0x0000000010009578       0xb4 CMakeFiles/PicoMQTT.dir/__/lib/FreeRTOS-Kernel/tasks.c.obj
                0x0000000010009578                xTaskPriorityInherit
 .text.xTaskPriorityDisinherit
                0x000000001000962c       0x80 CMakeFiles/PicoMQTT.dir/__/lib/FreeRTOS-Kernel/tasks.c.obj
                0x000000001000962c                xTaskPriorityDisinherit
 .text.vTaskPriorityDisinheritAfterTimeout
                0x00000000100096ac       0x8c CMakeFiles/PicoMQTT.dir/__/lib/FreeRTOS-Kernel/tasks.c.obj
                0x00000000100096ac                vTaskPriorityDisinheritAfterTimeout
 .text.pvTaskIncrementMutexHeldCount
                0x0000000010009738       0x1c CMakeFiles/PicoMQTT.dir/__/lib/FreeRTOS-Kernel/tasks.c.obj
                0x0000000010009738                pvTaskIncrementMutexHeldCount
 .text.xTaskGenericNotifyWait
                0x0000000010009754       0xa0 CMakeFiles/PicoMQTT.dir/__/lib/FreeRTOS-Kernel/tasks.c.obj
                0x0000000010009754                xTaskGenericNotifyWait
 .text.xTaskGenericNotify
                0x00000000100097f4      0x10c CMakeFiles/PicoMQTT.dir/__/lib/FreeRTOS-Kernel/tasks.c.obj
                0x00000000100097f4                xTaskGenericNotify
 .text.xTaskGenericNotifyStateClear
                0x0000000010009900       0x38 CMakeFiles/PicoMQTT.dir/__/lib/FreeRTOS-Kernel/tasks.c.obj
                0x0000000010009900                xTaskGenericNotifyStateClear
 .text.prvGetNextExpireTime
                0x0000000010009938       0x24 CMakeFiles/PicoMQTT.dir/__/lib/FreeRTOS-Kernel/timers.c.obj
 .text.prvInsertTimerInActiveList
                0x000000001000995c       0x48 CMakeFiles/PicoMQTT.dir/__/lib/FreeRTOS-Kernel/timers.c.obj
 .text.prvReloadTimer
                0x00000000100099a4       0x2a CMakeFiles/PicoMQTT.dir/__/lib/FreeRTOS-Kernel/timers.c.obj
 *fill*         0x00000000100099ce        0x2 
 .text.prvProcessExpiredTimer
                0x00000000100099d0       0x3c CMakeFiles/PicoMQTT.dir/__/lib/FreeRTOS-Kernel/timers.c.obj
 .text.prvSwitchTimerLists
                0x0000000010009a0c       0x30 CMakeFiles/PicoMQTT.dir/__/lib/FreeRTOS-Kernel/timers.c.obj
 .text.prvSampleTimeNow
                0x0000000010009a3c       0x2c CMakeFiles/PicoMQTT.dir/__/lib/FreeRTOS-Kernel/timers.c.obj
 .text.prvProcessTimerOrBlockTask
                0x0000000010009a68       0x70 CMakeFiles/PicoMQTT.dir/__/lib/FreeRTOS-Kernel/timers.c.obj
 .text.prvProcessReceivedCommands
                0x0000000010009ad8       0xdc CMakeFiles/PicoMQTT.dir/__/lib/FreeRTOS-Kernel/timers.c.obj
 .text.prvTimerTask
                0x0000000010009bb4       0x16 CMakeFiles/PicoMQTT.dir/__/lib/FreeRTOS-Kernel/timers.c.obj
 *fill*         0x0000000010009bca        0x2 
 .text.prvCheckForValidListAndQueue
                0x0000000010009bcc       0x70 CMakeFiles/PicoMQTT.dir/__/lib/FreeRTOS-Kernel/timers.c.obj
 .text.xTimerCreateTimerTask
                0x0000000010009c3c       0x5c CMakeFiles/PicoMQTT.dir/__/lib/FreeRTOS-Kernel/timers.c.obj
                0x0000000010009c3c                xTimerCreateTimerTask
 .text.prvTaskExitError
                0x0000000010009c98       0x12 CMakeFiles/PicoMQTT.dir/__/lib/FreeRTOS-Kernel/portable/GCC/ARM_CM0/port.c.obj
 *fill*         0x0000000010009caa        0x6 
 .text.vPortStartFirstTask